172.24.106.218 3078 40 [31/Jan/2012:16:08:09 +0800] "GET http://item.tmall.com/item.htm?id=13257692664&prt=1327997289890&prc=1" 302 - "-" "-" 117.34.78.165
123.157.41.95 29066 51 [31/Jan/2012:16:08:09 +0800] "GET http://item.taobao.com/item.htm?id=1632684116&cm_cat=50095312" 200 27770 "http://list.taobao.com/market/nvzhuang2011a.htm?spm=541.104784.150582.3&q=&ex_q=&isprepay=1&dtsp=1&olu=yes&cat=50095312&sort=commend&random=false&viewIndex=1&yp4p_page=0&commend=all&atype=b&style=grid&s=0&path=16-50095337-50095312&isnew=2&smc=1&smc=1&rr=1" "Mozilla/4.0 (compatible; MSIE 8.0; Windows NT 5.1; Trident/4.0; SV1; 360SE)" -
220.180.9.130 18648 98 [31/Jan/2012:16:08:10 +0800] "GET http://item.taobao.com/item.htm?spm=1103q5_1.3-7VGmd.h-3BFyKX&id=13566156751&" 200 19301 "-" "Mozilla/4.0 (compatible; MSIE 6.0; Windows NT 5.1; SV1; .NET CLR 2.0.50727)" -
172.24.106.216 23829 109 [31/Jan/2012:16:08:10 +0800] "GET http://item.taobao.com/item.htm?id=9654013981" 200 21589 "http://s.taobao.com/search?q=%D1%A9%B5%D8%D1%A5%E8%A6%B4%C3&keyword=&commend=all&ssid=s5-e&search_type=item&atype=&tracelog=&sourceId=tb.index" "Mozilla/4.0 (compatible; MSIE 8.0; Windows NT 5.1; Trident/4.0; SV1; .NET CLR 2.0.50727; 360SE)" 114.91.171.223
1.81.58.81 2883235 2849612 [31/Jan/2012:16:08:07 +0800] "GET http://item.taobao.com/item.htm?spm=1102cpI1.1-1VLl3.4-4sfZF5&id=13259406779" 200 33540 "http://store.taobao.com/shop/view_shop.htm?shop_id=36805377" "Mozilla/5.0 (Windows; U; Windows NT 5.1; en-US) AppleWebKit/534.3 (KHTML, like Gecko) Chrome/6.0.472.33 Safari/534.3 SE 2.X MetaSr 1.0" -
172.24.106.215 6236 51 [31/Jan/2012:16:08:10 +0800] "GET http://item.tmall.com/item.htm?id=10073589419&prc=1&is_b=1" 302 20 "-" "Mozilla/4.0 (compatible; MSIE 7.0; Windows NT 6.1; Trident/4.0; SLCC2; .NET CLR 2.0.50727; .NET CLR 3.5.30729; .NET CLR 3.0.30729; Media Center PC 6.0; InfoPath.2; SE 2.X)" 221.225.14.141
172.24.106.210 24405 84 [31/Jan/2012:16:08:10 +0800] "GET http://item.taobao.com/item.htm?spm=11021Nys.1-95MDj.4-5hAOPE&id=13458760691" 200 22751 "http://store.taobao.com/shop/view_shop.htm?shop_id=34019484" "Mozilla/4.0 (compatible; MSIE 8.0; Windows NT 5.1; Trident/4.0)" 124.135.135.202
172.24.106.211 63477 75 [31/Jan/2012:16:08:10 +0800] "GET http://item.taobao.com/item.htm?id=8780590821&ref=http%3A%2F%2Fs8.taobao.com%2Fsearch%3Fq%3D2011%2B%25D0%25C2%25C6%25B7%26pid%3Dmm_29922684_2603234_9572815%26rdid%3D1327996576_4t1_1916074614%26s%3D120&ali_trackid=2:mm_29922684_2603234_9572815,0:1327997289_4z1_1066291911" 200 33835 "http://s8.taobao.com/search?q=2011+%D0%C2%C6%B7&pid=mm_29922684_2603234_9572815&rdid=1327996576_4t1_1916074614&s=120" "Mozilla/4.0 (compatible; MSIE 8.0; Windows NT 6.1; Trident/4.0; SLCC2; .NET CLR 2.0.50727; .NET CLR 3.5.30729; .NET CLR 3.0.30729; MATP; .NET4.0C; 360SE)" 218.71.102.199
172.24.106.213 696 73 [31/Jan/2012:16:08:10 +0800] "GET http://172.24.24.186/status.taobao" 200 2 "-" "-" -
172.24.106.212 18399 89 [31/Jan/2012:16:08:10 +0800] "GET http://item.taobao.com/item.htm?id=13484851339&" 200 99999 "http://item.taobao.com" "Java/1.6.0_18" 61.136.59.177
119.114.188.48 4043 47 [31/Jan/2012:16:08:10 +0800] "GET http://item.taobao.com/item.htm?id=10394592774" 302 - "-" "Mozilla/4.0 (compatible; MSIE 7.0; Windows NT 5.1)" -
172.24.106.218 19675 149 [31/Jan/2012:16:08:10 +0800] "GET http://item.taobao.com/item.htm?id=8951182887&ad_id=&am_id=&cm_id=&pm_id=" 200 19095 "http://item.taobao.com/item.htm?id=13098212585" "Mozilla/4.0 (compatible; MSIE 8.0; Windows NT 6.1; Trident/4.0; SLCC2; .NET CLR 2.0.50727; .NET CLR 3.5.30729; .NET CLR 3.0.30729; Media Center PC 6.0; 360SE)" 60.215.235.8
172.24.106.214 27181 86 [31/Jan/2012:16:08:10 +0800] "GET http://item.taobao.com/item.htm?id=10781144118" 200 133354 "-" "Trackback Spam Check" 61.152.104.182
172.24.106.212 5268 106 [31/Jan/2012:16:08:10 +0800] "GET http://item.taobao.com/item.htm?spm=110-TV7-46PE_.4xgT-9C7PB.98Rn-58Z*Fq&id=15150164675" 302 20 "http://detail.tmall.com/item.htm?id=12831046736" "Mozilla/4.0 (compatible; MSIE 7.0; Windows NT 5.1; Trident/4.0)" 61.177.119.229
172.24.106.218 18046 56 [31/Jan/2012:16:08:10 +0800] "GET http://item.taobao.com/item.htm?spm=885.137843.163829.7&id=10470250661" 200 20085 "http://chi.taobao.com/market/food/xian.php?TBG=151831.71436.7&spm=1.151831.71436.7&ad_id=&am_id=&cm_id=140065231855e6bbab62&pm_id=" "Mozilla/4.0 (compatible; MSIE 8.0; Windows NT 5.1; Trident/4.0)" 113.120.65.164
172.24.106.216 27671 88 [31/Jan/2012:16:08:10 +0800] "GET http://item.taobao.com/item.htm?id=14946896087&cm_cat=50095331" 200 25071 "-" "Mozilla/4.0 (compatible; MSIE 7.0; Windows NT 5.1; Trident/4.0; 360SE)" 116.95.14.245
172.24.106.210 32188 70 [31/Jan/2012:16:08:10 +0800] "GET http://item.taobao.com/item.htm?spm=110-9KK-OQb.1GoR-3UfEj.s-4GdPTy&id=12878021835" 200 25809 "http://shop208139.taobao.com/?ali_refid=a3_420930_1006:1102255376:6:iphone4s%CD%E2%BF%C7:bf550bb664841d260c4a94bdc32f5d41&ali_trackid=1_bf550bb664841d260c4a94bdc32f5d41" "Mozilla/4.0 (compatible; MSIE 7.0; Windows NT 5.1; Trident/4.0; MathPlayer 2.20; .NET CLR 2.0.50727; 4399Box.1185; .NET CLR 3.0.4506.2152; .NET CLR 3.5.30729; .NET4.0C; .NET4.0E; msn OptimizedIE8;ZHCN; 4399Box.1185; 360SE)" 115.201.84.225
172.24.106.215 31756 131 [31/Jan/2012:16:08:10 +0800] "GET http://item.taobao.com/item.htm?spm=1104bWtY.3-bX38H.h-5fbvAx&id=15192872822&" 200 17804 "http://shop70231932.taobao.com/search.htm?spm=1104bWtY.3-bX38H.6-5fbvAs&scid=437722388&scname=va3Kq7Wkttk%3D&checkedRange=true&queryType=cat" "Mozilla/4.0 (compatible; MSIE 7.0; Windows NT 6.1; Trident/5.0; SLCC2; .NET CLR 2.0.50727; .NET CLR 3.5.30729; .NET CLR 3.0.30729; Media Center PC 6.0; Tablet PC 2.0; .NET4.0C; .NET4.0E; Zune 4.7) QQBrowser/6.10.11509.201" 180.172.143.36
172.24.106.217 28837 52 [31/Jan/2012:16:08:10 +0800] "GET http://item.taobao.com/item.htm?id=14171144245" 200 27650 "http://s.taobao.com/search?q=prich&source=suggest&suggest=0_3&sort=sale-desc" "Mozilla/4.0 (compatible; MSIE 8.0; Windows NT 5.1; Trident/4.0; .NET CLR 2.0.50727)" 61.150.76.132
172.24.106.212 15824 96 [31/Jan/2012:16:08:10 +0800] "GET http://item.taobao.com/item.htm?spm=11024cBF.3-9j5e.h-2cdfK&id=4593058537&" 200 18776 "http://liangweisheng.taobao.com/search.htm?spm=11024cBF.3-9j5e.h-2cdfK&search=y&scid=20788269&viewType=grid&orderType=_price" "Mozilla/5.0 (Windows NT 5.1) AppleWebKit/535.1 (KHTML, like Gecko) Chrome/14.0.802.30 Safari/535.1 SE 2.X MetaSr 1.0" 61.129.65.61
172.24.106.228 658 36 [31/Jan/2012:16:08:10 +0800] "GET http://172.24.24.186/status.taobao" 200 2 "-" "a10hm/1.0" -
172.24.106.212 19416 115 [31/Jan/2012:16:08:10 +0800] "GET http://item.taobao.com/item.htm?id=14005959511&_u=v63jrgd0ebb" 200 17959 "http://s.taobao.com/search?q=%C1%AA%CD%A8100%D4%AA%BF%EC%B3%E4%C8%AB%B9%FA&commend=all&ssid=s5-e-p1&olu=yes&isprepay=1&sort=price-asc" "Mozilla/4.0 (compatible; MSIE 7.0; Windows NT 5.1; Trident/4.0; 360SE)" 112.238.225.149
172.24.106.218 15269 48 [31/Jan/2012:16:08:10 +0800] "GET http://item.taobao.com/item.htm?id=13341816292" 302 - "-" "-" 112.126.32.91
172.24.106.212 20097 102 [31/Jan/2012:16:08:10 +0800] "GET http://item.taobao.com/item.htm?id=2726271136&asker=wangwang&wwdialog=bbxxbbmc&ad_id=&am_id=&cm_id=&pm_id=" 200 19430 "http://127.0.0.1:1098/auth/4A06F5581B844CCFA5E4414C843454CB" "Mozilla/4.0 (compatible; MSIE 6.0; Windows NT 5.1; SV1; QQDownload 681; GTB7.2) QQBrowser/6.10.11509.201" 112.92.113.242
115.209.146.106 52199 107 [31/Jan/2012:16:08:10 +0800] "GET http://item.taobao.com/item.htm?id=15129312532" 200 14918 "-" "Mozilla/4.0 (compatible; MSIE 8.0; Windows NT 5.1; Trident/4.0)" -
172.24.106.218 38944 114 [31/Jan/2012:16:08:10 +0800] "GET http://item.taobao.com/item.htm?spm=1101Z*0Y.3-SCCk.h-21YngA&id=3113728360&_u=v3c9dc1e788" 200 53551 "-" "Mozilla/4.0 (compatible; MSIE 8.0; Windows NT 5.1; Trident/4.0; SV1)" 123.163.24.33
172.24.106.210 27776 110 [31/Jan/2012:16:08:11 +0800] "GET http://item.taobao.com/item.htm?spm=110-12CO-29Gdn.58Zc-Ueae.3-4AFr5r&id=13159030983" 200 27856 "http://doubler.taobao.com/" "Mozilla/4.0 (compatible; MSIE 7.0; Windows NT 5.1; Trident/4.0; .NET4.0C; 360SE)" 115.221.63.153
172.24.106.214 46558 57 [31/Jan/2012:16:08:11 +0800] "GET http://item.taobao.com/item.htm?id=9476424252" 200 25639 "http://cart.taobao.com/my_cart.htm?from=mini&ad_id=&am_id=&cm_id=&pm_id=" "Mozilla/5.0 (Windows NT 5.2; rv:9.0.1) Gecko/20100101 Firefox/9.0.1" 180.168.41.154
60.173.108.132 38665 61 [31/Jan/2012:16:08:11 +0800] "GET http://item.taobao.com/item.htm?id=3504957142" 200 24216 "http://s.taobao.com/search?q=%BA%E7%CE%FC%BA%F8+%BF%A7%B7%C8%BA%F8&keyword=&commend=all&ssid=s5-e-p1&search_type=item&atype=&tracelog=&sourceId=tb.index&suggest=0_1&source=suggest&wq=%BA%E7" "Mozilla/4.0 (compatible; MSIE 6.0; Windows NT 5.1; SV1; .NET CLR 2.0.50727; .NET CLR 3.0.4506.2152; .NET CLR 3.5.30729; 360SE)" -
172.24.106.211 28851 105 [31/Jan/2012:16:08:11 +0800] "GET http://item.taobao.com/item.htm?id=13639794153&_u=v2k69vm698c" 200 18866 "http://search.taobao.com/search?q=%C2%FC%E6%AB%C5%AB&cat=50095337&style=grid&cps=yes&bcoffset=1&s=168" "Mozilla/4.0 (compatible; MSIE 7.0; Windows NT 5.1; Trident/4.0; GTB7.1; .NET CLR 2.0.50727; .NET CLR 3.0.04506.30; 360SE)" 124.131.90.47
172.24.106.210 53364 93 [31/Jan/2012:16:08:11 +0800] "GET http://item.taobao.com/item.htm?id=14031487807" 200 25475 "http://cart.taobao.com/my_cart.htm?from=bmini&ad_id=&am_id=&cm_id=&pm_id=" "Mozilla/4.0 (compatible; MSIE 8.0; Windows NT 6.1; WOW64; Trident/4.0; SLCC2; .NET CLR 2.0.50727; .NET CLR 3.5.30729; .NET CLR 3.0.30729; Media Center PC 6.0; InfoPath.3; .NET4.0C; 360SE)" 180.174.237.240
172.24.106.211 48899 100 [31/Jan/2012:16:08:11 +0800] "GET http://item.taobao.com/item.htm?id=10731011823&on_comment=1&_u=v2p4e7qdc29" 200 23649 "http://s.taobao.com/search?q=%B7%A2%C9%F9%B9%D2%CD%BC&commend=all&sort=price-asc&olu=yes&isprepay=1&source=suggest&ssid=s5-e-p1&bcoffset=2&suggest=0_1&loc=%CC%EC%BD%F2" "Mozilla/5.0 (Windows NT 6.0) AppleWebKit/535.7 (KHTML, like Gecko) Chrome/16.0.912.63 Safari/535.7 360EE" 111.165.109.89
172.24.106.211 29983 110 [31/Jan/2012:16:08:11 +0800] "GET http://item.taobao.com/item.htm?id=8220127890" 200 26808 "http://store.taobao.com/?shop_id=61945924" "Mozilla/4.0 (compatible; MSIE 8.0; Windows NT 5.1; Trident/4.0; QQDownload 691)" 124.163.91.9
180.168.175.122 27867 20994 [31/Jan/2012:16:08:11 +0800] "GET http://item.taobao.com/item.htm?id=10076021261" 302 20 "http://upload.taobao.com/auction/publish/edit.htm?item_num_id=10076021261&auto=false" "Mozilla/4.0 (compatible; MSIE 7.0; Windows NT 6.1; WOW64; Trident/5.0; SLCC2; .NET CLR 2.0.50727; .NET CLR 3.5.30729; .NET CLR 3.0.30729; eSobiSubscriber 2.0.4.16; MAAR; .NET4.0C) QQBrowser/6.10.11509.201" -
172.24.106.214 241 156 [31/Jan/2012:16:08:11 +0800] "GET http://item.taobao.com/" 302 220 "http://item.taobao.com/item.htm?id=3236797087&_u=vkgjg9b213" "Mozilla/4.0 (compatible; MSIE 7.0; Windows NT 5.1; Maxthon 2.0)" 1.202.198.123
115.229.165.87 25373 466 [31/Jan/2012:16:08:11 +0800] "GET http://item.taobao.com/item.htm?spm=1103AbPZ.3-3*_FU.h-4*gfBZ&id=14767860682&" 200 21846 "http://shop59817213.taobao.com/?spm=1103AbPZ.2-3*_4P.2-4*gfAN&search=y" "Mozilla/4.0 (compatible; MSIE 7.0; Windows NT 5.1; Trident/4.0; SV1)" -
172.24.106.211 235 132 [31/Jan/2012:16:08:11 +0800] "GET http://item.taobao.com/" 302 220 "http://item.taobao.com/item.htm?id=13945716906" "Mozilla/4.0 (compatible; MSIE 7.0; Windows NT 6.1; Trident/4.0; SLCC2; .NET CLR 2.0.50727; .NET CLR 3.5.30729; .NET CLR 3.0.30729; Media Center PC 6.0; Tablet PC 2.0)" 218.79.123.103
172.24.106.217 33189 86 [31/Jan/2012:16:08:11 +0800] "GET http://item.taobao.com/item.htm?spm=1103L*of.2-9kEC5.4-4aAMQT&id=10049340735" 200 39108 "http://item.taobao.com/item.htm?id=13838900804" "Mozilla/4.0 (compatible; MSIE 7.0; Windows NT 5.1; Trident/4.0; Mozilla/4.0 (compatible; MSIE 6.0; Windows NT 5.1; SV1) ; .NET CLR 2.0.50727)" 58.252.109.4
172.24.106.216 27426 112 [31/Jan/2012:16:08:11 +0800] "GET http://item.taobao.com/item.htm?spm=110-snN-3tuPl.2*f8-T*ix.h-mzcjp&id=13988647669&_u=v2o6k6ue3ee" 200 23440 "http://chunm.taobao.com/?spm=110-snN-3tuPl.2*f8-T*ix.5aQV-y0HtW&search=y&scid=429018727&scname=s6S%2F7sDxt%2F4%3D&checkedRange=true&queryType=cat" "Mozilla/5.0 (Windows NT 5.1) AppleWebKit/535.1 (KHTML, like Gecko) Chrome/14.0.802.30 Safari/535.1 SE 2.X MetaSr 1.0" 219.159.185.113
172.24.106.212 61151 85 [31/Jan/2012:16:08:11 +0800] "GET http://item.taobao.com/item.htm?spm=110-1apw-1*zPr.5F9y-4siTK.h-1P7GB7&id=13080986455&" 200 38925 "-" "Mozilla/4.0 (compatible; MSIE 6.0; Windows NT 5.1; SV1; QQDownload 677; 360SE)" 121.205.188.38
172.24.106.213 18032 91 [31/Jan/2012:16:08:11 +0800] "GET http://item.taobao.com/item.htm?id=13033847674" 302 - "-" "-" 112.126.32.91
172.24.106.210 38143 76 [31/Jan/2012:16:08:11 +0800] "GET http://item.taobao.com/item.htm?id=10834561369" 200 22090 "http://s.taobao.com/search?q=%BF%C9%B0%AE%B4%B2%B5%A5&bcoffset=2&sort=sale-desc" "Mozilla/5.0 (Windows NT 5.1) AppleWebKit/535.1 (KHTML, like Gecko) Chrome/14.0.802.30 Safari/535.1 SE 2.X MetaSr 1.0" 124.128.159.100
172.24.106.213 30000 113 [31/Jan/2012:16:08:11 +0800] "GET http://item.taobao.com/item.htm?id=13364948716&tracelog=qzdetail004&category=10104000000" 200 22300 "http://taojinbi.taobao.com/home/award_brand_home.htm?spm=1.139048.166184.2&brand_id=2243065&category_id=10104000000" "Mozilla/4.0 (compatible; MSIE 6.0; Windows NT 5.1; SV1)" 112.252.113.47
123.97.184.134 26393 102 [31/Jan/2012:16:08:11 +0800] "GET http://item.taobao.com/item.htm?id=3792776641&_u=v3p954r3ef5" 200 20858 "http://s.taobao.com/search?q=%CE%DE%CF%DF%D2%A3%BF%D8%BF%AA%B9%D8&sort=sale-desc&s=80" "Mozilla/4.0 (compatible; MSIE 6.0; Windows NT 5.1; SV1; QQDownload 691; .NET CLR 2.0.50727)" -
172.24.106.214 25467 113 [31/Jan/2012:16:08:11 +0800] "GET http://item.taobao.com/item.htm?id=8003952929" 200 24163 "-" "Mozilla/4.0 (compatible; MSIE 7.0; Windows NT 6.1; Trident/4.0; SLCC2; .NET CLR 2.0.50727; .NET CLR 3.5.30729; .NET CLR 3.0.30729; Media Center PC 6.0; InfoPath.2; SE 2.X)" 220.187.113.179
172.24.106.217 8868 103 [31/Jan/2012:16:08:11 +0800] "GET http://item.taobao.com/pass.htm?target=http%3A%2F%2Fitem.tmall.com%2Fitem.htm%3Fid%3D10321457061%26prc%3D1%26cm_cat%3D50006004%26stats_show%3Dbabyprofile0" 302 20 "-" "Mozilla/4.0 (compatible; MSIE 6.0; Windows NT 5.1; SV1; QQPinyinSetup 620; .NET CLR 1.1.4322; .NET CLR 2.0.50727)" 123.6.44.182
222.173.151.110 19513 84 [31/Jan/2012:16:08:11 +0800] "GET http://item.taobao.com/item.htm?id=13523701584" 200 18554 "http://s.taobao.com/search?q=%C3%AB%D2%C2+%C5%AE+%B3%A4%BF%EE+%BC%D3%BA%F1&source=suggest&suggest=0_7&s=336" "Mozilla/4.0 (compatible; MSIE 6.0; Windows NT 5.1; SV1)" -
172.24.106.210 39885 128 [31/Jan/2012:16:08:11 +0800] "GET http://item.taobao.com/item.htm?id=13804744740&cm_cat=50072723" 200 35359 "http://list.taobao.com/market/nvbao2011a.htm?cat=50072723&ratesum=6%2C7%2C8%2C9%2C10%2C11%2C12%2C13%2C14%2C15%2C16%2C17%2C18%2C19%2C20&user_type=0&isprepay=1&random=false&viewIndex=1&yp4p_page=3&commend=all&atype=b&s=168&style=grid&isnew=2&olu=yes&mSelect=false#ListView" "Mozilla/5.0 (Windows NT 5.1) AppleWebKit/535.1 (KHTML, like Gecko) Chrome/14.0.802.30 Safari/535.1 SE 2.X MetaSr 1.0" 121.230.218.207
172.24.106.215 34051 112 [31/Jan/2012:16:08:11 +0800] "GET http://item.taobao.com/item.htm?id=13798595173" 200 27198 "http://item.taobao.com/item.htm?id=13779843147" "Mozilla/4.0 (compatible; MSIE 6.0; Windows NT 5.1; SV1)" 60.215.20.240
172.24.106.215 46598 51 [31/Jan/2012:16:08:11 +0800] "GET http://item.taobao.com/auction/item_detail.htm?item_num_id=4256595422" 200 106067 "http://item.taobao.com" "Mozilla/4.0 (compatible; MSIE 6.0; Windows NT 5.1; SV1; .NET CLR 1.1.4322; .NET CLR 2.0.50727; .NET CLR 3.0.4506.2152; .NET CLR 3.5.30729)" 58.254.216.45
172.24.106.212 41579 92 [31/Jan/2012:16:08:11 +0800] "GET http://item.taobao.com/item.htm?id=9695207003" 200 25985 "http://upload.taobao.com/auction/publish/edit.htm?itemNumId=9695207003&auto=false" "Mozilla/4.0 (compatible; MSIE 7.0; Windows NT 6.1; Trident/4.0; SLCC2; .NET CLR 2.0.50727; .NET CLR 3.5.30729; .NET CLR 3.0.30729; .NET4.0C)" 123.6.150.19
124.73.80.146 5900 50 [31/Jan/2012:16:08:12 +0800] "GET http://item.taobao.com/item.htm?id=10388676909" 302 - "-" "Mozilla/4.0 (compatible; MSIE 7.0; Windows NT 5.1)" -
172.24.106.213 31899 98 [31/Jan/2012:16:08:12 +0800] "GET http://item.taobao.com/item.htm?id=15102728192&ref=http%3A%2F%2Fwww.mogujie.com%2Fnote%2F128879i%3Fshowtype%3Dgood%26goodsid%3D1erz2m&ali_trackid=2:mm_28757764_0_0,124252994f27a16932f7c:1327997292_4k1_809706831" 200 33005 "http://s.click.taobao.com/t_js?tu=http%3A%2F%2Fs.click.taobao.com%2Ft_8%3Fe%3D7HZ6jHSTbIWfoOHPcSIFAc6vkF40hsmqK7hJ6H%252BR0ezYf0qhD3SIqZBbGTfrxkLTyGUeIjw13dcAnSbcn0Sv1Ed02jIbWaqtsv2K29QTYP0zJ5mC%26n%3D19%26p%3Dmm_28757764_0_0%26u%3D124252994f27a16932f7c%26ref%3Dhttp%253A%252F%252Fwww.mogujie.com%252Fnote%252F128879i%253Fshowtype%253Dgood%2526goodsid%253D1erz2m" "Mozilla/5.0 (Windows NT 5.1) AppleWebKit/535.7 (KHTML, like Gecko) Chrome/16.0.912.63 Safari/535.7 360EE" 123.235.181.199
172.24.106.212 41083 88 [31/Jan/2012:16:08:12 +0800] "GET http://item.taobao.com/item.htm?spm=110-1azb-1MS8.5FSl-27GRy.h-1SpKWR&id=13709613218&" 200 32539 "http://zshy.taobao.com/search.htm?spm=110-1azb-1MS8.5FSl-27GRy.6-itFMI&scid=438619011&scname=yNXKvbTWzNWy6MKp&checkedRange=true&queryType=cat" "Mozilla/4.0 (compatible; MSIE 7.0; Windows NT 5.1; Trident/4.0; QQDownload 702; TencentTraveler 4.0; InfoPath.2; .NET CLR 2.0.50727; .NET CLR 3.0.4506.2152; .NET CLR 3.5.30729)" 112.246.155.140
172.24.106.218 31793 61 [31/Jan/2012:16:08:12 +0800] "GET http://item.taobao.com/item.htm?spm=110-DSK-1*Aiw.3H8h-1wnV8.h-1GVqs8&id=1956442602&_u=v1jk2tk2c88" 200 30128 "http://whappy.taobao.com/search.htm?spm=110-DSK-1*Aiw.3H8d-1wnV6.6-btUE3&scid=394990871&scname=0dOzpM%2Ff&checkedRange=true&queryType=cat" "Mozilla/4.0 (compatible; MSIE 6.0; Windows NT 5.1; SV1; Mozilla/4.0 (compatible; MSIE 6.0; Windows NT 5.1; SV1) ; .NET CLR 1.1.4322; .NET CLR 2.0.50727; .NET CLR 3.0.4506.2152; .NET CLR 3.5.30729; Maxthon 2.0)" 58.40.19.67
172.24.106.215 36726 166 [31/Jan/2012:16:08:12 +0800] "GET http://item.taobao.com/item.htm?spm=1103sCbM.3-7MbQw.h-3BDZCl&id=14665632863&" 200 27814 "http://1688-love.taobao.com/search.htm?scid=426500690&scname=tcbV1rzc&checkedRange=true&queryType=cat" "Mozilla/5.0 (Windows NT 5.1) AppleWebKit/535.1 (KHTML, like Gecko) Chrome/14.0.802.30 Safari/535.1 SE 2.X MetaSr 1.0" 60.30.68.155
172.24.106.215 19702 120 [31/Jan/2012:16:08:12 +0800] "GET http://item.taobao.com/item.htm?spm=1103rJF3.3-7gowK.h-3oV3kS&id=14943412806&_u=v17rb152ef3" 200 18994 "http://shop57596483.taobao.com/search.htm?spm=1103rJF3.1-7gowF.6-3oV3jA&scid=346945494&scname=MjAxMcfvtqywxdLA6LTFrtew&checkedRange=true&queryType=cat" "Mozilla/4.0 (compatible; MSIE 7.0; Windows NT 5.1; Trident/4.0; xrtvutoolbar; .NET CLR 2.0.50727; 360SE)" 120.70.15.15
123.154.91.69 23625 2412 [31/Jan/2012:16:08:12 +0800] "GET http://item.taobao.com/item.htm?spm=110242H6.3-31l70.h-1DSqIX&id=6678915506&" 200 20071 "http://cnode.taobao.com/search.htm?spm=110242H6.3-31l70.h-1DSqIX&search=y&scid=176489557&queryType=cat&scname=VE2holotMTVHoaJMWFc1z7XB0M6itq%2B%2FqrnY" "Mozilla/4.0 (compatible; MSIE 8.0; Windows NT 6.1; Trident/4.0; SLCC2; .NET CLR 2.0.50727; .NET CLR 3.5.30729; .NET CLR 3.0.30729; Media Center PC 6.0)" -
172.24.106.211 18430 102 [31/Jan/2012:16:08:12 +0800] "GET http://item.taobao.com/item.htm?id=14156236822" 200 70497 "-" "Mozilla/4.0 (compatible; MSIE 7.0; Windows NT 5.1)" 122.240.83.22
172.24.106.211 16912 89 [31/Jan/2012:16:08:12 +0800] "GET http://item.taobao.com/item.htm?id=10398095764" 302 - "-" "Mozilla/4.0 (compatible; MSIE 7.0; Windows NT 5.1)" 123.148.165.194
172.24.106.210 20185 56 [31/Jan/2012:16:08:12 +0800] "GET http://item.taobao.com/item.htm?id=14111231717&_u=vm67f6a582c" 200 17114 "http://favorite.taobao.com/collectList.htm" "Mozilla/4.0 (compatible; MSIE 7.0; Windows NT 5.1; Trident/4.0; .NET CLR 2.0.50727; 360SE)" 122.227.108.182
172.24.106.217 31487 120 [31/Jan/2012:16:08:12 +0800] "GET http://item.taobao.com/item.htm?spm=1103Njlz.3-adeBf.h-4HGu9G&id=14754404848&_u=v3rst0ka43b" 200 29615 "http://shop63255907.taobao.com/search.htm?spm=1103Njlz.2-adeBe.6-4HGu9k" "Mozilla/5.0 (Windows NT 5.1) AppleWebKit/535.1 (KHTML, like Gecko) Chrome/14.0.802.30 Safari/535.1 SE 2.X MetaSr 1.0" 222.91.49.196
172.24.106.217 27754 134 [31/Jan/2012:16:08:12 +0800] "GET http://item.taobao.com/item.htm?id=12992760464&f=e" 200 17836 "http://item.taobao.com/item.htm?spm=1103BHSb.3-3pISS.h-4JkyYj&id=8064369916&" "Mozilla/4.0 (compatible; MSIE 8.0; Windows NT 5.1; Trident/4.0; .NET CLR 2.0.50727; 360SE)" 119.118.20.234
172.24.106.218 9767 80 [31/Jan/2012:16:08:12 +0800] "GET http://item.taobao.com/item.htm?id=10726669795" 302 - "-" "-" 112.126.32.91
172.24.106.216 2061 119 [31/Jan/2012:16:08:12 +0800] "GET http://item.tmall.com/addCookie.htm?trackid=4ae92d1fab6221604997c797d2b35417&sessionID=977458f08c0c65f979409f47305f514a&_tb_token_=e5a37b3e541e7&target=http%3A%2F%2Fitem.tmall.com%2Fitem.htm%3Fid%3D7664452310%26cm_cat%3D50043423" 302 20 "-" "Mozilla/4.0 (compatible; MSIE 7.0; Windows NT 6.1; Trident/4.0; SLCC2; .NET CLR 2.0.50727; .NET CLR 3.5.30729; .NET CLR 3.0.30729; Media Center PC 6.0; InfoPath.2; SE 2.X)" 120.68.152.85
172.24.106.218 32599 115 [31/Jan/2012:16:08:12 +0800] "GET http://item.taobao.com/item.htm?id=12864568274&ad_id=&am_id=&cm_id=&pm_id=" 200 20352 "http://item.taobao.com/item.htm?spm=1101*F12.3-aMeXE.h-4HULeR&id=12864652763&" "Mozilla/4.0 (compatible; MSIE 6.0; Windows NT 5.1; SV1)" 222.95.249.157
172.24.106.214 33634 117 [31/Jan/2012:16:08:12 +0800] "GET http://item.taobao.com/item.htm?id=13204313157" 200 18394 "http://s.taobao.com/search?q=%C7%EF%CB%AE%D2%C1%C8%CB2011%B6%AC%D7%B0%D5%FD%C6%B7&cat=50010850&style=grid&ppath=10294727%3A95291157&cps=yes&bcoffset=1&s=168" "Mozilla/4.0 (compatible; MSIE 8.0; Windows NT 5.1; Trident/4.0; QQDownload 708; .NET CLR 2.0.50727; .NET CLR 3.0.04506.648; .NET CLR 3.5.21022)" 124.166.9.224
172.24.106.215 26669 127 [31/Jan/2012:16:08:12 +0800] "GET http://item.taobao.com/item.htm?id=9026895704&tracelog=n_eshop_goods_pop_taobao&templateid=1734b690b49c45ff85d3cad0115adc13&numid=9026895704&userid=d7e748e83795c83fa102736e4e7c0959" 200 24331 "-" "Mozilla/4.0 (compatible; MSIE 6.0; Windows NT 5.1; SV1; 360SE)" 113.195.134.183
172.24.106.218 33777 158 [31/Jan/2012:16:08:13 +0800] "GET http://item.taobao.com/item.htm?id=12634371107" 200 14523 "http://s.taobao.com/search?q=Samsung%2F%C8%FD%D0%C7+I9100%2FGalaxy+S2+%B5%E7%B3%D8" "Mozilla/4.0 (compatible; MSIE 7.0; Windows NT 6.1; Trident/5.0; SLCC2; .NET CLR 2.0.50727; .NET CLR 3.5.30729; .NET CLR 3.0.30729; Media Center PC 6.0; aff-kingsoft-ciba; BOIE9;ZHCN; 360SE)" 218.69.10.98
172.24.106.215 20463 143 [31/Jan/2012:16:08:13 +0800] "GET http://item.taobao.com/item.htm?spm=1103NG2W.1-2HbAq.4-4SUoMl&id=14472304806" 200 16790 "http://store.taobao.com/?user_number_id=404588564" "Mozilla/4.0 (compatible; MSIE 8.0; Windows NT 5.1; Trident/4.0; AskTbCS2/5.12.2.16749; .NET CLR 2.0.50727)" 58.210.51.242
172.24.106.211 40379 99 [31/Jan/2012:16:08:13 +0800] "GET http://item.taobao.com/item.htm?spm=1020.3.9.74&id=10361782800&on_comment=1" 200 32875 "http://mobile.taobao.com/detail.htm?spm=872.121097.152902.14&pidvid=20000%3A3261618%3B1627623%3A107900421&cat=1512&spuid=130639017&promoted_service2=tag&p_from=&p_to=1350" "Mozilla/5.0 (Windows NT 5.1) AppleWebKit/535.1 (KHTML, like Gecko) Chrome/14.0.802.30 Safari/535.1 SE 2.X MetaSr 1.0" 222.77.29.15
119.112.125.221 39823 89 [31/Jan/2012:16:08:13 +0800] "GET http://item.taobao.com/item.htm?id=13222410097" 200 26569 "http://s.taobao.com/search?q=%CD%E2%C3%B3%C4%D0%D0%AC%D5%FD%C6%B7%D4%AD%B5%A5&cat=50034268&style=grid&bcoffset=1&ppath=21921:28390&cps=yes&from=compass&navlog=compass-Dmore32-p-21921:28390" "Mozilla/4.0 (compatible; MSIE 6.0; Windows NT 5.1; SV1; 360SE)" -
172.24.106.217 22235 100 [31/Jan/2012:16:08:13 +0800] "GET http://item.taobao.com/item.htm?id=9988179124" 200 21551 "http://s.taobao.com/search?q=%B2%A3%C1%A7%BB%AD%D1%D5%C1%CF&suggest_query=%B2%A3%C1%A7%BB%AD%D1%D5%C1%CF&sb_id=19&suggest=0_3&source=suggest&wq=%B2%A3%C1%A7%BB%AD" "Mozilla/5.0 (Windows NT 5.1) AppleWebKit/535.1 (KHTML, like Gecko) Chrome/14.0.802.30 Safari/535.1 SE 2.X MetaSr 1.0" 220.171.155.136
172.24.106.217 33882 77 [31/Jan/2012:16:08:13 +0800] "GET http://item.taobao.com/item.htm?id=2641639366" 200 17719 "-" "Mozilla/4.0 (compatible; MSIE 8.0; Windows NT 5.1; Trident/4.0; TencentTraveler 4.0; QQDownload 708; .NET CLR 2.0.50727; InfoPath.2; .NET CLR 3.0.4506.2152; .NET CLR 3.5.30729; 360SE)" 222.135.189.98
172.24.106.217 26197 101 [31/Jan/2012:16:08:13 +0800] "GET http://item.taobao.com/item.htm?id=13019300012" 200 23885 "http://s.taobao.com/search?q=%D4%AD%B5%A5+%D5%FD%C6%B7&commend=all&source=suggest&ssid=s5-e-p1&suggest=0_7&s=210" "Mozilla/4.0 (compatible; MSIE 7.0; Windows NT 6.1; Trident/4.0; SLCC2; .NET CLR 2.0.50727; .NET CLR 3.5.30729; .NET CLR 3.0.30729; Media Center PC 6.0; 360SE)" 49.83.76.61
172.24.106.214 37480 118 [31/Jan/2012:16:08:13 +0800] "GET http://item.taobao.com/item.htm?spm=110-1cTM-26rKK.5PxE-237X0.h-1lBcu7&id=15038444665&_u=v1704hj8ef4" 200 30778 "http://yirenwumeng.taobao.com/search.htm?spm=110-1cTM-26rKK.5PxC-237W_.dbxG-1UK417&scid=289272237&scname=w7%2FW3MnP0MI%3D&checkedRange=true&queryType=cat" "Mozilla/4.0 (compatible; MSIE 6.0; Windows NT 5.1; SV1; .NET CLR 2.0.50727; 360SE)" 218.85.65.35
172.24.106.213 32857 119 [31/Jan/2012:16:08:13 +0800] "GET http://item.taobao.com/item.htm?id=12710275267&ref=http%3A%2F%2Fs.etao.com%2Fsearch%3Fq%3Dhello%2Bkitty%2B%25CD%25E2%25CC%25D7%26stp%3Dtb_search.srp.logo.0.photo%26tb_lm_id%3Dt_sousuo%26tbpm%3Dt&ali_trackid=2:mm_14507426_0_0:1327997293_3z2_819728798" 200 29238 "http://s.click.taobao.com/t_js?tu=http%3A%2F%2Fs.click.taobao.com%2Ft_8%3Fe%3D7HZ6jHSTbIKkXS8vshs17bOSFEI2vzH43SI52cF68jA1%26pid%3Dmm_14507426_0_0%26unid%3D%26etaosource%3D162180649A0A187A1A0%26ref%3Dhttp%253A%252F%252Fs.etao.com%252Fsearch%253Fq%253Dhello%252Bkitty%252B%2525CD%2525E2%2525CC%2525D7%2526stp%253Dtb_search.srp.logo.0.photo%2526tb_lm_id%253Dt_sousuo%2526tbpm%253Dt" "Mozilla/4.0 (compatible; MSIE 6.0; Windows NT 5.1; SV1)" 61.189.37.252
172.24.106.215 28555 99 [31/Jan/2012:16:08:13 +0800] "GET http://item.taobao.com/item.htm?id=12454983736" 200 31569 "http://www.meilishuo.com/u/DG7y91?frm=out_link" "Mozilla/4.0 (compatible; MSIE 6.0; Windows NT 5.1; SV1)" 122.194.64.82
172.24.106.213 34451 79 [31/Jan/2012:16:08:13 +0800] "GET http://item.taobao.com/item.htm?id=8886998527&cm_cat=50037710" 200 34968 "http://list.taobao.com/market/sport2011a.htm?cat=50037710&sort=coefp&spercent=95&user_type=0&isprepay=1&random=false&viewIndex=7&yp4p_page=2&commend=all&s=126&style=grid&mSelect=false&smc=1" "Mozilla/4.0 (compatible; MSIE 6.0; Windows NT 5.1; SV1; .NET CLR 2.0.50727; 360SE)" 123.233.231.126
172.24.106.218 6061 117 [31/Jan/2012:16:08:13 +0800] "GET http://item.taobao.com/item.htm?id=13167940719" 302 20 "http://cart.taobao.com/my_cart.htm?from=mini&ad_id=&am_id=&cm_id=&pm_id=" "Mozilla/4.0 (compatible; MSIE 7.0; Windows NT 5.1; Trident/4.0; 360SE)" 60.166.119.105
172.24.106.216 20290 53 [31/Jan/2012:16:08:13 +0800] "GET http://item.taobao.com/item.htm?id=13075760057&_u=v3mivbqbafb" 200 20031 "-" "Mozilla/4.0 (compatible; MSIE 8.0; Windows NT 6.1; Trident/4.0; SLCC2; .NET CLR 2.0.50727; .NET CLR 3.5.30729; .NET CLR 3.0.30729; Media Center PC 6.0; .NET4.0C)" 110.6.82.164
172.24.106.229 754 73 [31/Jan/2012:16:08:13 +0800] "GET http://172.24.24.186/status.taobao" 200 2 "-" "a10hm/1.0" -
123.150.134.103 38252 98 [31/Jan/2012:16:08:13 +0800] "GET http://item.taobao.com/item.htm?id=14193252414&ref=http%3A%2F%2Fwww.mogujie.com%2Fnote%2F127kx1c%3Fshowtype%3Dgood%26goodsid%3D1ej4uq&ali_trackid=2:mm_28757764_0_0,124252994f27a040e0cdf:1327997084_3k1_1433790716" 200 29133 "http://s.click.taobao.com/t_js?tu=http%3A%2F%2Fs.click.taobao.com%2Ft_8%3Fe%3D7HZ6jHSTbIQ0GiVt690y1t3gf1EiiLiCtHs71NxLSccSCebvZdXbnjcZkKHA4lY%252BX4ftG4QHBg8GzFvAzbWdONNtCPrIKBT7B5Vap06keRt10HNQpQ%253D%253D%26n%3D19%26p%3Dmm_28757764_0_0%26u%3D124252994f27a040e0cdf%26ref%3Dhttp%253A%252F%252Fwww.mogujie.com%252Fnote%252F127kx1c%253Fshowtype%253Dgood%2526goodsid%253D1ej4uq" "Mozilla/4.0 (compatible; MSIE 8.0; Windows NT 6.1; WOW64; Trident/4.0; SLCC2; .NET CLR 2.0.50727; .NET CLR 3.5.30729; .NET CLR 3.0.30729; .NET4.0C; .NET4.0E; BRI/2; InfoPath.2; MASP; Maxthon 2.0)" -
114.95.91.189 35704 8940 [31/Jan/2012:16:08:13 +0800] "GET http://item.taobao.com/item.htm?spm=110255Xz.3-7HKYt.h-3Gn4r3&id=15121552730&" 200 24389 "http://beikids.taobao.com/search.htm?spm=110255Xz.2-1S_ul.6-3Gn4pk&scid=438078023&scname=MS0zMSAyMDEyLi60utewyc%2FK0A%3D%3D&checkedRange=true&queryType=cat" "Mozilla/4.0 (compatible; MSIE 7.0; Windows NT 5.1; Trident/4.0; GTB7.1; .NET CLR 2.0.50727; 360SE)" -
172.24.106.214 43343 99 [31/Jan/2012:16:08:13 +0800] "GET http://item.taobao.com/item.htm?id=5771343826&ali_refid=a3_420453_1006:1102236162:6:%C6%BD%B0%E5%B5%E7%C4%D4:a09ed23915fd2432f639e666b0c7b96c&ali_trackid=1_a09ed23915fd2432f639e666b0c7b96c" 200 33854 "http://s.taobao.com/search?q=%C6%BD%B0%E5%B5%E7%C4%D4&cat=50047310&cps=yes&v=product&p=detail&sort=sale-desc&pspuid=127151280&from_pos=20_50047310.default_0_6_127151280" "Mozilla/4.0 (compatible; MSIE 7.0; Windows NT 6.1; Trident/4.0; TencentTraveler 4.0; SLCC2; .NET CLR 2.0.50727; .NET CLR 3.5.30729; .NET CLR 3.0.30729; Media Center PC 6.0)" 114.83.56.9
172.24.106.212 38642 81 [31/Jan/2012:16:08:13 +0800] "GET http://item.taobao.com/item.htm?spm=110-16OX-47Gyq.5py7-atVlp.h-16FQpE&id=14580500999&" 200 30136 "http://wemake.taobao.com/search.htm?spm=110-16OX-47Gyq.5py6-atVlo.6-z3wch&scid=434045879&scname=tNnP%2BrTy1ds%3D&checkedRange=true&queryType=cat" "Mozilla/4.0 (compatible; MSIE 8.0; Windows NT 6.1; WOW64; Trident/4.0; SLCC2; .NET CLR 2.0.50727; .NET CLR 3.5.30729; .NET CLR 3.0.30729; MAAU; CIBA; .NET4.0C; InfoPath.2; 360SE)" 116.230.202.115
172.24.106.215 20355 115 [31/Jan/2012:16:08:13 +0800] "GET http://item.taobao.com/item.htm?spm=1103xDqa.1-bZ1gp.3-5g8qij&id=13487449027" 200 18275 "http://store.taobao.com/shop/view_shop-ab2640af3f555c7bc42e7ffc715f452a.htm" "Mozilla/4.0 (compatible; MSIE 8.0; Windows NT 5.1; Trident/4.0; .NET CLR 1.1.4322; CIBA)" 220.191.169.109
172.24.106.215 1301 51 [31/Jan/2012:16:08:13 +0800] "GET http://item.tmall.com/item.htm?id=14971932642" 302 20 "http://trade.taobao.com/trade/detail/trade_snap.htm?tradeID=136450046680701" "Mozilla/4.0 (compatible; MSIE 6.0; Windows NT 5.1; SV1; MAXTHON 2.0)" 114.100.78.105
122.241.66.136 15849 5916 [31/Jan/2012:16:08:13 +0800] "GET http://item.taobao.com/item.htm?id=10093853836" 200 4082 "http://item.taobao.com/item.htm?id=14803800826&cm_cat=1101&_u=v4h1hf6b173" "Mozilla/4.0 (compatible; MSIE 6.0; Windows NT 5.1; SV1; 360SE)" -
172.24.106.217 4373 131 [31/Jan/2012:16:08:13 +0800] "GET http://item.taobao.com/item.htm?id=12854092342&wwdialog=bbxxbbmc" 302 20 "http://127.0.0.1:2682/auth/38E516DEEEDD4E6299BD09754DFFCFBE" "Mozilla/4.0 (compatible; MSIE 8.0; Windows NT 5.1; Trident/4.0; .NET CLR 2.0.50727; 360SE)" 223.166.116.139
172.24.106.215 21025 104 [31/Jan/2012:16:08:13 +0800] "GET http://item.taobao.com/item.htm?id=13346822076" 200 17770 "-" "Mozilla/4.0 (compatible; MSIE 7.0; Windows NT 6.1; Trident/4.0; SLCC2; .NET CLR 2.0.50727; .NET CLR 3.5.30729; .NET CLR 3.0.30729; Media Center PC 6.0; InfoPath.2; SE 2.X)" 221.221.57.140
172.24.106.213 36679 48 [31/Jan/2012:16:08:13 +0800] "GET http://item.taobao.com/item.htm?spm=1103LERy.3-4J1jv.h-4tgM9m&id=10886069189&_u=v5m59cs991c" 200 25494 "http://panadol-ou.taobao.com/search.htm?spm=1103LERy.3-4J1jv.h-4tgM9m&search=y&viewType=grid&orderType=_hotsell&pageNum=2" "Mozilla/4.0 (compatible; MSIE 6.0; Windows NT 5.1; SV1; .NET CLR 2.0.50727; 360SE)" 116.231.242.50
172.24.106.213 24379 111 [31/Jan/2012:16:08:14 +0800] "GET http://item.taobao.com/item.htm?id=14881248671&_u=vic074vee97" 200 26505 "http://s.taobao.com/search?q=%BF%EF%CD%FE%D5%EB%D6%AF%BF%E3" "Mozilla/4.0 (compatible; MSIE 8.0; Windows NT 5.1; Trident/4.0)" 112.248.88.5
180.107.82.119 50596 4093 [31/Jan/2012:16:08:13 +0800] "GET http://item.taobao.com/item.htm?id=15197196738&_u=vfo3tee072" 200 27148 "http://s.taobao.com/search?q=%C3%C0%BD%BF%D9%BB+%B1%A3%C5%AF%C4%DA%D2%C2&commend=all&ssid=s5-e-p1&search_type=item&atype=&filterFineness=" "Mozilla/4.0 (compatible; MSIE 6.0; Windows NT 5.1; SV1; GTB7.0; .NET CLR 2.0.50727; InfoPath.1)" -
172.24.106.210 4239 66 [31/Jan/2012:16:08:14 +0800] "GET http://item.taobao.com/item.htm?id=10726669795" 302 - "-" "-" 112.126.32.91
58.215.22.42 29543 263 [31/Jan/2012:16:08:14 +0800] "GET http://item.taobao.com/item.htm?id=13513379117&_u=v1nnpo09963" 200 24804 "http://search.taobao.com/search?q=%D1%A9%B5%D8%D1%A5&cat=50031712&style=grid&filter=reserve_price%5B100%2C200%5D&ppath=2234738%3A3224793&cps=yes&source=item&ssid=s5-e&bcoffset=1&s=2772" "Mozilla/4.0 (compatible; MSIE 6.0; Windows NT 5.1; SV1; .NET CLR 1.1.4322; .NET CLR 2.0.50727; .NET CLR 3.0.04506.30; 360SE)" -
172.24.106.210 18167 128 [31/Jan/2012:16:08:14 +0800] "GET http://item.taobao.com/item.htm?id=13705366594" 200 18182 "http://upload.taobao.com/auction/publish/edit.htm?itemNumId=13705366594&auto=false" "Mozilla/4.0 (compatible; MSIE 8.0; Windows NT 5.1; Trident/4.0; SV1; .NET CLR 2.0.50727; .NET CLR 3.0.04506.648; .NET CLR 3.5.21022; 360SE)" 114.88.84.78
172.24.106.210 32508 399 [31/Jan/2012:16:08:14 +0800] "GET http://item.taobao.com/item.htm?id=2649682098" 200 20916 "http://s.taobao.com/search?q=%D6%B8%BC%D7%D3%CD&commend=all&filter=reserve_price%5B0%2C20%5D&filterFineness=2&ssid=s5-e&bcoffset=2&atype=b&bcoffset=1&style=grid&s=0" "Mozilla/4.0 (compatible; MSIE 7.0; Windows NT 5.1; Trident/4.0; GTB7.2; .NET CLR 2.0.50727; SE 2.X MetaSr 1.0)" 118.81.118.12
172.24.106.214 42198 89 [31/Jan/2012:16:08:14 +0800] "GET http://item.taobao.com/item.htm?id=2143791017" 200 40073 "-" "Sogou web spider/4.0(+http://www.sogou.com/docs/help/webmasters.htm#07)" 123.126.68.24
172.24.106.215 34893 89 [31/Jan/2012:16:08:14 +0800] "GET http://item.taobao.com/item.htm?id=10515821041&cm_cat=50001871" 200 32852 "http://list.taobao.com/market/jiafang.htm?TBG=151832.71436.16&spm=1.151832.71436.16&q=&ex_q=&isprepay=1&olu=yes&cat=50001871&sort=commend&viewIndex=1&yp4p_page=0&user_type=0&commend=all&atype=b&style=grid&s=0&rr=1&path=50008163-50001871&isnew=2&smc=1&smc=1&rr=1" "Mozilla/4.0 (compatible; MSIE 7.0; Windows NT 5.1; Trident/4.0; .NET CLR 2.0.50727; .NET CLR 3.0.04506.30; .NET CLR 1.1.4322; 360SE)" 122.227.97.10
220.179.178.210 51817 103 [31/Jan/2012:16:08:14 +0800] "GET http://item.taobao.com/item.htm?id=13413787044" 200 31406 "http://s.taobao.com/search?q=2012%B6%AC%D7%B0+%D0%C2%BF%EE%D3%F0%C8%DE%B7%FE&bcoffset=1&s=40" "Mozilla/4.0 (compatible; MSIE 8.0; Windows NT 5.1; Trident/4.0; .NET CLR 1.1.4322)" -
172.24.106.211 4180 43 [31/Jan/2012:16:08:14 +0800] "GET http://item.taobao.com/chongzhi/dian_ka_list.do?callback=jsonp1327997292767" 204 2 "http://item.taobao.com/item.htm?id=13591200923" "Mozilla/4.0 (compatible; MSIE 8.0; Windows NT 6.1; WOW64; Trident/4.0; SLCC2; .NET CLR 2.0.50727; .NET CLR 3.5.30729; .NET CLR 3.0.30729; .NET4.0C; MASP)" 221.219.10.176
172.24.106.214 29487 122 [31/Jan/2012:16:08:14 +0800] "GET http://item.taobao.com/item.htm?id=8666082406&cm_cat=162103&_u=vju01cc809c" 200 27167 "http://list.taobao.com/market/nvzhuang2011a.htm?cat=162103&isprepay=1&random=false&viewIndex=1&yp4p_page=4&commend=all&atype=b&s=210&style=grid&dtsp=1&ppath=20665%3A29454%3B2915574%3A3267162%3B31609%3A103422&isnew=2&olu=yes&mSelect=false&smc=1" "Mozilla/4.0 (compatible; MSIE 7.0; Windows NT 5.1; Trident/4.0; GTB6.6; .NET CLR 2.0.50727; .NET CLR 3.0.4506.2152; .NET CLR 3.5.30729; 360SE)" 123.152.165.70
172.24.106.210 31794 100 [31/Jan/2012:16:08:14 +0800] "GET http://item.taobao.com/item.htm?id=13636535822&_u=voa2dm30fe2" 200 27071 "http://s.taobao.com/search?q=ipad2+%C6%A4%CC%D7+%D5%E6%C6%A4&commend=all&ssid=s5-e-p1&bcoffset=1&start_price=187&end_price=188" "Mozilla/4.0 (compatible; MSIE 8.0; Windows NT 5.1; Trident/4.0; QQDownload 685; Mozilla/4.0 (compatible; MSIE 6.0; Windows NT 5.1; SV1) )" 114.94.128.57
172.24.106.212 32228 52 [31/Jan/2012:16:08:14 +0800] "GET http://item.taobao.com/item.htm?id=13124419581&cm_cat=50035922" 200 27091 "http://list.taobao.com/market/auto.htm?cat=50035922&sort=coefp&spercent=95&isprepay=1&random=false&viewIndex=7&yp4p_page=0&commend=all&style=grid&strade=y&olu=yes&smc=1%23ListView&mSelect=false" "Mozilla/4.0 (compatible; MSIE 6.0; Windows NT 5.1; SV1)" 114.217.83.90
172.24.106.211 19182 51 [31/Jan/2012:16:08:14 +0800] "GET http://item.taobao.com/item.htm?id=13983687546" 200 19208 "-" "Mozilla/5.0 (compatible; MSIE 9.0; Windows NT 6.1; WOW64; Trident/5.0)" 61.170.238.217
172.24.106.210 20728 86 [31/Jan/2012:16:08:14 +0800] "GET http://item.taobao.com/item.htm?id=9078129065&ref=http%3A%2F%2Fsearch8.taobao.com%2Fsearch%3Fq%3D%25B3%25E5%25B2%25E8%25C6%25F7%26unid%3D24%26mode%3D63%26pid%3Dmm_15144495_2216478_8873469%26p4p_str%3Dfirstpage_pushleft%253D0%2526lo1%253D0%2526lo2%253D0%2526nt%253D1%26olu%3Dyes%26isprepay%3D1%26sort%3Dprice-asc&ali_trackid=2:mm_15144495_2216478_8873469,24:1327997292_4z8_192258683" 200 20209 "http://search8.taobao.com/search?q=%B3%E5%B2%E8%C6%F7&unid=24&mode=63&pid=mm_15144495_2216478_8873469&p4p_str=firstpage_pushleft%3D0%26lo1%3D0%26lo2%3D0%26nt%3D1&olu=yes&isprepay=1&sort=price-asc" "Mozilla/5.0 (Windows NT 6.1; WOW64) AppleWebKit/535.7 (KHTML, like Gecko) Chrome/16.0.912.75 Safari/535.7 360EE" 27.40.199.9
172.24.106.214 29719 93 [31/Jan/2012:16:08:14 +0800] "GET http://item.taobao.com/item.htm?id=12690652882" 200 22150 "http://s.taobao.com/search?q=%C9%B3%B7%A2%D2%CE%D7%D3%C8%FD%BC%FE%CC%D7&bcoffset=1&style=grid&s=0" "Mozilla/4.0 (compatible; MSIE 7.0; Windows NT 5.1; Trident/4.0; 360SE)" 112.249.61.249
117.67.159.20 30196 97 [31/Jan/2012:16:08:14 +0800] "GET http://item.taobao.com/item.htm?id=13300772517" 200 14867 "http://cart.taobao.com/my_cart.htm?ct=76ab31936544f93070d64c89c82a2779" "Mozilla/4.0 (compatible; MSIE 8.0; Windows NT 6.1; Trident/4.0; SLCC2; .NET CLR 2.0.50727; .NET CLR 3.5.30729; .NET CLR 3.0.30729)" -
172.24.106.213 31321 96 [31/Jan/2012:16:08:14 +0800] "GET http://item.taobao.com/item.htm?id=15283444070&cm_cat=16" 200 29906 "http://list.taobao.com/market/nvzhuang2011a.htm?atype=b&cat=16&s=336&style=grid&viewIndex=11&isnew=2&yp4p_page=7&commend=all" "Mozilla/4.0 (compatible; MSIE 8.0; Windows NT 5.1; Trident/4.0; GTB6; .NET CLR 2.0.50727; .NET CLR 3.0.4506.2152; .NET CLR 3.5.30729; 360SE)" 221.136.84.28
172.24.106.210 37105 55 [31/Jan/2012:16:08:14 +0800] "GET http://item.taobao.com/item.htm?id=7831257465&ref=http%3A%2F%2Fsearch8.taobao.com%2Fsearch%3Fq%3D%25BF%25D7%25C3%25F7%25B5%25C6%26commend%3Dall%26pid%3Dmm_15891853_2192459_8654727%26p4p_str%3Dlo1%253D40%2526lo2%253D40%2526nt%253D1%26s%3D80&ali_trackid=2:mm_15891853_2192459_8654727,0:1327997294_3z5_2103086898" 200 30070 "http://search8.taobao.com/search?q=%BF%D7%C3%F7%B5%C6&commend=all&pid=mm_15891853_2192459_8654727&p4p_str=lo1%3D40%26lo2%3D40%26nt%3D1&s=80" "Mozilla/4.0 (compatible; MSIE 6.0; Windows NT 5.1; SV1; .NET CLR 2.0.50727)" 60.11.177.134
172.24.106.213 27551 63 [31/Jan/2012:16:08:14 +0800] "GET http://item.taobao.com/item.htm?id=5548480999" 200 27586 "http://cart.taobao.com/my_cart.htm?from=mini&ad_id=&am_id=&cm_id=&pm_id=" "Mozilla/5.0 (compatible; MSIE 9.0; Windows NT 6.1; Trident/5.0; MALC)" 120.69.252.27
172.24.106.216 4595 88 [31/Jan/2012:16:08:14 +0800] "GET http://item.tmall.com/item.htm?spm=1103sxzM.4-4B0Tu.A-580R7r&id=2441706315&frm=" 302 20 "http://bedookbdk.tmall.com/?spm=3.28393.164978.73" "Mozilla/4.0 (compatible; MSIE 8.0; Windows NT 5.1; Trident/4.0; 360SE)" 27.43.231.224
172.24.106.215 3917 103 [31/Jan/2012:16:08:15 +0800] "GET http://item.taobao.com/item.htm?id=7084637794&ali_refid=a3_420434_1006:1103002629:6:%C7%EB%CC%FB:7457106b85a1f70386d3334b42e13a92&ali_trackid=1_7457106b85a1f70386d3334b42e13a92" 302 20 "http://s.taobao.com/search?q=%C7%EB%CC%FB&cat=50010020&commend=all&ssid=s5-e&bcoffset=2&ppath=20000:75635300;6906095:3267768&cps=yes&from=compass&navlog=compass-2-p-20000:75635300;6906095:3267768" "Mozilla/4.0 (compatible; MSIE 6.0; Windows NT 5.1; SV1; Mozilla/4.0(Compatible Mozilla/4.0(Compatible-EmbeddedWB 14.59 http://bsalsa.com/ EmbeddedWB- 14.59  from: http://bsalsa.com/ ; .NET CLR 2.0.50727)" 180.122.103.214
120.84.211.162 30974 4052 [31/Jan/2012:16:08:15 +0800] "GET http://item.taobao.com/item.htm?id=14084907906&ali_refid=a3_420435_1006:1102302093:6:%D6%C7%C4%DC%CA%D6%BB%FA:1c39e9c7224097053646de844792892c&ali_trackid=1_1c39e9c7224097053646de844792892c" 200 25892 "http://s.taobao.com/search?q=%C7%E9%C2%C2%D6%C7%C4%DC%CA%D6%BB%FA&commend=all&source=suggest&ssid=s5-e-p1&suggest=0_1&bcoffset=2&olu=yes&isprepay=1&sort=price-asc" "Mozilla/5.0 (Windows NT 5.1) AppleWebKit/535.7 (KHTML, like Gecko) Chrome/16.0.912.75 Safari/535.7 360EE" -
172.24.106.212 21022 99 [31/Jan/2012:16:08:15 +0800] "GET http://item.taobao.com/item.htm?id=13403305814" 200 18896 "http://s.taobao.com/search?q=%C5%A3%D7%D0%CD%E2%CC%D7&commend=all&ssid=s5-e&bcoffset=1&s=168" "Mozilla/4.0 (compatible; MSIE 7.0; Windows NT 5.1; Trident/4.0; @&bpAJN.vDO[gwf=C22CKP]?Ju,NPV2+F%5j<; .NET CLR 2.0.50727; 360SE)" 117.27.97.112
172.24.106.213 23010 155 [31/Jan/2012:16:08:15 +0800] "GET http://item.taobao.com/item.htm?id=13797271597" 200 19551 "http://tejia.taobao.com/?TBG=41105.125183.5&spm=1.41105.125183.5&ad_id=&am_id=&cm_id=&pm_id=" "Mozilla/4.0 (compatible; MSIE 6.0; Windows NT 5.1; 360SE)" 116.225.17.86
172.24.106.212 35141 55 [31/Jan/2012:16:08:15 +0800] "GET http://item.taobao.com/item.htm?id=2214513749" 200 29047 "http://cart.taobao.com/my_cart.htm?from=mini&ad_id=&am_id=&cm_id=&pm_id=" "Mozilla/4.0 (compatible; MSIE 7.0; Windows NT 6.1; WOW64; Trident/5.0; SLCC2; .NET CLR 2.0.50727; .NET CLR 3.5.30729; .NET CLR 3.0.30729; .NET4.0C) QQBrowser/6.10.11509.201" 115.63.62.217
172.24.106.210 31140 99 [31/Jan/2012:16:08:15 +0800] "GET http://item.taobao.com/item.htm?spm=110-1lRA-29th8.6qh1-TSvo.3-4D4oU1&id=8476361346" 200 28259 "http://pafullan.taobao.com/" "Mozilla/4.0 (compatible; MSIE 7.0; Windows NT 6.0; Trident/4.0; SLCC1; .NET CLR 2.0.50727; .NET CLR 3.5.21022; .NET CLR 3.5.30729; .NET CLR 3.0.30729; .NET4.0C; 360SE)" 114.82.123.229
172.24.106.212 54529 93 [31/Jan/2012:16:08:15 +0800] "GET http://item.taobao.com/item.htm?id=15187284193" 200 18213 "http://upload.taobao.com/auction/publish/edit.htm?itemNumId=15187284193&auto=false" "Mozilla/4.0 (compatible; MSIE 7.0; Windows NT 5.1; Trident/4.0; .NET4.0C; 360SE)" 113.204.37.167
172.24.106.213 4013 109 [31/Jan/2012:16:08:15 +0800] "GET http://item.tmall.com/cross/x_cross_iframe.htm?method=heightReset&frameId=popupPanel&height=136px&width=450px&prt=1327997295213&prc=1" 200 1261 "http://favorite.taobao.com/popup/add_collection.htm?id=7784291567&itemtype=1&scjjc=1&_tb_token_=33ed17313ee3f&t=1327992895534&isTmall=1" "Mozilla/4.0 (compatible; MSIE 8.0; Windows NT 5.1; Trident/4.0; GTB7.1)" 114.249.180.61
172.24.106.215 1099 88 [31/Jan/2012:16:08:15 +0800] "GET http://172.24.24.186/status.taobao" 200 2 "-" "-" -
172.24.106.210 21591 124 [31/Jan/2012:16:08:15 +0800] "GET http://item.taobao.com/item.htm?id=13754595059&ad_id=&am_id=&cm_id=&pm_id=" 200 18170 "http://item.taobao.com/item.htm?id=12847733710" "Mozilla/5.0 (Macintosh; Intel Mac OS X 10_6_8) AppleWebKit/534.52.7 (KHTML, like Gecko) Version/5.1.2 Safari/534.52.7" 202.108.18.250
172.24.106.214 24702 114 [31/Jan/2012:16:08:15 +0800] "GET http://item.taobao.com/item.htm?spm=1020.3.9.71&id=14090704551" 200 20954 "http://mobile.taobao.com/detail.htm?spm=1020.3.9.2&cat=1512&spuid=139682134&pidvid=10017%3A120139557%3B20000%3A81156&sort=_biz30day" "Mozilla/4.0 (compatible; MSIE 7.0; Windows NT 5.1; Trident/4.0; .NET CLR 2.0.50727; .NET CLR 3.0.4506.2152; 360SE)" 218.28.12.99
172.24.106.214 27093 70 [31/Jan/2012:16:08:15 +0800] "GET http://item.taobao.com/item.htm?spm=11027Jax.3-cuWD.h-4Rv3gd&id=12314706757&_u=v14hrn10d3f" 200 22524 "http://shop35574433.taobao.com/search.htm?spm=11027Jax.3-cuWD.h-4Rv3gd&search=y&viewType=grid&orderType=_hotsell&pageNum=1" "Mozilla/4.0 (compatible; MSIE 7.0; Windows NT 6.1; Trident/4.0; SLCC2; .NET CLR 2.0.50727; .NET CLR 3.5.30729; .NET CLR 3.0.30729; .NET4.0C; MALC; SE 2.X MetaSr 1.0)" 114.234.204.63
172.24.106.218 32295 90 [31/Jan/2012:16:08:15 +0800] "GET http://item.taobao.com/item.htm?spm=1103MDAB.4-aHK7O.s-4*pqx5&id=9439887384" 200 34557 "http://tianshishangcheng.taobao.com/view_page-179233266.htm" "Mozilla/5.0 (Windows NT 5.1) AppleWebKit/535.7 (KHTML, like Gecko) Chrome/16.0.912.63 Safari/535.7 CoolNovo/2.0.0.4" 113.26.5.42
172.24.106.214 38795 113 [31/Jan/2012:16:08:15 +0800] "GET http://item.taobao.com/item.htm?spm=110-RfJ-1*mwi.4nmj-3f8_R.h-xMSSp&id=13910044273&" 200 35249 "http://coolpet.taobao.com/search.htm?spm=110-RfJ-1*mwi.4nmj-3f8_R.6-1p4gtE&scid=268368254&scname=wdnG2sumu%2FU%3D&checkedRange=true&queryType=cat" "Mozilla/4.0 (compatible; MSIE 8.0; Windows NT 6.1; Trident/4.0; SLCC2; .NET CLR 2.0.50727; .NET CLR 3.5.30729; .NET CLR 3.0.30729; .NET4.0C; BRI/2; MALC; GreenBrowser)" 111.196.21.58
58.40.66.227 49427 81 [31/Jan/2012:16:08:15 +0800] "GET http://item.taobao.com/item.htm?id=4131691800" 200 31158 "-" "Mozilla/4.0 (compatible; MSIE 7.0; Windows NT 6.1; Trident/4.0; SLCC2; .NET CLR 2.0.50727; .NET CLR 3.5.30729; .NET CLR 3.0.30729; Media Center PC 6.0; InfoPath.2; SE 2.X)" -
183.164.152.148 27036 54 [31/Jan/2012:16:08:15 +0800] "GET http://item.taobao.com/item.htm?id=10242066342" 200 22204 "http://item.taobao.com/item.htm?id=14924388182&cm_cat=40&_u=vj6ro4934b2" "Mozilla/4.0 (compatible; MSIE 7.0; Windows NT 5.1; Trident/4.0)" -
172.24.106.215 46212 82 [31/Jan/2012:16:08:15 +0800] "GET http://item.taobao.com/item.htm?id=13015141298&ali_refid=a3_420986_1007:1102234676:7::d0db911252b33442d846d7461ed4e84d&ali_trackid=1_d0db911252b33442d846d7461ed4e84d" 200 34594 "http://trade.taobao.com/trade/itemlist/list_bought_items.htm?event_submit_do_query=1&action=itemlist%2Fquery_action&user_type=0&_fmt.q._0.c=I_HAS_NOT_COMMENT&_fmt.q._0.au=ALL&nekot=1327996510375" "Mozilla/4.0 (compatible; MSIE 8.0; Windows NT 5.1; Trident/4.0; GTB7.2; 360SE)" 220.189.200.6
172.24.106.218 234 - [31/Jan/2012:16:08:15 +0800] "GET http://item.taobao.com/none" 302 220 "http://item.taobao.com/item.htm?id=12493736179" "Mozilla/4.0 (compatible; MSIE 8.0; Windows NT 5.1; Trident/4.0; .NET CLR 2.0.50727)" 123.135.121.234
172.24.106.213 22686 90 [31/Jan/2012:16:08:15 +0800] "GET http://item.taobao.com/item.htm?spm=11023TJ*.3-1RqJK.h-2n86Ne&id=14761868058&" 200 28377 "http://damendao.taobao.com/search.htm?spm=11023TJ*.2-1RqJJ.6-4ZlquZ&orderType=_hotsell" "Mozilla/4.0 (compatible; MSIE 8.0; Windows NT 5.1; Trident/4.0; SV1; 360SE)" 61.134.55.146
172.24.106.228 848 57 [31/Jan/2012:16:08:15 +0800] "GET http://172.24.24.186/status.taobao" 200 2 "-" "a10hm/1.0" -
60.185.62.233 30815 63 [31/Jan/2012:16:08:15 +0800] "GET http://item.taobao.com/item.htm?spm=1103FuRs.3-2akVi.h-4P19V4&id=10036553913&" 200 25990 "http://651888210.taobao.com/search.htm?spm=1103FuRs.3-2akVi.6-4P19U*&scid=289063824&scname=oe%2B53LzQtfW7t7ncw7E%3D&checkedRange=true&queryType=cat" "Mozilla/4.0 (compatible; MSIE 8.0; Windows NT 5.1; Trident/4.0)" -
172.24.106.217 29094 114 [31/Jan/2012:16:08:15 +0800] "GET http://item.taobao.com/item.htm?spm=1103CGVU.3-bUr33.h-5dXG*U&id=13298788181&_u=v23orq371c2" 200 20218 "http://pg66888.taobao.com/search.htm?spm=1103CGVU.3-bUr33.h-5dXG*U&search=y&scid=386718820&viewType=grid&orderType=_hotsell&pageNum=5" "Mozilla/4.0 (compatible; MSIE 8.0; Windows NT 5.1; Trident/4.0; 360SE)" 58.221.136.26
172.24.106.218 20327 167 [31/Jan/2012:16:08:15 +0800] "GET http://item.taobao.com/item.htm?id=10377360079" 200 20523 "http://s.taobao.com/search?q=%B5%D8%D3%FC%C9%D9%C5%AE&commend=all&ssid=s5-e&bcoffset=2&s=40" "Mozilla/4.0 (compatible; MSIE 8.0; Windows NT 5.1; Trident/4.0; SV1; .NET CLR 2.0.50727; 360SE)" 122.113.3.133
172.24.106.216 27210 99 [31/Jan/2012:16:08:15 +0800] "GET http://item.taobao.com/item.htm?id=10970645200" 200 21716 "http://s.taobao.com/search?q=3M%CB%BC%B8%DF836R-56%CB%E6%CA%D6%D5%B3&commend=all&ssid=s5-e&bcoffset=2&sort=credit-desc" "Mozilla/4.0 (compatible; MSIE 7.0; Windows NT 5.1; Trident/4.0; 360SE)" 113.213.1.62
172.24.106.213 3577 113 [31/Jan/2012:16:08:16 +0800] "GET http://item.taobao.com/item.htm?id=10435204326" 302 - "-" "-" 112.126.32.91
172.24.106.218 18196 53 [31/Jan/2012:16:08:16 +0800] "GET http://item.taobao.com/item.htm?spm=11029KWZ.1-35PtJ.b-2xwR7t&id=9469442627" 200 19654 "-" "Mozilla/4.0 (compatible; MSIE 7.0; Windows NT 6.1; Trident/4.0; SLCC2; .NET CLR 2.0.50727; .NET CLR 3.5.30729; .NET CLR 3.0.30729; Media Center PC 6.0; .NET4.0C; MALC)" 114.242.126.130
172.24.106.216 24370 117 [31/Jan/2012:16:08:16 +0800] "GET http://item.taobao.com/item.htm?spm=1103sf7g.3-2XWTE.v-5552Ty&id=3906145449" 200 22943 "http://item.taobao.com/item.htm?spm=609.132170.155122.2&id=3906145449" "Mozilla/4.0 (compatible; MSIE 6.0; Windows NT 5.1; SV1; .NET CLR 2.0.50727; 360SE)" 110.183.145.52
172.24.106.214 24980 116 [31/Jan/2012:16:08:16 +0800] "GET http://item.taobao.com/item.htm?id=13996083875&ref=http%3A%2F%2Fwww.meilishuo.com%2Fu%2FPoVjV%3Ffrm%3Dout_link&ali_trackid=2:mm_17142583_0_0:1327997292_4z7_1299593066" 200 25425 "http://s.click.taobao.com/t_js?tu=http%3A%2F%2Fs.click.taobao.com%2Ft_8%3Fe%3D7HZ6jHSTbIOf81UMWPgJQyDKicUbUfakr44J5uKCv5FuYT8KdklN7HEljRJ4z0MKGpiFZnpaL0Ibf6t2UaZJPR6%252FGigfP7LxFV88aZLijg%253D%253D%26p%3Dmm_17142583_0_0%26n%3D19%26ref%3Dhttp%253A%252F%252Fwww.meilishuo.com%252Fu%252FPoVjV%253Ffrm%253Dout_link" "Mozilla/4.0 (compatible; MSIE 6.0; Windows NT 5.1; SV1; GTB7.2; InfoPath.1; .NET CLR 1.1.4322; 360SE)" 116.226.201.81
