218.61.130.90 43920 99 [31/Jan/2012:16:08:16 +0800] "GET http://item.taobao.com/item.htm?id=9966215121" 200 18428 "http://search.taobao.com/search?q=%D3%A1%C4%E1%B9%AB%BF%A7%B7%C8&source=store&ssid=s5-e&sort=credit-desc" "Mozilla/5.0 (Windows NT 6.1; WOW64) AppleWebKit/535.7 (KHTML, like Gecko) Chrome/16.0.912.63 Safari/535.7 360EE" -
172.24.106.214 20439 95 [31/Jan/2012:16:08:16 +0800] "GET http://item.taobao.com/item.htm?id=13056482709&_u=vgfbk5j3c6d" 200 20939 "http://favorite.taobao.com/collect_list-1-.htm?scjjc=c1" "Mozilla/4.0 (compatible; MSIE 7.0; Windows NT 5.1; Trident/4.0; TencentTraveler 4.0; QQDownload 711; 360SE)" 49.73.168.250
172.24.106.211 40954 82 [31/Jan/2012:16:08:16 +0800] "GET http://item.taobao.com/item.htm?spm=110-1jeg-3vFsk.6edM-1ugVF.h-1hFWKT&id=9496636701&_u=v33p306fda1" 200 26602 "http://360xjy.taobao.com/search.htm?spm=110-1jeg-3vFsk.6edM-1ugVF.h-1hFWKT&search=y&scid=367594002&viewType=grid&orderType=_coefp&pageNum=4" "Mozilla/5.0 (Windows NT 6.1; WOW64) AppleWebKit/535.7 (KHTML, like Gecko) Chrome/16.0.912.63 Safari/535.7 360EE" 58.248.7.135
60.22.240.128 27717 141 [31/Jan/2012:16:08:16 +0800] "GET http://item.taobao.com/item.htm?id=14111391105&from=xinpin" 200 27207 "http://www.taobao.com/go/chn/market/xiangbaoxinpin.php?TBG=151823.71436.21&spm=1.151823.71436.21&ad_id=&am_id=&cm_id=14006829937aa4c74c45&pm_id=" "Mozilla/4.0 (compatible; MSIE 6.0; Windows NT 5.1; SV1)" -
172.24.106.214 33036 71 [31/Jan/2012:16:08:16 +0800] "GET http://item.taobao.com/item.htm?id=14634568303&cm_cat=50016772&_u=vflk56scb52" 200 22771 "http://list.taobao.com/market/nvzhuang2011a.htm?cat=50016772&isprepay=1&msp=1&viewIndex=1&yp4p_page=10&commend=all&atype=b&s=462&style=grid&dtsp=1&q=%B4%F3+%C3%AB&ppath=20673%3A29449&isnew=2&mSelect=true&smc=1" "Mozilla/4.0 (compatible; MSIE 7.0; Windows NT 5.1; Trident/4.0; QQDownload 687; 360SE)" 121.231.178.137
172.24.106.214 38197 91 [31/Jan/2012:16:08:16 +0800] "GET http://item.taobao.com/item.htm?id=13074313171&f=e" 200 31708 "http://item.taobao.com/item.htm?spm=1103uzx_.3-3_fnC.h-1_swED&id=12903170067&" "Mozilla/4.0 (compatible; MSIE 6.0; Windows NT 5.1; SV1; .NET CLR 1.1.4322; .NET CLR 2.0.50727; .NET CLR 3.0.04506.30)" 61.136.95.181
172.24.106.212 26438 118 [31/Jan/2012:16:08:16 +0800] "GET http://item.taobao.com/item.htm?id=12246650198" 200 23373 "http://cart.taobao.com/my_cart.htm?from=mini&ad_id=&am_id=&cm_id=&pm_id=" "Mozilla/4.0 (compatible; MSIE 7.0; Windows NT 6.1; Trident/4.0; SLCC2; .NET CLR 2.0.50727; .NET CLR 3.5.30729; .NET CLR 3.0.30729; Media Center PC 6.0)" 60.222.176.193
172.24.106.211 22227 142 [31/Jan/2012:16:08:16 +0800] "GET http://item.taobao.com/item.htm?spm=1103ZdTl.1-5zyDI.3-4Qv*Qu&id=13212468944&" 200 20162 "-" "Mozilla/4.0 (compatible; MSIE 7.0; Windows NT 5.1; Trident/4.0; GTB7.1; .NET CLR 2.0.50727; .NET CLR 3.0.04506.648; .NET CLR 3.5.21022; 4399Box.1183; .NET CLR 3.0.4506.2152; .NET CLR 3.5.30729; 4399Box.1183; 360SE)" 112.226.112.135
172.24.106.211 39393 101 [31/Jan/2012:16:08:16 +0800] "GET http://item.taobao.com/item.htm?id=13796812049&scm=1007.0.0.2&spm=2006.2.1000020.2&ad_id=&am_id=&cm_id=&pm_id=" 200 41837 "http://favorite.taobao.com/popup/add_collection.htm?id=13232597957&itemtype=1&scjjc=1&_tb_token_=e5f1b3b5eb657&t=1327996953203" "Mozilla/4.0 (compatible; MSIE 6.0; Windows NT 5.1; SV1)" 60.220.137.34
172.24.106.211 4600 62 [31/Jan/2012:16:08:16 +0800] "GET http://item.taobao.com/item.htm?id=13341816292" 302 - "-" "-" 112.126.32.91
172.24.106.215 23564 100 [31/Jan/2012:16:08:16 +0800] "GET http://item.taobao.com/item.htm?id=13169398866" 200 25342 "-" "Mozilla/4.0 (compatible; MSIE 7.0; Windows NT 6.1; Trident/4.0; SLCC2; .NET CLR 2.0.50727; .NET CLR 3.5.30729; .NET CLR 3.0.30729; Media Center PC 6.0; InfoPath.2; SE 2.X)" 116.238.198.149
172.24.106.215 18832 60 [31/Jan/2012:16:08:16 +0800] "GET http://item.taobao.com/item.htm?id=2005320489" 200 18323 "http://item.taobao.com/item.htm?spm=1102ciKp.1-7lq4.b-37o2XA&id=1968146035" "Mozilla/4.0 (compatible; MSIE 7.0; Windows NT 5.1; Trident/4.0)" 117.83.136.104
172.24.106.210 3845 71 [31/Jan/2012:16:08:16 +0800] "GET http://item.tmall.com/cross/x_cross_iframe.htm?0.33981467440110946&method=heightReset&frameId=popupPanel&height=368px&width=450px" 200 1265 "http://favorite.taobao.com/popup/add_collection.htm?id=64243325&itemid=64243325&itemtype=0&ownerid=ffc141564488211efd84982eb913a6e5&scjjc=2&_tb_token_=bb635946ee3f&t=1327996798015&isTmall=1" "Mozilla/4.0 (compatible; MSIE 6.0; Windows NT 5.1; SV1; CNCDialer; .NET CLR 2.0.50727; 360SE)" 222.88.156.51
172.24.106.215 30635 100 [31/Jan/2012:16:08:16 +0800] "GET http://item.taobao.com/item.htm?id=13747367032&tracelog=qzdetail004&category=10103000000" 200 28049 "http://taojinbi.taobao.com/home/award_category_home.htm?category_id=10103000000" "Mozilla/5.0 (Windows NT 5.1) AppleWebKit/535.7 (KHTML, like Gecko) Chrome/16.0.912.75 Safari/535.7 360EE" 123.9.232.155
172.24.106.217 43094 57 [31/Jan/2012:16:08:16 +0800] "GET http://item.taobao.com/item.htm?spm=110-zqY-29Q22.3qpJ-UUU3.h-1Uyhig&id=4088988748&_u=v41psga1a88" 200 43416 "http://9colors.taobao.com/?spm=110-zqY-29Q22.3qpE-UUTY.3-4PbcRD&search=y&scid=142074117&scname=0dPKsczXu7c%3D&checkedRange=true&queryType=cat" "Mozilla/4.0 (compatible; MSIE 8.0; Windows NT 6.1; WOW64; Trident/4.0; SLCC2; .NET CLR 2.0.50727; .NET CLR 3.5.30729; .NET CLR 3.0.30729; Media Center PC 6.0; .NET4.0C; TheWorld)" 114.90.35.241
172.24.106.215 31489 92 [31/Jan/2012:16:08:16 +0800] "GET http://item.taobao.com/item.htm?id=8881862913&_u=vdvqi6v4931" 200 19633 "http://s.taobao.com/search?q=%BA%BA%C4%C8%C3%C9%CB%FE%C4%C8&source=suggest&suggest=0_1&s=120" "Mozilla/4.0 (compatible; MSIE 8.0; Windows NT 6.1; Trident/4.0; QQDownload 708; SLCC2; .NET CLR 2.0.50727; .NET CLR 3.5.30729; .NET CLR 3.0.30729; Media Center PC 6.0; Tablet PC 2.0)" 120.65.89.31
172.24.106.210 17981 98 [31/Jan/2012:16:08:16 +0800] "GET http://item.taobao.com/item.htm?id=9212816730&cm_cat=50003791" 200 18962 "http://list.taobao.com/market/shuma.htm?atype=b&cat=50003791&sort=coefp&s=42&style=grid&random=false&viewIndex=7&isnew=2&yp4p_page=0&commend=all#ListView" "Mozilla/5.0 (Windows NT 5.1) AppleWebKit/535.1 (KHTML, like Gecko) Chrome/14.0.802.30 Safari/535.1 SE 2.X MetaSr 1.0" 58.215.195.50
111.193.202.27 32157 305 [31/Jan/2012:16:08:16 +0800] "GET http://item.taobao.com/item.htm?spm=11028Npv.3-69xFP.h-54hJdN&id=12707244916&_u=v2qo3ja677c" 200 29350 "http://shaolinlin.taobao.com/search.htm?spm=11028Npv.2-69xFG.6-54hJdf&scid=361687804&scname=wKy7%2BM2wINHMu9K41w%3D%3D&checkedRange=true&queryType=cat" "Mozilla/4.0 (compatible; MSIE 8.0; Windows NT 6.1; Trident/4.0; SLCC2; .NET CLR 2.0.50727; .NET CLR 3.5.30729; .NET CLR 3.0.30729)" -
172.24.106.215 20494 113 [31/Jan/2012:16:08:16 +0800] "GET http://item.taobao.com/item.htm?id=3596482837" 200 101545 "-" "Mozilla/4.0 (compatible; MSIE 7.0; Windows NT 5.1)" 123.97.150.113
172.24.106.212 21671 133 [31/Jan/2012:16:08:17 +0800] "GET http://item.taobao.com/item.htm?id=13011353358" 200 148760 "-" "Mozilla/4.0 (compatible; MSIE 7.0; Windows NT 5.1)" 60.179.180.63
172.24.106.218 25643 114 [31/Jan/2012:16:08:17 +0800] "GET http://item.taobao.com/item.htm?id=4629497534" 200 15512 "http://s.taobao.com/search?q=%CE%F7%B2%AE%C0%FB%D1%C7v1%B6%FA%BB%FA&source=suggest&suggest=0_2&atype=b&filterFineness=2&bcoffset=2&s=40" "Mozilla/5.0 (Windows NT 6.0) AppleWebKit/535.7 (KHTML, like Gecko) Chrome/16.0.912.75 Safari/535.7 360EE" 220.181.151.46
60.184.233.123 21985 55 [31/Jan/2012:16:08:17 +0800] "GET http://item.taobao.com/item.htm?id=15311516609" 200 14435 "http://www.taobao.com" "Mozilla/4.0 (compatible; MSIE 7.0; Windows NT 5.1; .NET CLR 2.0.50727)" -
172.24.106.218 34296 122 [31/Jan/2012:16:08:17 +0800] "GET http://item.taobao.com/item.htm?id=10364065193&ali_refid=a3_420434_1006:1102329493:6:%BA%DA%C3%D7:17d51c0a84fe61972fc7def9de1ab39a&ali_trackid=1_17d51c0a84fe61972fc7def9de1ab39a" 200 24419 "http://search.taobao.com/search?q=%BA%DA%C3%D7&searcy_type=item&s_from=newHeader&source=store&ssid=s5-e&search=y" "Mozilla/4.0 (compatible; MSIE 7.0; Windows NT 5.1; Trident/4.0; 360SE)" 58.37.41.132
172.24.106.215 37137 119 [31/Jan/2012:16:08:17 +0800] "GET http://item.taobao.com/item.htm?id=12574327308" 200 21620 "-" "Mozilla/5.0 (compatible; MSIE 9.0; Windows NT 6.0; Trident/5.0)" 117.33.202.148
172.24.106.212 36938 947 [31/Jan/2012:16:08:17 +0800] "GET http://item.taobao.com/item.htm?spm=110-14a5-3U38O.5fp6-3Z0qc.bmzP-4DHyX_&id=9399918177" 200 31415 "http://item.taobao.com/item.htm?spm=110-14a5-3U38O.5fp5-3YTUG.h-QsF9A&id=13685096079&_u=v5a2eft2c39" "Mozilla/5.0 (Windows; U; Windows NT 5.1; en-US) AppleWebKit/534.8 (KHTML, like Gecko) Chrome/7.0.529.0 Safari/534.8" 60.25.92.95
172.24.106.211 19162 83 [31/Jan/2012:16:08:17 +0800] "GET http://item.taobao.com/item.htm?id=13435690207&_u=vb9r4t9cdc7" 200 17959 "http://s.taobao.com/search?q=%C5%B7%D6%DE%D5%BE&cat=50095921&style=grid&cps=yes&bcoffset=2&s=294" "Mozilla/4.0 (compatible; MSIE 7.0; Windows NT 6.1; Trident/4.0; QQDownload 691; SLCC2; .NET CLR 2.0.50727; .NET CLR 3.5.30729; .NET CLR 3.0.30729; 360SE)" 218.28.26.126
172.24.106.212 1270 40 [31/Jan/2012:16:08:17 +0800] "GET http://item.taobao.com/pass.htm?target=http%3A%2F%2Fitem.tmall.com%2Fitem.htm%3Fid%3D10258652198%26prt%3D1327997297129%26prc%3D1" 302 20 "-" "Mozilla/4.0 (compatible; MSIE 7.0; Windows NT 5.1)" 202.108.1.13
110.6.75.234 24458 119 [31/Jan/2012:16:08:17 +0800] "GET http://item.taobao.com/item.htm?spm=110-1apw-2cVDN.5F9u-1IGMk.cEVe-GSeiz&id=8718450879" 200 26297 "http://item.taobao.com/item.htm?id=7812179623&ref=http%3A%2F%2Fs8.taobao.com%2Fsearch%3Fcat%3D0%26commend%3D1%252C2%26s%3D0%26sort%3Dcoefp%26n%3D40%26q%3D%25F5%25F5%25C6%25A4%25B4%25F3%25D2%25C2%26tab%3Dcoefp%26pid%3Dmm_14802076_0_0%26mode%3D23&ali_trackid=2:mm_14802076_0_0,0:1327997254_4z4_1031084693" "Mozilla/4.0 (compatible; MSIE 6.0; Windows NT 5.1; SV1)" -
172.24.106.218 25565 86 [31/Jan/2012:16:08:17 +0800] "GET http://item.taobao.com/item.htm?spm=1101*fHn.1-bhDd6.b-4*Chrb&id=12828849254" 200 25663 "http://store.taobao.com/shop/view_shop.htm?tracelog=twddp" "Mozilla/4.0 (compatible; MSIE 7.0; Windows NT 5.1; Trident/4.0; 360SE)" 115.223.149.194
172.24.106.215 23063 113 [31/Jan/2012:16:08:17 +0800] "GET http://item.taobao.com/item.htm?id=9967555606" 200 17677 "http://search.taobao.com/search?q=%BA%A3%BB%C6+%C4%BE%C1%CF&source=item&ssid=s5-e&s=80" "Mozilla/4.0 (compatible; MSIE 7.0; Windows NT 5.1; Trident/4.0; .NET CLR 2.0.50727; .NET CLR 3.0.4506.2152; .NET CLR 3.5.30729; 360SE)" 180.172.46.206
172.24.106.217 49980 96 [31/Jan/2012:16:08:17 +0800] "GET http://item.taobao.com/item.htm?id=13577192895&wwlight=cntaobao%E5%B0%8F%E6%99%B4%E7%94%B5%E5%AD%90%E4%B8%93%E5%8D%96-%7B13577192895%7D" 200 29692 "http://item.taobao.com/item.htm?id=13577192895" "Mozilla/5.0 (Windows NT 6.0) AppleWebKit/534.30 (KHTML, like Gecko) Chrome/12.0.742.122 Safari/534.30" 121.77.177.182
172.24.106.212 22124 95 [31/Jan/2012:16:08:17 +0800] "GET http://item.taobao.com/item.htm?id=14403320565&_u=v5qpf4k190a" 200 25276 "-" "Mozilla/4.0 (compatible; MSIE 8.0; Windows NT 5.1; Trident/4.0; @4adGJB]4d[?&Z.B>7Xly|0v2f*]+CvJAqjX-*; QQDownload 702; InfoPath.2; .NET CLR 2.0.50727)" 122.96.51.15
119.48.180.111 32477 3756 [31/Jan/2012:16:08:17 +0800] "GET http://item.taobao.com/item.htm?spm=1103vjdK.3-2bPoZ.h-Yw5Z_&id=13321011987&_u=v1e5ituf6cf" 200 33116 "http://cymodels.taobao.com/search.htm?spm=1103vjdK.4-3COg9.6-23eURb&scid=390127026&scname=uLvKv8PAMS83MDC9orSsxKPQzQ%3D%3D&checkedRange=true&queryType=cat" "Mozilla/4.0 (compatible; MSIE 6.0; Windows NT 5.1; SV1; .NET CLR 2.0.50727; 360SE)" -
172.24.106.216 28092 119 [31/Jan/2012:16:08:17 +0800] "GET http://item.taobao.com/item.htm?id=14236244213&scm=1007.0.0.2&spm=2006.2.1000020.2&ad_id=&am_id=&cm_id=&pm_id=" 200 24470 "http://favorite.taobao.com/popup/add_collection.htm?id=2563594537&itemtype=1&scjjc=1&_tb_token_=5be0e87f66505&t=1327995473703" "Mozilla/4.0 (compatible; MSIE 8.0; Windows NT 5.1; Trident/4.0; GTB7.2; 360SE)" 175.148.156.162
172.24.106.211 25985 118 [31/Jan/2012:16:08:17 +0800] "GET http://item.taobao.com/item.htm?id=13358452949&" 200 30390 "-" "Mozilla/4.0 (compatible; MSIE 7.0; Windows NT 6.1; Trident/4.0; SLCC2; .NET CLR 2.0.50727; .NET CLR 3.5.30729; .NET CLR 3.0.30729; Media Center PC 6.0; InfoPath.2; SE 2.X)" 123.121.14.210
172.24.106.218 28023 84 [31/Jan/2012:16:08:17 +0800] "GET http://item.taobao.com/item.htm?id=9984494281&ref=http%3A%2F%2Fsearch8.taobao.com%2Fsearch%3Fq%3D%25D6%25D0%25C0%25CF%25C4%25EA%2B%25C4%25D0%25D7%25B0%2B%25B0%25D6%25B0%25D6%26unid%3D6%26mode%3D63%26pid%3Dmm_15144495_2216478_8873461%26p4p_str%3Dlo1%253D12%2526lo2%253D12%2526nt%253D1%26cat%3D50010158%26cps%3Dyes%26from%3Dcompass%26navlog%3Dcompass-5-c-50010158&ali_trackid=2:mm_15144495_2216478_8873461,6:1327997297_4z6_465173643" 200 27198 "http://search8.taobao.com/search?q=%D6%D0%C0%CF%C4%EA+%C4%D0%D7%B0+%B0%D6%B0%D6&unid=6&mode=63&pid=mm_15144495_2216478_8873461&p4p_str=lo1%3D12%26lo2%3D12%26nt%3D1&cat=50010158&cps=yes&from=compass&navlog=compass-5-c-50010158" "Mozilla/4.0 (compatible; MSIE 7.0; Windows NT 5.1; GTB6.5; .NET CLR 1.1.4322; .NET CLR 2.0.50727; .NET CLR 3.0.4506.2152; 360SE)" 58.247.214.105
117.66.233.213 9019 113 [31/Jan/2012:16:08:17 +0800] "GET http://item.taobao.com/item.htm?id=12367146731" 302 20 "http://s.etao.com/search?v=auction&q=%CC%EC%B6%EC%BA%B5%B1%F9%D0%AC&qinfo=%C9%C1%B9%E2%033%050%01%CC%EC%B6%EC%030%050%01%B6%F9%CD%AF%033%050%01%B3%C9%C8%CB%033%050%01%BA%B5%B1%F9%033%050%04%042%04&nidpromote=12367146731:3&stp=tb_search.srp.opsrh4.0.etaosrp&tb_lm_id=t_sousuo7&tbpm=t" "Mozilla/4.0 (compatible; MSIE 6.0; Windows NT 5.1; SV1; CIBA)" -
172.24.106.216 36501 128 [31/Jan/2012:16:08:17 +0800] "GET http://item.taobao.com/item.htm?spm=1102b3M5.3-22o57.h-T5lst&id=13913355942&" 200 17357 "http://dongyixiedian.taobao.com/search.htm?spm=1102b3M5.2-22o56.6-T5lso&scid=419746776&scname=xNDQrA%3D%3D&checkedRange=true&queryType=cat" "Mozilla/4.0 (compatible; MSIE 6.0; Windows NT 5.1; SV1)" 119.185.43.110
172.24.106.212 31836 78 [31/Jan/2012:16:08:17 +0800] "GET http://item.taobao.com/item.htm?id=12955516331" 200 23833 "-" "Mozilla/4.0 (compatible; MSIE 7.0; Windows NT 6.1; Trident/4.0; SLCC2; .NET CLR 2.0.50727; .NET CLR 3.5.30729; .NET CLR 3.0.30729; Media Center PC 6.0; InfoPath.2; SE 2.X)" 114.252.68.202
172.24.106.216 23995 80 [31/Jan/2012:16:08:17 +0800] "GET http://item.taobao.com/item.htm?id=14115516011" 200 23398 "http://s.taobao.com/search?q=%C8%D5%B5%A5+%C9%AD%C1%D6%CF%B5+%C1%AC%D2%C2%C8%B9&s=720" "Mozilla/4.0 (compatible; MSIE 8.0; Windows NT 5.1; Trident/4.0; EmbeddedWB 14.52 from: http://www.bsalsa.com/ EmbeddedWB 14.52; .NET CLR 1.1.4322)" 60.24.109.240
172.24.106.218 29606 56 [31/Jan/2012:16:08:17 +0800] "GET http://item.taobao.com/item.htm?id=13494917756&_u=v9le67840be" 200 30430 "http://s.taobao.com/search?q=%CA%D6%C4%C3%B0%FC&commend=all&ssid=s5-e&bcoffset=1&jumpto=15&s=560&n=40" "Mozilla/5.0 (Windows NT 5.1) AppleWebKit/535.1 (KHTML, like Gecko) Chrome/14.0.802.30 Safari/535.1 SE 2.X MetaSr 1.0" 222.93.193.182
172.24.106.217 26380 101 [31/Jan/2012:16:08:17 +0800] "GET http://item.taobao.com/item.htm?id=15211644415" 200 28453 "http://cart.taobao.com/my_cart.htm?type=mytaobao&userid=%s&tracelog=newgwc" "Mozilla/4.0 (compatible; MSIE 8.0; Windows NT 6.1; Trident/4.0; SLCC2; .NET CLR 2.0.50727; .NET CLR 3.5.30729; .NET CLR 3.0.30729; Media Center PC 6.0; InfoPath.2)" 222.66.226.154
172.24.106.214 39780 51 [31/Jan/2012:16:08:17 +0800] "GET http://item.taobao.com/item.htm?id=8147693954" 200 45420 "http://s.taobao.com/search?q=%B0%B2%C4%C8%CB%D5%CF%E3%CB%AE&keyword=&commend=all&ssid=s5-e-p1&search_type=item&atype=&tracelog=&sourceId=tb.index&suggest=0_4&source=suggest&wq=ANNASU" "Mozilla/4.0 (compatible; MSIE 7.0; Windows NT 5.1; .NET CLR 2.0.50727; .NET CLR 3.0.4506.2152; .NET CLR 3.5.30729; 360SE)" 220.180.230.134
114.232.250.238 46969 2557 [31/Jan/2012:16:08:17 +0800] "GET http://item.taobao.com/item.htm?spm=11024WTY.3-2u8og.v-19r1Tb&id=13190207863" 200 26918 "http://36558.taobao.com/?spm=11024WTY.2-2u8od.2-18qPAu&search=y&scid=325390967&scname=wvLSu8vNy8Q%3D&checkedRange=true&queryType=cat" "Mozilla/4.0 (compatible; MSIE 7.0; Windows NT 5.1; Trident/4.0; .NET CLR 2.0.50727; 360SE)" -
172.24.106.216 2494 44 [31/Jan/2012:16:08:18 +0800] "GET http://item.taobao.com/chongzhi/phone_list.do?callback=jsonp1327997299597" 204 2 "http://item.taobao.com/item.htm?id=13278813994&ali_refid=a3_420520_1007:1103800135:6:%D6%B0%D2%B5%C8%FD%BC%FE%CC%D7:8310a1c4a00b668dc72a28295115de65&ali_trackid=1_8310a1c4a00b668dc72a28295115de65" "Mozilla/5.0 (Windows NT 5.1) AppleWebKit/535.1 (KHTML, like Gecko) Chrome/14.0.802.30 Safari/535.1 SE 2.X MetaSr 1.0" 123.233.251.130
172.24.106.217 31634 82 [31/Jan/2012:16:08:17 +0800] "GET http://item.taobao.com/item.htm?spm=11020rw*.3-2rZgK.h-170Iof&id=14096219024&_u=v88aca4877c" 200 19226 "http://xiquema.taobao.com/search.htm?spm=11020rw*.2-2rZgJ.6-170InV&scid=436154187&scname=MdTCt920ur%2Fu0MK%2F7g%3D%3D&checkedRange=true&queryType=cat" "Mozilla/4.0 (compatible; MSIE 6.0; Windows NT 5.1; SV1; Mozilla/4.0 (compatible; MSIE 6.0; Windows NT 5.1; SV1) ; .NET CLR 2.0.50727; 360SE)" 117.82.159.2
172.24.106.216 30053 82 [31/Jan/2012:16:08:18 +0800] "GET http://item.taobao.com/item.htm?id=9971452258" 200 14886 "http://gyauto.taobao.com/?catId=412163081&queryType=cat&categoryName=s7XTw9HMu9K413yztdTYwKy7%2BM2w&encodeCategoriesName=y&search=y" "Mozilla/4.0 (compatible; MSIE 6.0; Windows NT 5.1; SV1; .NET CLR 2.0.50727)" 110.84.211.214
223.241.240.15 9338 127 [31/Jan/2012:16:08:18 +0800] "GET http://item.taobao.com/item.htm?id=12251416628" 200 4068 "-" "Mozilla/4.0 (compatible; MSIE 7.0; Windows NT 6.1; Trident/4.0; SLCC2; .NET CLR 2.0.50727; .NET CLR 3.5.30729; .NET CLR 3.0.30729; Media Center PC 6.0; InfoPath.2; SE 2.X)" -
172.24.106.212 30761 68 [31/Jan/2012:16:08:18 +0800] "GET http://item.taobao.com/item.htm?spm=110-12Wy-21oe_.5ahu-2X7fV.h-D*ys4&id=5765534302&" 200 27198 "http://wstj.taobao.com/search.htm?spm=110-12Wy-21oe_.5ahu-2X7fV.h-D*ys4&search=y&viewType=grid&orderType=_hotsell&pageNum=5" "Mozilla/4.0 (compatible; MSIE 7.0; Windows NT 5.1; .NET CLR 2.0.50727; .NET CLR 3.0.4506.2152; .NET CLR 3.5.30729; .NET4.0C; .NET4.0E)" 114.242.174.68
172.24.106.210 38825 119 [31/Jan/2012:16:08:18 +0800] "GET http://item.taobao.com/item.htm?id=9296382731&ad_id=&am_id=&cm_id=&pm_id=" 200 14794 "http://item.taobao.com/item.htm?id=9804210171" "Mozilla/5.0 (Windows NT 5.1; rv:9.0.1) Gecko/20100101 Firefox/9.0.1" 202.106.86.130
172.24.106.214 36509 124 [31/Jan/2012:16:08:18 +0800] "GET http://item.taobao.com/item.htm?spm=11029tgy.3-6VhMn.h-3lEKV*&id=10739737342&_u=vorcpo91f4" 200 43723 "http://ggyyf.taobao.com/?spm=11029tgy.1-6VhLF.3-3lEKHW&search=y&orderType=_hotsell&viewType=grid&baobei_type=&keyword=%D6%BD%C4%F2%BF%E3&price1=&price2=" "Mozilla/4.0 (compatible; MSIE 6.0; Windows NT 5.1; SV1; znwb6400; .NET CLR 2.0.50727)" 218.25.98.82
123.8.178.96 27647 56 [31/Jan/2012:16:08:18 +0800] "GET http://item.taobao.com/item.htm?id=13981284146" 200 16718 "http://search.taobao.com/search?q=1104040700&searcy_type=item&s_from=newHeader&source=item&ssid=s5-e&search=y" "Mozilla/4.0 (compatible; MSIE 8.0; Windows NT 5.1; Trident/4.0; CNCDialer; GTB6.5; EmbeddedWB 14.52 from: http://www.bsalsa.com/ EmbeddedWB 14.52; 360SE)" -
172.24.106.213 50487 119 [31/Jan/2012:16:08:18 +0800] "GET http://item.taobao.com/item.htm?id=13167216313&cm_cat=50006842" 200 22102 "http://list.taobao.com/market/nvbao2011a.htm?cat=50006842&ratesum=6%2C7%2C8%2C9%2C10%2C11%2C12%2C13%2C14%2C15%2C16%2C17%2C18%2C19%2C20&sort=biz30day&user_type=0&isprepay=1&third_qc=1&random=false&viewIndex=1&as=1&yp4p_page=4&commend=all&atype=b&s=210&style=grid&isnew=2&olu=yes&smc=1&mSelect=false&filter=reserve_price%5B120%2C400%5D" "Mozilla/5.0 (compatible; MSIE 9.0; Windows NT 6.1; Win64; x64; Trident/5.0)" 27.194.26.182
172.24.106.211 38183 112 [31/Jan/2012:16:08:18 +0800] "GET http://item.taobao.com/item.htm?id=3978036924&cm_cat=50072721&_u=vcl5icj39a3" 200 29856 "http://list.taobao.com/market/nvbao2011a.htm?cat=50072721&ratesum=6%2C7%2C8%2C9%2C10%2C11%2C12%2C13%2C14%2C15%2C16%2C17%2C18%2C19%2C20&sort=coefp&isprepay=1&random=false&viewIndex=7&yp4p_page=0&commend=all&style=grid&s=42&olu=yes&mSelect=false" "Mozilla/4.0 (compatible; MSIE 7.0; Windows NT 6.0; SLCC1; .NET CLR 2.0.50727; .NET CLR 3.0.04506; MAXTHON 2.0)" 124.165.36.220
172.24.106.218 25646 137 [31/Jan/2012:16:08:18 +0800] "GET http://item.taobao.com/item.htm?spm=11046uWt.3-a73PP.h-4oCiCW&id=13761036558&" 200 26232 "http://planwell.taobao.com/search.htm?spm=11046uWt.1-a73PM.6-4oCixC&scid=404747954&scname=vfCxtMrPLdLmyfrUqsPXt9s%3D&checkedRange=true&queryType=cat" "Mozilla/4.0 (compatible; MSIE 6.0; Windows NT 5.1; SV1)" 202.111.138.29
172.24.106.229 799 103 [31/Jan/2012:16:08:18 +0800] "GET http://172.24.24.186/status.taobao" 200 2 "-" "a10hm/1.0" -
172.24.106.215 21584 93 [31/Jan/2012:16:08:18 +0800] "GET http://item.taobao.com/item.htm?id=13299382864" 200 24867 "-" "Mozilla/4.0 (compatible; MSIE 8.0; Windows NT 5.1; Trident/4.0; SV1; 360SE)" 113.126.98.28
123.164.148.90 23517 3035 [31/Jan/2012:16:08:18 +0800] "GET http://item.taobao.com/item.htm?id=9692744249&_u=vbg5evf13e8" 200 20457 "http://s.taobao.com/search?q=30qb&commend=all&ssid=s5-e&search_type=item&atype=&filterFineness=" "Mozilla/4.0 (compatible; MSIE 8.0; Windows NT 5.1; Trident/4.0; QQDownload 702)" -
172.24.106.215 13176 51 [31/Jan/2012:16:08:18 +0800] "GET http://item.tmall.com/item.htm?id=10107280919&prt=1327997298568&prc=3" 302 20 "-" "Mozilla/4.0 (compatible; MSIE 7.0; Windows NT 5.1)" 202.108.1.10
172.24.106.214 20410 73 [31/Jan/2012:16:08:18 +0800] "GET http://item.taobao.com/item.htm?id=10703358377&ali_refid=a3_420434_1006:1103114574:6:%CE%C4%BE%DF:8d874e739ccba42d838aaeacdd57d421&ali_trackid=1_8d874e739ccba42d838aaeacdd57d421" 200 22264 "http://s.taobao.com/search?q=%CE%C4%BE%DF&tab=promotion&from_pos=suggest&suggest_query=%CE%C4%BE%DF&sb_id=18&suggest=zhekou_1&source=suggest" "Mozilla/4.0 (compatible; MSIE 6.0; Windows NT 5.1; SV1)" 115.63.206.238
172.24.106.217 4732 77 [31/Jan/2012:16:08:18 +0800] "GET http://item.taobao.com/item.htm?id=14114616906" 200 3542 "http://www.baidu.com/" "Mozilla/4.0 (compatible; MSIE 6.0; Windows NT 5.1; SV1; 4399Box.526)" 117.24.115.217
172.24.106.211 191 126 [31/Jan/2012:16:08:18 +0800] "GET http://item.taobao.com/" 302 220 "http://item.taobao.com/item.htm?id=10042388190&_u=v293bgl31e8" "Mozilla/4.0 (compatible; MSIE 7.0; Windows NT 5.1; Trident/4.0; .NET CLR 2.0.50727; 360SE)" 124.224.59.18
172.24.106.210 7645 56 [31/Jan/2012:16:08:18 +0800] "GET http://item.taobao.com/item.htm?id=13742451768" 200 5572 "-" "Mozilla/4.0 (compatible; MSIE 7.0; Windows NT 6.1; Trident/4.0; SLCC2; .NET CLR 2.0.50727; .NET CLR 3.5.30729; .NET CLR 3.0.30729; Media Center PC 6.0; InfoPath.2; SE 2.X)" 49.81.103.240
172.24.106.214 16732 75 [31/Jan/2012:16:08:18 +0800] "GET http://item.taobao.com/item.htm?id=13402593920&key=C1cKcVZgwRjYouK%2FSekNa2xSXQbc%2Fk%2BjbBNIgDs%3D&tracelog=jubuybigpic" 200 98766 "http://ju.taobao.com/tg/home.htm?item_id=13402593920&page=2&tracelog=fromauclist&_u=v2kers554bf" "Mozilla/4.0 (compatible; MSIE 8.0; Windows NT 5.1; Trident/4.0; .NET CLR 2.0.50727)" 124.88.160.9
220.191.251.221 22133 91 [31/Jan/2012:16:08:18 +0800] "GET http://item.taobao.com/item.htm?spm=110219Lt.3-arw2u.h-4Mgren&id=4794216511&" 200 27863 "http://ilovesofa.taobao.com/search.htm?spm=110219Lt.2-arw2t.6-5j8cB_&scid=425488462&scname=zNi8287l1dvH%2BA%3D%3D&checkedRange=true&queryType=cat" "Mozilla/4.0 (compatible; MSIE 8.0; Windows NT 5.1; Trident/4.0; SV1; 360SE)" -
172.24.106.214 30398 95 [31/Jan/2012:16:08:18 +0800] "GET http://item.taobao.com/item.htm?spm=110-14a5-3tn55.5fp5-9zA0D.h-vuXdN&id=13296527461&_u=v1sren60100" 200 31529 "http://ice-girl.taobao.com/search.htm?spm=110-14a5-3tn55.5fp5-9zA0D.6-1m4zZ6&scid=389446529&scname=v9rLrr3tILXmsbO97SDPtNTove0gytbFwSC3udLC&checkedRange=true&queryType=cat" "Mozilla/4.0 (compatible; MSIE 7.0; Windows NT 5.1; Trident/4.0; .NET CLR 2.0.50727; 360SE)" 112.246.212.59
172.24.106.210 29334 60 [31/Jan/2012:16:08:18 +0800] "GET http://item.taobao.com/item.htm?id=7615017750" 200 26326 "http://item.taobao.com/item.htm?id=9374713600&_u=v1i0ijvdc9c" "Mozilla/4.0 (compatible; MSIE 7.0; Windows NT 5.1; Trident/4.0; .NET CLR 2.0.50727; .NET CLR 3.0.4506.2152; .NET CLR 3.5.30729; 360SE)" 116.232.96.89
172.24.106.212 24439 82 [31/Jan/2012:16:08:18 +0800] "GET http://item.taobao.com/item.htm?id=13689363385&_u=v1nbp9s3000" 200 23615 "http://s.taobao.com/search?q=4S+%B7%AD%B8%C7%C6%A4%CC%D7%B4%F8%C9%FE" "Mozilla/4.0 (compatible; MSIE 7.0; Windows NT 6.0; SLCC1; .NET CLR 2.0.50727; Media Center PC 5.0; .NET CLR 3.0.04506; 360SE)" 111.164.235.60
172.24.106.213 28115 81 [31/Jan/2012:16:08:19 +0800] "GET http://item.taobao.com/item.htm?id=1979605935" 200 28251 "http://trade.taobao.com/trade/itemlist/list_sold_items.htm" "Mozilla/4.0 (compatible; MSIE 7.0; Windows NT 5.1; Maxthon; .NET CLR 1.1.4322)" 114.252.164.15
172.24.106.213 17018 89 [31/Jan/2012:16:08:19 +0800] "GET http://item.taobao.com/item.htm?id=13891911260" 200 67631 "-" "Mozilla/4.0 (compatible; MSIE 7.0; Windows NT 5.1)" 221.0.173.153
118.88.63.83 28487 55 [31/Jan/2012:16:08:19 +0800] "GET http://item.taobao.com/item.htm?spm=1103KHJA.3-9MaCm.h-56rgFC&id=13769848251&" 200 21623 "http://shop62569316.taobao.com/search.htm?spm=1103KHJA.1-9MaCf.6-56rgFl&categoryp=162103&scid=420025433&scname=uLS5xcOr0sI%3D&queryType=cat" "Mozilla/4.0 (compatible; MSIE 7.0; Windows NT 5.1; Trident/4.0; .NET CLR 2.0.50727; .NET CLR 3.0.4506.2152; .NET CLR 3.5.30729; .NET4.0C; .NET4.0E)" -
172.24.106.217 24294 198 [31/Jan/2012:16:08:19 +0800] "GET http://item.taobao.com/item.htm?spm=110vmc.1-1KPz8.4-2Tyrcy&id=13318712151" 200 24439 "http://store.taobao.com/shop/view_shop-3267256ca6549aaf5761ce3b5e80b0ff.htm" "Mozilla/4.0 (compatible; MSIE 8.0; Windows NT 5.1; Trident/4.0; Maxthon; .NET CLR 1.1.4322; .NET CLR 2.0.50727; 360SE)" 180.173.147.217
172.24.106.215 3561 74 [31/Jan/2012:16:08:19 +0800] "GET http://item.taobao.com/item.htm?id=13033847674" 302 - "-" "-" 112.126.32.91
172.24.106.213 21891 67 [31/Jan/2012:16:08:19 +0800] "GET http://item.taobao.com/item.htm?spm=11042c42.3-aKumK.h-4G*2fX&id=15017892589&_u=v89m22a8f73" 200 18066 "http://shop67682562.taobao.com/search.htm?spm=11042c42.3-aKumK.h-4G*2fX&search=y&viewType=grid&orderType=_newOn&pageNum=9" "Mozilla/4.0 (compatible; MSIE 7.0; Windows NT 5.1; Trident/4.0; 360SE)" 116.246.19.74
172.24.106.212 25470 99 [31/Jan/2012:16:08:19 +0800] "GET http://item.taobao.com/item.htm?spm=1103Cyuf.3-7X9U.h-1K8Rf&id=10405490593&" 200 20528 "http://misslulucupcake.taobao.com/search.htm?spm=1103Cyuf.3-7X9U.h-1K8Rf&search=y&viewType=grid&orderType=_newOn&pageNum=3" "Mozilla/4.0 (compatible; MSIE 8.0; Windows NT 6.1; Trident/4.0; SLCC2; .NET CLR 2.0.50727; .NET CLR 3.5.30729; .NET CLR 3.0.30729; HPNTDF; InfoPath.2; .NET4.0C)" 116.247.109.58
218.246.184.6 22401 87 [31/Jan/2012:16:08:19 +0800] "GET http://item.taobao.com/item.htm?spm=1102a2RQ.1-1*l4R.v-RgpkE&id=8711715852" 200 17638 "http://shop36187508.taobao.com/" "Mozilla/4.0 (compatible; MSIE 6.0; Windows NT 5.1; Trident/4.0; EmbeddedWB 14.52 from: http://www.bsalsa.com/ EmbeddedWB 14.52; Alexa Toolbar)" -
172.24.106.214 21043 81 [31/Jan/2012:16:08:19 +0800] "GET http://item.taobao.com/item.htm?id=12341747252&cm_cat=50019100&_u=vltrlct9fc9" 200 17596 "http://list.taobao.com/market/nvzhuang2011a.htm?cat=50019100&sort=bid&isprepay=1&random=false&viewIndex=1&as=1&yp4p_page=0&commend=all&atype=b&s=42&style=grid&tofurewq=(%B2%A8%CB%BE%B5%C7+OR+bosideng)&ppath=31610%3A32346163%3B2918248%3A3267690%3B2918248%3A3267694%3B1627207%3A28341%3B20509%3A28314%3B20509%3A28315%3B20509%3A28316%3B21541%3A111340&isnew=2&olu=yes&mSelect=true&smc=1#ListView" "Mozilla/4.0 (compatible; MSIE 7.0; Windows NT 5.1; Trident/4.0; SV1; SE 2.X MetaSr 1.0)" 123.14.88.52
172.24.106.211 4586 79 [31/Jan/2012:16:08:19 +0800] "GET http://item.tmall.com/item.htm?id=12624229185" 302 20 "http://trade.taobao.com/trade/itemlist/list_bought_items.htm?nekot=1327997289341" "Mozilla/5.0 (Windows NT 5.1) AppleWebKit/535.7 (KHTML, like Gecko) Chrome/16.0.912.63 Safari/535.7 360EE" 180.175.172.136
172.24.106.218 36243 78 [31/Jan/2012:16:08:19 +0800] "GET http://item.taobao.com/item.htm?spm=110-MFR-1_3BO.49ey-4h7RX.h-3IagyI&id=5403030006&_u=vm0rg3j0b04" 200 49956 "http://barbara886.taobao.com/search.htm?orderType=_hotsell&viewType=grid&baobei_type=&scid=279300999&keyword=&price1=1&price2=10" "Mozilla/5.0 (Windows NT 6.1) AppleWebKit/535.1 (KHTML, like Gecko) Chrome/14.0.802.30 Safari/535.1 SE 2.X MetaSr 1.0" 114.84.78.53
172.24.106.210 39396 54 [31/Jan/2012:16:08:19 +0800] "GET http://item.taobao.com/item.htm?id=9563443541" 200 15142 "http://armyol.taobao.com/" "Mozilla/4.0 (compatible; MSIE 7.0; Windows NT 5.1; Trident/4.0; QQPinyin 730; TencentTraveler 4.0; .NET CLR 2.0.50727; InfoPath.2)" 122.246.160.143
172.24.106.212 30931 86 [31/Jan/2012:16:08:19 +0800] "GET http://item.taobao.com/item.htm?id=12727543798&ali_refid=a3_420434_1006:1102261764:6:%D4%D0%B8%BE%B4%F2%B5%D7%BF%E3%B4%BA%C7%EF:69a4702a0e0a184705bfd886565ebaa4&ali_trackid=1_69a4702a0e0a184705bfd886565ebaa4" 200 29197 "http://s.taobao.com/search?q=%D4%D0%B8%BE%B4%BA%C7%EF%B4%F2%B5%D7%BF%E3&keyword=&commend=all&ssid=s5-e&search_type=item&atype=&tracelog=&sourceId=tb.index" "Mozilla/4.0 (compatible; MSIE 8.0; Windows NT 5.1; Trident/4.0; QQDownload 691; 360SE)" 61.185.28.21
172.24.106.210 27433 86 [31/Jan/2012:16:08:19 +0800] "GET http://item.taobao.com/item.htm?id=12471509318" 200 29558 "http://item.taobao.com/item.htm?id=12471509318" "Mozilla/4.0 (compatible; MSIE 7.0; Windows NT 6.1; Trident/5.0; SLCC2; .NET CLR 2.0.50727; .NET CLR 3.5.30729; .NET CLR 3.0.30729; HPNTDF; 4399Box.1185; 4399Box.1185; 360SE)" 121.232.150.44
172.24.106.216 3521 87 [31/Jan/2012:16:08:19 +0800] "GET http://item.taobao.com/chongzhi/dian_ka_list.do?callback=jsonp1327997526328" 204 2 "http://item.taobao.com/item.htm?id=13069970831" "Mozilla/4.0 (compatible; MSIE 6.0; Windows NT 5.1; SV1)" 221.206.163.87
172.24.106.212 39491 87 [31/Jan/2012:16:08:19 +0800] "GET http://item.taobao.com/item.htm?id=13321445112" 200 30817 "http://www.sogou.com/sogou?pid=AQxRG-2191&query=%BB%C6%BB%A2%D0%A1%B0%E6%D5%C5&p=50040113&oq=&ri=-2" "Mozilla/5.0 (Windows NT 5.1) AppleWebKit/535.1 (KHTML, like Gecko) Chrome/14.0.802.30 Safari/535.1 SE 2.X MetaSr 1.0" 222.139.188.231
219.232.126.242 106 - [31/Jan/2012:16:08:19 +0800] "GET http://item.taobao.com/_vti_bin/owssvr.dll?UL=1&ACT=4&BUILD=6254&STRMVER=4&CAPREQ=0" 302 220 "-" "Mozilla/4.0 (compatible; MSIE 6.0; Windows NT 5.1; SV1; QQPinyin 730; QQDownload 689)" -
172.24.106.217 33057 94 [31/Jan/2012:16:08:19 +0800] "GET http://item.taobao.com/item.htm?id=10278437298&_u=vjuhqih8902" 200 28911 "http://search.taobao.com/search?q=%B9%FE%C4%E1+%D0%A1%CD%F5%D7%D3+%B3%C4%D2%C2" "Mozilla/4.0 (compatible; MSIE 7.0; Windows NT 6.1; Trident/4.0; QQDownload 708; SLCC2; .NET CLR 2.0.50727; .NET CLR 3.5.30729; .NET CLR 3.0.30729; Media Center PC 6.0; 360SE)" 119.191.65.201
172.24.106.217 24389 63 [31/Jan/2012:16:08:19 +0800] "GET http://item.taobao.com/item.htm?id=13255795238" 200 16907 "http://s.taobao.com/search?q=%CB%AB%D3%EF%B2%BB%D3%C3%BD%CC%C8%AB%CC%D7dvd&commend=all&source=suggest&ssid=s5-e-p1&suggest=0_8&bcoffset=1&sort=sale-desc" "Mozilla/4.0 (compatible; MSIE 7.0; Windows NT 6.1; Trident/4.0; SLCC2; .NET CLR 2.0.50727; .NET CLR 3.5.30729; .NET CLR 3.0.30729)" 110.84.204.130
172.24.106.218 3027 110 [31/Jan/2012:16:08:19 +0800] "GET http://item.taobao.com/chongzhi/dian_ka_list.do?callback=jsonp1327997373281" 204 2 "http://item.taobao.com/item.htm?spm=1101**VG.1-bpndS.3-52rcdW&id=82978572" "Mozilla/4.0 (compatible; MSIE 7.0; Windows NT 5.1; Trident/4.0; .NET CLR 2.0.50727)" 123.114.173.25
175.148.189.104 22249 104 [31/Jan/2012:16:08:19 +0800] "GET http://item.taobao.com/item.htm?id=15070948176" 200 21423 "http://item.taobao.com/item.htm?id=15141672078" "Mozilla/4.0 (compatible; MSIE 7.0; Windows NT 5.1; Trident/4.0; @L:I[cF=4w|OCvN9Y%uc2k~UP{@bCg*gji/-+D; 360SE)" -
172.24.106.214 41018 55 [31/Jan/2012:16:08:19 +0800] "GET http://item.taobao.com/item.htm?spm=110-qED-25HN7.2UB3-Sy9t.h-qhCwV&id=2783695641&_u=vbc9h8n0ace" 200 33952 "http://bj11.taobao.com/search.htm?spm=110-qED-25HN7.2UB3-Sy9t.h-qhCwV&search=y&viewType=grid&orderType=price&pageNum=5#anchor" "Mozilla/5.0 (Windows NT 5.1) AppleWebKit/535.1 (KHTML, like Gecko) Chrome/14.0.802.30 Safari/535.1 SE 2.X MetaSr 1.0" 122.240.123.240
172.24.106.217 4759 103 [31/Jan/2012:16:08:20 +0800] "GET http://item.taobao.com/item.htm?id=13816500924" 302 - "-" "-" 112.126.32.91
172.24.106.213 16836 101 [31/Jan/2012:16:08:20 +0800] "GET http://item.taobao.com/item.htm?id=10922923337&wwdialog=bbxxbbmc" 302 20 "http://127.0.0.1:1067/auth/CC6C72862E424CDE8085C6CA5921CB21" "Mozilla/4.0 (compatible; MSIE 8.0; Windows NT 5.1; Trident/4.0; .NET CLR 2.0.50727; 360SE)" 60.180.168.145
172.24.106.216 40667 84 [31/Jan/2012:16:08:20 +0800] "GET http://item.taobao.com/meal_detail.htm?spm=11048hIL.4-aUSbQ.3-5g*yWs&meal_id=5735395" 200 19662 "http://pierbear.tmall.com/view_page-182674164.htm?spm=11048hIL.1-adikD.3-566KJ0" "Mozilla/4.0 (compatible; MSIE 7.0; Windows NT 5.1; .NET CLR 2.0.50727; 360SE)" 58.209.162.137
172.24.106.214 4649 101 [31/Jan/2012:16:08:20 +0800] "GET http://item.taobao.com/item.htm?id=12427061690&ali_refid=a3_420290_1007:1102430786:7::38966c3bf00a0f3891c36a38d28a9738&ali_trackid=1_38966c3bf00a0f3891c36a38d28a9738" 302 20 "http://127.0.0.1:1473/auth/D35687699284487C901E3DD8C4B3F387" "Mozilla/4.0 (compatible; MSIE 8.0; Windows NT 5.1; Trident/4.0; SV1; 360SE)" 122.139.204.193
116.231.0.219 27311 63 [31/Jan/2012:16:08:20 +0800] "GET http://item.taobao.com/item.htm?id=10747004048" 200 24064 "-" "Mozilla/4.0 (compatible; MSIE 7.0; Windows NT 6.1; Trident/4.0; SLCC2; .NET CLR 2.0.50727; .NET CLR 3.5.30729; .NET CLR 3.0.30729; Media Center PC 6.0; InfoPath.2; SE 2.X)" -
172.24.106.212 22490 94 [31/Jan/2012:16:08:20 +0800] "GET http://item.taobao.com/item.htm?id=12953626508&scm=1007.0.0.2&spm=2006.2.1000020.3&ad_id=&am_id=&cm_id=&pm_id=" 200 18303 "http://favorite.taobao.com/popup/add_collection.htm?id=14096835773&itemtype=1&scjjc=1&_tb_token_=CI82as01Rjk&t=1327997124701" "Mozilla/5.0 (Windows NT 6.1) AppleWebKit/535.1 (KHTML, like Gecko) Chrome/14.0.802.30 Safari/535.1 SE 2.X MetaSr 1.0" 183.138.244.139
172.24.106.210 24739 48 [31/Jan/2012:16:08:20 +0800] "GET http://item.taobao.com/item.htm?spm=110-On5-264OB.4dWQ-2KbqB.h-1ivTOW&id=12937800929&_u=v2p7dq16436" 200 22990 "http://shop35146917.taobao.com/search.htm?spm=110-On5-264OB.4dWQ-2KbqB.6-12mBM7&scid=278109921&scname=tLTS4tHMu9K41w%3D%3D&checkedRange=true&queryType=cat" "Mozilla/5.0 (compatible; MSIE 9.0; Windows NT 6.1; Trident/5.0)" 58.41.33.11
172.24.106.212 27499 50 [31/Jan/2012:16:08:20 +0800] "GET http://item.taobao.com/item.htm?id=12355342388&ad_id=&am_id=&cm_id=&pm_id=" 200 23735 "http://item.taobao.com/item.htm?id=7828069348" "Mozilla/4.0 (compatible; MSIE 6.0; Windows NT 5.1; SV1; 360SE)" 123.14.7.30
172.24.106.212 19050 91 [31/Jan/2012:16:08:20 +0800] "GET http://item.taobao.com/item.htm?id=7857210170" 200 17921 "http://s.taobao.com/search?q=19%B4%E7%D2%BA%BE%A7%CF%D4%CA%BE%C6%F7+%BF%ED&cat=50045998&sort=price-asc&atype=b&olu=yes&isprepay=1&filterFineness=2&source=suggest&bcoffset=1&suggest=0_1&ppath=21436:41638&cps=yes&from=compass&navlog=compass-32-p-21436:41638" "Mozilla/4.0 (compatible; MSIE 6.0; Windows NT 5.1; SV1; 360SE)" 110.90.58.67
172.24.106.210 5020 111 [31/Jan/2012:16:08:20 +0800] "GET http://item.taobao.com/item.htm?id=12765584030&ali_refid=a3_420435_1006:1103673809:6:%CB%AE%BE%A7%CF%EE%C1%B4:f635c13c68685afb9db34e09c4d6074f&ali_trackid=1_f635c13c68685afb9db34e09c4d6074f" 302 20 "http://search.taobao.com/search?q=%CB%AE%BE%A7%CF%EE%C1%B4+%CA%A9%BB%AA%C2%E5&source=store&ssid=s5-e&bcoffset=1&s=80" "Mozilla/4.0 (compatible; MSIE 8.0; Windows NT 5.1; Trident/4.0; .NET CLR 2.0.50727; 360SE)" 58.245.124.80
114.230.119.139 34453 125 [31/Jan/2012:16:08:20 +0800] "GET http://item.taobao.com/item.htm?id=2965475985" 200 29216 "http://upload.taobao.com/auction/publish/edit.htm?item_num_id=2965475985&auto=false" "Mozilla/4.0 (compatible; MSIE 8.0; Windows NT 5.1; Trident/4.0; 360SE)" -
172.24.106.214 850 89 [31/Jan/2012:16:08:20 +0800] "GET http://172.24.24.186/status.taobao" 200 2 "-" "-" -
172.24.106.212 4439 69 [31/Jan/2012:16:08:20 +0800] "GET http://item.tmall.com/item.htm?id=13304279087&spm=1003.2.2.3&scm=1003.640.1110.3-1&prt=1327997300355&prc=1" 302 20 "-" "Mozilla/4.0 (compatible; MSIE 7.0; Windows NT 6.1; Trident/4.0; SLCC2; .NET CLR 2.0.50727; .NET CLR 3.5.30729; .NET CLR 3.0.30729; Media Center PC 6.0; InfoPath.2; SE 2.X)" 180.158.195.134
172.24.106.213 22979 65 [31/Jan/2012:16:08:20 +0800] "GET http://item.taobao.com/item.htm?spm=1101*0ql.3-bd8sC.h-5deWqo&id=2549634873&" 200 24400 "http://diy7.taobao.com/search.htm?spm=1101*0ql.2-bd8sB.6-5deWMs&scid=163475183&scname=xu26zbTytbDG96Oo19y0%2BsDto6k%3D&checkedRange=true&queryType=cat" "Mozilla/4.0 (compatible; MSIE 6.0; Windows NT 5.1; SV1)" 119.165.123.212
172.24.106.212 1368 50 [31/Jan/2012:16:08:20 +0800] "GET http://item.tmall.com/item.htm?id=10694881194&prt=1318473675700&prc=1&ali_trackid=3_492add115c7aae1e95b808b16675be0f" 302 20 "http://list.taobao.com/market/outdoor1.htm?atype=b&cat=50032319&style=grid&viewIndex=1&yp4p_page=0&isnew=2&olu=yes&mSelect=false&commend=all&user_type=0" "Mozilla/4.0 (compatible; MSIE 6.0; Windows NT 5.1; SV1)" 1.60.57.144
172.24.106.217 30550 108 [31/Jan/2012:16:08:20 +0800] "GET http://item.taobao.com/item.htm?id=13142219161" 200 18490 "-" "Sogou web spider/4.0(+http://www.sogou.com/docs/help/webmasters.htm#07)" 123.126.50.73
60.172.157.242 28042 120 [31/Jan/2012:16:08:20 +0800] "GET http://item.taobao.com/item.htm?id=12861298269&_u=v1rjgeg656b" 200 19040 "http://s.taobao.com/search?q=%CE%AC%BF%C6%BC%D2%B7%C4%D7%A8%B9%F1%D5%FD%C6%B7&suggest_query=%CE%AC%BF%C6%BC%D2%B7%C4%D7%A8%B9%F1%D5%FD%C6%B7&sb_id=14&suggest=0_3&source=suggest&wq=%CE%AC%BF%C6" "Mozilla/4.0 (compatible; MSIE 6.0; Windows NT 5.1; SV1; 360SE)" -
172.24.106.213 25751 95 [31/Jan/2012:16:08:20 +0800] "GET http://item.taobao.com/item.htm?id=2081923947&_u=vi2cfts948c" 200 25527 "http://s.taobao.com/search?q=%BA%DA%C9%AB%C5%A3%D7%D0%BF%E3&bcoffset=1&s=40" "Mozilla/4.0 (compatible; MSIE 8.0; Windows NT 5.1; Trident/4.0)" 1.57.123.25
172.24.106.210 28705 115 [31/Jan/2012:16:08:20 +0800] "GET http://item.taobao.com/item.htm?id=1696108981" 200 28469 "http://cart.taobao.com/my_cart.htm?from=mini&ad_id=&am_id=&cm_id=&pm_id=" "Mozilla/4.0 (compatible; MSIE 6.0; Windows NT 5.1; SV1; 360SE)" 222.69.159.250
172.24.106.216 29776 122 [31/Jan/2012:16:08:20 +0800] "GET http://item.taobao.com/item.htm?spm=110-19C4-1*4E6.5BLj-3JiOt.h-SNv5u&id=9998969150&_u=vbtkjt14724" 200 32141 "http://km119.taobao.com/search.htm?spm=110-19C4-1*4E6.5BLf-3JiOs.6-1bOSIs&orderType=price" "Mozilla/5.0 (Windows NT 6.1) AppleWebKit/535.1 (KHTML, like Gecko) Chrome/14.0.802.30 Safari/535.1 SE 2.X MetaSr 1.0" 182.37.80.7
172.24.106.213 29252 104 [31/Jan/2012:16:08:20 +0800] "GET http://item.taobao.com/item.htm?id=8158577671&ali_refid=a3_420630_1006:1102368201:6:%CE%A7%BD%ED%BA%AB%B9%FA%C7%EF%B6%AC%C4%D0:6c9cd48cbd48becc8a8268a0a6070e34&ali_trackid=1_6c9cd48cbd48becc8a8268a0a6070e34" 200 22369 "http://re.taobao.com/search?frcatid=50097177&keyword=%CE%A7%BD%ED+%BA%AB%B9%FA+%C7%EF%B6%AC+%C5%AE&propertyid=&refpid=mm_15890324_2192376_9067732&refpos=refposplaceholder&buckid=2&clk1=b256e06c81bc038dcfd7c7674fd18b62&ismall=&yp4p_page=1&posid=44&back=&dpback=" "Mozilla/4.0 (compatible; MSIE 8.0; Windows NT 5.1; Trident/4.0; GTB6.6; .NET CLR 2.0.50727)" 60.26.63.0
172.24.106.212 23704 83 [31/Jan/2012:16:08:20 +0800] "GET http://item.taobao.com/item.htm?id=9085454773" 200 79533 "-" "Mozilla/4.0 (compatible; MSIE 7.0; Windows NT 5.1; Trident/4.0; .NET CLR 2.0.50727; .NET CLR 3.0.4506.2152; .NET CLR 3.5.30729)" 58.246.149.99
61.172.223.15 17602 96 [31/Jan/2012:16:08:20 +0800] "GET http://item.taobao.com/item.htm?id=12932341107&_u=v3ai53n8657" 200 19323 "http://s.taobao.com/search?q=%C4%A7%CA%DE%CA%C0%BD%E7&cat=50017685&commend=all&ssid=s5-e&bcoffset=1&bcoffset=1&ppath=26008:55399&cps=yes&from=compass&navlog=compass-2-p-26008:55399" "Mozilla/4.0 (compatible; MSIE 7.0; Windows NT 5.1; .NET CLR 2.0.50727; .NET CLR 3.0.4506.2152; .NET CLR 3.5.30729; 360SE)" -
172.24.106.217 17648 74 [31/Jan/2012:16:08:20 +0800] "GET http://item.taobao.com/item.htm?spm=11026Twq.3-YZKM.h-k9m9w&id=9982857320&" 200 17888 "http://ylsb88.taobao.com/search.htm?spm=11026Twq.1-YZKH.6-k9m8T&scid=312777172&scname=taXIy7b5za%2BxxLyr&checkedRange=true&queryType=cat" "Mozilla/4.0 (compatible; MSIE 6.0; Windows NT 5.1; SV1; .NET CLR 2.0.50727)" 61.153.33.131
172.24.106.228 819 75 [31/Jan/2012:16:08:20 +0800] "GET http://172.24.24.186/status.taobao" 200 2 "-" "a10hm/1.0" -
172.24.106.217 22980 51 [31/Jan/2012:16:08:20 +0800] "GET http://item.taobao.com/item.htm?id=14765020965" 200 18417 "-" "Mozilla/4.0 (compatible; MSIE 7.0; Windows NT 6.1; Trident/4.0; SLCC2; .NET CLR 2.0.50727; .NET CLR 3.5.30729; .NET CLR 3.0.30729; Media Center PC 6.0; InfoPath.2; SE 2.X)" 112.230.92.61
172.24.106.216 31814 107 [31/Jan/2012:16:08:20 +0800] "GET http://item.taobao.com/item.htm?id=13131647823" 200 31856 "-" "Mozilla/4.0 (compatible; MSIE 7.0; Windows NT 6.1; Trident/4.0; SLCC2; .NET CLR 2.0.50727; .NET CLR 3.5.30729; .NET CLR 3.0.30729; Media Center PC 6.0; InfoPath.2; SE 2.X)" 61.154.2.25
172.24.106.212 35811 57 [31/Jan/2012:16:08:20 +0800] "GET http://item.taobao.com/item.htm?spm=1020.3.9.72&id=9746801645" 200 21037 "http://mobile.taobao.com/detail.htm?spm=872.121097.152906.8&pidvid=10006%3A19457228%3B20000%3A33564&spuid=122802802&cat=1512&p_from=769&p_to=1010" "Mozilla/4.0 (compatible; MSIE 6.0; Windows NT 5.1; SV1; Sicent; .NET CLR 2.0.50727)" 218.29.200.146
172.24.106.214 30735 148 [31/Jan/2012:16:08:20 +0800] "GET http://item.taobao.com/auction/item_detail.htm?spm=11024p3O.1-*JpP.3-4dYs4l&item_num_id=1329937886" 200 36382 "http://youkulife.taobao.com/?spm=11024p3O.1-*JpP.3-4cUTnJ" "Mozilla/4.0 (compatible; MSIE 7.0; Windows NT 6.1; Trident/5.0; SLCC2; .NET CLR 2.0.50727; .NET CLR 3.5.30729; .NET CLR 3.0.30729; .NET4.0C; baidubrowser 1.x)" 222.140.16.212
172.24.106.217 17511 124 [31/Jan/2012:16:08:21 +0800] "GET http://item.taobao.com/item.htm?id=14385732241" 200 19578 "-" "Mozilla/4.0 (compatible; MSIE 7.0; Windows NT 6.1; Trident/4.0; SLCC2; .NET CLR 2.0.50727; .NET CLR 3.5.30729; .NET CLR 3.0.30729; Media Center PC 6.0; InfoPath.2; SE 2.X)" 123.166.45.190
172.24.106.213 3851 72 [31/Jan/2012:16:08:21 +0800] "GET http://item.taobao.com/item.htm?id=8234889161" 302 - "-" "-" 112.126.32.91
172.24.106.211 20781 109 [31/Jan/2012:16:08:21 +0800] "GET http://item.taobao.com/item.htm?id=15088752738&_u=v2ef8dk33e4" 200 19794 "http://search.taobao.com/search?q=Ochirly%C5%B7%CA%B1%C1%A6&cat=50000671&style=grid&tab=coefp&cps=yes&bcoffset=2&s=420#J_FilterTabBar" "Mozilla/5.0 (Windows NT 6.1) AppleWebKit/535.1 (KHTML, like Gecko) Chrome/14.0.802.30 Safari/535.1 SE 2.X MetaSr 1.0" 58.212.162.65
172.24.106.212 19029 112 [31/Jan/2012:16:08:21 +0800] "GET http://item.taobao.com/item.htm?id=13975324143" 200 122739 "-" "Mozilla/4.0 (compatible; MSIE 7.0; Windows NT 5.1)" 180.112.116.102
116.231.44.110 17127 90 [31/Jan/2012:16:08:21 +0800] "GET http://item.taobao.com/item.htm?spm=110hOd.3-aOlex.h-4IV6rl&id=13570379799&" 200 20242 "http://dandangarden.taobao.com/search.htm?spm=110hOd.3-aOlex.h-4IV6rl&search=y&viewType=grid&orderType=_hotsell&pageNum=2" "Mozilla/4.0 (compatible; MSIE 7.0; Windows NT 5.1; Trident/4.0; .NET CLR 2.0.50727; .NET CLR 3.0.4506.2152; .NET CLR 3.5.30729; 360SE)" -
172.24.106.215 18735 52 [31/Jan/2012:16:08:21 +0800] "GET http://item.taobao.com/item.htm?id=7425867023" 200 18705 "http://s.taobao.com/search?q=%D3%A4%B6%F9%B4%B2&keyword=&commend=all&ssid=s5-e&search_type=item&atype=&tracelog=&sourceId=tb.index" "Mozilla/4.0 (compatible; MSIE 8.0; Windows NT 5.1; Trident/4.0; .NET CLR 2.0.50727)" 110.183.148.200
172.24.106.216 33956 62 [31/Jan/2012:16:08:21 +0800] "GET http://item.taobao.com/item.htm?spm=110-HJy-3weBP.3V4U-2KXS2.h-LzaRP&id=12763154856&" 200 25905 "http://sam0614.taobao.com/search.htm?spm=110-HJy-3weBP.3V4U-2KXS2.h-LzaRP&search=y&scid=332855657&viewType=grid&orderType=_hotsell&pageNum=1" "Mozilla/4.0 (compatible; MSIE 6.0; Windows NT 5.1; SV1; Maxthon/3.0)" 117.25.183.138
172.24.106.217 18391 102 [31/Jan/2012:16:08:21 +0800] "GET http://item.taobao.com/item.htm?id=13319514789" 200 17576 "-" "Mozilla/4.0 (compatible; MSIE 7.0; Windows NT 6.1; Trident/4.0; SLCC2; .NET CLR 2.0.50727; .NET CLR 3.5.30729; .NET CLR 3.0.30729; Media Center PC 6.0; InfoPath.2; SE 2.X)" 222.69.54.170
116.226.61.74 400598 358429 [31/Jan/2012:16:08:20 +0800] "GET http://item.taobao.com/item.htm?id=12761761503&_u=v25jdtf1c9d" 200 27870 "http://s.taobao.com/search?q=%C4%D0%CA%BF%D4%CB%B6%AF%BF%E3%B4%BF%C3%DE&suggest_query=%C4%D0%CA%BF%D4%CB%B6%AF%BF%E3%B4%BF%C3%DE&sb_id=19&suggest=0_4&source=suggest&wq=%C4%D0%CA%BF%D4%CB%B6%AF%BF%E3" "Mozilla/4.0 (compatible; MSIE 7.0; Windows NT 5.1; Trident/4.0; 4399Box.1151; 4399Box.1151; 360SE)" -
172.24.106.212 42904 66 [31/Jan/2012:16:08:21 +0800] "GET http://item.taobao.com/item.htm?id=14407276117" 200 32763 "http://img.uu1001.cn/bcv3.swf?v=20111012/[[DYNAMIC]]/1" "Mozilla/4.0 (compatible; MSIE 8.0; Windows NT 5.1; Trident/4.0; .NET CLR 2.0.50727; 360SE)" 125.33.16.62
172.24.106.210 20541 101 [31/Jan/2012:16:08:21 +0800] "GET http://item.taobao.com/item.htm?id=4403803935&ad_id=&am_id=&cm_id=&pm_id=" 200 18833 "http://item.taobao.com/item.htm?id=12497921487&ad_id=&am_id=&cm_id=&pm_id=" "Mozilla/4.0 (compatible; MSIE 7.0; Windows NT 5.1; Trident/4.0; .NET CLR 3.0.4506.2152; .NET CLR 3.5.30729; .NET CLR 2.0.50727)" 210.21.237.98
117.68.72.201 29524 7580 [31/Jan/2012:16:08:21 +0800] "GET http://item.taobao.com/item.htm?id=2763613661&wwdialog=bbxxbbmc" 200 18957 "http://127.0.0.1:1321/auth/87031631773767" "Mozilla/4.0 (compatible; MSIE 6.0; Windows NT 5.1; SV1; SE 2.X MetaSr 1.0)" -
172.24.106.211 30823 108 [31/Jan/2012:16:08:21 +0800] "GET http://item.taobao.com/item.htm?id=13697624994" 200 18532 "-" "Mozilla/4.0 (compatible; MSIE 7.0; Windows NT 6.1; Trident/4.0; SLCC2; .NET CLR 2.0.50727; .NET CLR 3.5.30729; .NET CLR 3.0.30729; Media Center PC 6.0; InfoPath.2; SE 2.X)" 113.124.177.211
172.24.106.211 1406 39 [31/Jan/2012:16:08:21 +0800] "GET http://item.tmall.com/addCookie.htm?trackid=05043a2a51791a45a58fdba35035a6a9&sessionID=7fc46d1d519fda35bfc1cd1ceae4601d&_tb_token_=336e74170ee35&target=http%3A%2F%2Fitem.tmall.com%2Fitem.htm%3Fid%3D12388035253" 302 20 "-" "Mozilla/4.0 (compatible; MSIE 7.0; Windows NT 6.1; Trident/4.0; SLCC2; .NET CLR 2.0.50727; .NET CLR 3.5.30729; .NET CLR 3.0.30729; Media Center PC 6.0; InfoPath.2; SE 2.X)" 183.160.137.59
172.24.106.217 20050 123 [31/Jan/2012:16:08:21 +0800] "GET http://item.taobao.com/item.htm?id=13441417558" 200 84536 "http://s.taobao.com/search?q=%B0%AE%C7%E9%CB%AF%D0%D1%C1%CB%E3%E5%D6%AE%C7%E7&source=suggest&bcoffset=1&suggest=0_2&s=160" "Mozilla/4.0 (compatible; MSIE 6.0; Windows NT 5.1; SV1; GTB7.0; .NET CLR 3.0.4506.2152; .NET CLR 3.5.30729; .NET CLR 2.0.50727)" 218.84.209.10
172.24.106.212 20048 53 [31/Jan/2012:16:08:21 +0800] "GET http://item.taobao.com/item.htm?id=12822701935&_u=v9vehgbe523" 200 22569 "http://favorite.taobao.com/collect_list-1-.htm?scjjc=c1" "Mozilla/4.0 (compatible; MSIE 6.0; Windows NT 5.1; SV1; GTB7.2)" 221.225.137.149
172.24.106.214 34970 95 [31/Jan/2012:16:08:21 +0800] "GET http://item.taobao.com/item.htm?id=13796812049&ref=http%3A%2F%2Fwww.mogujie.com%2Fnote%2F1284iiy%3Fshowtype%3Dgood%26goodsid%3D1epn30&ali_trackid=2:mm_28757764_0_0,124252994f27a143e323c:1327997301_3z6_516215198" 200 42524 "http://s.click.taobao.com/t_js?tu=http%3A%2F%2Fs.click.taobao.com%2Ft_8%3Fe%3D7HZ6jHSTbIOR8XXG3Y2b0QWgGfZvCAcwbJyOrOGaFO39oppoTVn69sMQwtnH1dN%252BmDKmo3pdhuNWEYERva5mW2k2MfOknqS8kjByO9QFt8%252Fpn0YCYg%253D%253D%26n%3D19%26p%3Dmm_28757764_0_0%26u%3D124252994f27a143e323c%26ref%3Dhttp%253A%252F%252Fwww.mogujie.com%252Fnote%252F1284iiy%253Fshowtype%253Dgood%2526goodsid%253D1epn30" "Mozilla/4.0 (compatible; MSIE 8.0; Windows NT 5.1; Trident/4.0; QQDownload 691; 360SE)" 60.164.212.61
110.179.130.250 35390 74 [31/Jan/2012:16:08:21 +0800] "GET http://item.taobao.com/item.htm?id=7122728007" 200 42011 "-" "Mozilla/4.0 (compatible; MSIE 7.0; Windows NT 5.1; Trident/4.0) QQBrowser/6.10.11509.201" -
172.24.106.210 24732 101 [31/Jan/2012:16:08:21 +0800] "GET http://item.taobao.com/item.htm?id=13379935124&ref=http%3A%2F%2Fs8.taobao.com%2Fsearch%3Fq%3D%25C6%25BB%25B9%25FB%25CA%25D6%25BB%25FA%25D5%2" 200 125533 "-" "-" 222.89.153.173
172.24.106.218 36402 85 [31/Jan/2012:16:08:21 +0800] "GET http://item.taobao.com/item.htm?id=10856934642&cm_cat=29,50007216" 200 30625 "-" "Mozilla/4.0 (compatible; MSIE 6.0; Windows NT 5.1; SV1)" 60.185.200.51
172.24.106.213 25834 53 [31/Jan/2012:16:08:21 +0800] "GET http://item.taobao.com/item.htm?id=12548166267&cm_cat=50095337&spm=1021.1.15.2" 200 24959 "http://list.taobao.com/market/nvzhuang2011a.htm?atype=b&cat=50095337&style=grid&dtsp=1&at=1410&lstyle=imgw&viewIndex=1&yp4p_page=0&isnew=2&spm=1021.1.12.1" "Mozilla/4.0 (compatible; MSIE 7.0; Windows NT 5.1; Trident/4.0)" 222.78.245.91
