172.24.106.218 29143 112 [31/Jan/2012:16:08:03 +0800] "GET http://item.taobao.com/item.htm?id=12630699294&ali_refid=a3_419349_1007:1102234202:7::94c9c05a4806f0a0d1341aeea2f2cafb&ali_trackid=1_94c9c05a4806f0a0d1341aeea2f2cafb&spm=1.1000274.1000047.3" 200 26642 "http://127.0.0.1:1148/auth/FA03C4FD24534BF49F99393D020BD926" "Mozilla/4.0 (compatible; MSIE 7.0; Windows NT 5.1; Trident/4.0; SE 2.X MetaSr 1.0)" 222.188.115.18
172.24.106.218 26496 95 [31/Jan/2012:16:08:03 +0800] "GET http://item.taobao.com/item.htm?id=9131290590&_u=v5sivfk8e4d" 200 21198 "http://search.taobao.com/search?q=%C1%BD%C8%CB%D7%C0" "Mozilla/4.0 (compatible; MSIE 8.0; Windows NT 5.1; Trident/4.0; SV1; GTB7.0; .NET4.0E; .NET4.0C; 360SE)" 36.40.211.36
123.120.132.211 200 136 [31/Jan/2012:16:08:03 +0800] "GET http://item.taobao.com/" 302 220 "http://item.taobao.com/item.htm?spm=1103tK*0.3-3OBp7.h-3h_1lS&id=12213499520&_u=v213vphd142" "Mozilla/4.0 (compatible; MSIE 6.0; Windows NT 5.1; SV1; QQDownload 691; Maxthon; .NET CLR 2.0.50727)" -
172.24.106.216 37790 60 [31/Jan/2012:16:08:03 +0800] "GET http://item.taobao.com/item.htm?spm=1103wSot.3-2IbwD.h-52T*ZD&id=13521043706&" 200 38319 "http://lz01.taobao.com/search.htm?spm=1103wSot.2-2IbwC.6-52T*YT&scid=394739368&scname=t8CzsbXm&checkedRange=true&queryType=cat" "Mozilla/4.0 (compatible; MSIE 6.0; Windows NT 5.1; SV1)" 118.181.62.157
172.24.106.217 34157 95 [31/Jan/2012:16:08:04 +0800] "GET http://item.taobao.com/item.htm?id=9916104418&_u=v402nn016c4" 200 34259 "http://s.taobao.com/search?q=HTC+G12&cat=1512&style=list&v=product&tab=coefp&pspuid=129061231&p=detail&psrc=detail&bcoffset=2&sort=credit-desc" "Mozilla/4.0 (compatible; MSIE 7.0; Windows NT 5.1; Trident/4.0; .NET CLR 2.0.50727; 360SE)" 60.184.40.3
172.24.106.210 33773 78 [31/Jan/2012:16:08:04 +0800] "GET http://item.taobao.com/item.htm?spm=110-MEo-21Eg4.49bK-48MF8.86e6-4GoeZN&id=14545420260" 200 25051 "http://item.taobao.com/item.htm?id=13402593920" "Mozilla/5.0 (Windows NT 5.1) AppleWebKit/535.7 (KHTML, like Gecko) Chrome/16.0.912.63 Safari/535.7 360EE" 221.199.41.90
118.80.3.71 24509 141 [31/Jan/2012:16:08:04 +0800] "GET http://item.taobao.com/item.htm?id=1616523563&cm_cat=50010810" 200 26191 "http://list.taobao.com/market/beauty.htm?cat=50010810&sort=biz30day&promoted_service2=tag&random=false&viewIndex=7&as=1&yp4p_page=0&commend=all&style=grid&q=OPI&ppath=20000%3A3464036&olu=yes&smc=1&mSelect=false" "Mozilla/4.0 (compatible; MSIE 6.0; Windows NT 5.1; SV1)" -
172.24.106.211 5951 83 [31/Jan/2012:16:08:04 +0800] "GET http://item.tmall.com/item.htm?spm=1103qBqB.2-u*xc.3-4JbQ7p&id=7267505694&" 302 20 "http://detail.tmall.com/item.htm?spm=1103qBqB.2-u*xc.3-4JbQ7p&id=4789445148" "Mozilla/5.0 (compatible; MSIE 9.0; Windows NT 6.1; Trident/5.0; 360SE)" 221.239.72.75
172.24.106.215 28154 43 [31/Jan/2012:16:08:04 +0800] "GET http://item.taobao.com/item.htm?id=14584324415&_u=v401isj4c5c" 200 19601 "http://s.taobao.com/search?q=%B9%CE+%BD%C8%D7%D3%CF%DA&commend=all&ssid=s5-e&search_type=item&atype=&filterFineness=" "Mozilla/4.0 (compatible; MSIE 7.0; Windows NT 5.1; Trident/4.0; 360SE)" 218.56.32.97
113.123.33.210 40246 680 [31/Jan/2012:16:08:04 +0800] "GET http://item.taobao.com/item.htm?id=14975548423&_u=vb25or1aa5" 200 14726 "http://s.taobao.com/search?q=%C5%AE%C8%CB%C3%DC%C2%EB%A1%A1&cat=16&sort=price-desc&style=grid&cps=yes&bcoffset=1&s=168" "Mozilla/4.0 (compatible; MSIE 8.0; Windows NT 6.1; Trident/4.0; SLCC2; .NET CLR 2.0.50727; .NET CLR 3.5.30729; .NET CLR 3.0.30729; Media Center PC 6.0; InfoPath.2; TheWorld)" -
172.24.106.215 31464 94 [31/Jan/2012:16:08:04 +0800] "GET http://item.taobao.com/item.htm?id=14122515909&_u=vm9qnjf5b80" 200 17737 "http://s.taobao.com/search?q=%B1%A1%D3%A3%B9%ED+%D0%D8%D5%C2" "Mozilla/4.0 (compatible; MSIE 8.0; Windows NT 5.1; Trident/4.0; GTB6.6; 360SE)" 180.152.135.217
172.24.106.215 1808 80 [31/Jan/2012:16:08:04 +0800] "GET http://item.taobao.com/pass.htm?target=http%3A%2F%2Fitem.tmall.com%2Fitem.htm%3Fid%3D12407338728%26is_b%3D1%26prt%3D1318224776863%26prc%3D1" 302 - "-" "Mozilla/4.0 (compatible; MSIE 7.0; Windows NT 6.1; Trident/4.0; SLCC2; .NET CLR 2.0.50727; .NET CLR 3.5.30729; .NET CLR 3.0.30729; Media Center PC 6.0; InfoPath.2; SE 2.X)" 61.167.105.202
172.24.106.216 25617 120 [31/Jan/2012:16:08:04 +0800] "GET http://item.taobao.com/item.htm?spm=11027VSr.3-3*KGT.h-3IbkbU&id=3595149289&_u=vc7of32117" 200 22373 "http://1008e.taobao.com/search.htm?spm=11027VSr.3-3*KGT.h-3IbkbU&search=y&viewType=grid&orderType=_newOn&pageNum=6" "Mozilla/4.0 (compatible; MSIE 7.0; Windows NT 5.1; Trident/4.0; .NET CLR 1.1.4322; .NET CLR 2.0.50727; MS-RTC LM 8)" 116.247.111.66
172.24.106.211 4574 90 [31/Jan/2012:16:08:04 +0800] "GET http://item.taobao.com/item.htm?id=9016817387&ad_id=&am_id=&cm_id=&pm_id=" 302 20 "-" "Mozilla/4.0 (compatible; MSIE 7.0; Windows NT 6.1; Trident/4.0; SLCC2; .NET CLR 2.0.50727; .NET CLR 3.5.30729; .NET CLR 3.0.30729; Media Center PC 6.0; InfoPath.2; SE 2.X)" 123.52.56.134
172.24.106.215 23958 57 [31/Jan/2012:16:08:04 +0800] "GET http://item.taobao.com/item.htm?id=9139004778&_u=11n213q4aa9" 200 23608 "-" "Mozilla/4.0 (compatible; MSIE 7.0; Windows NT 6.1; Trident/4.0; SLCC2; .NET CLR 2.0.50727; .NET CLR 3.5.30729; .NET CLR 3.0.30729; Media Center PC 6.0; InfoPath.2; SE 2.X)" 59.56.10.14
172.24.106.218 26925 80 [31/Jan/2012:16:08:04 +0800] "GET http://item.taobao.com/item.htm?id=13728880166&ali_refid=a3_420521_1006:1102616866:6:%BA%F3%B1%B3:b29120c7c1d63a19c71d9f81e7bff161&ali_trackid=1_b29120c7c1d63a19c71d9f81e7bff161" 200 23469 "http://s8.taobao.com/search?q=%BA%F3%B1%B3&cat=50072723&commend=all&sort=coefp&style=grid&ratesum=7%2C8%2C9%2C10%2C11%2C12%2C13%2C14%2C15%2C16%2C17%2C18%2C19%2C20&filter=reserve_price%5B40%2C100000000%5D&tab=coefp&mode=23&pid=mm_14626936_2361222_9150581&tk_rate=%5B1000.0%2C5000%5D&p4p_str=firstpage_pushleft%3D0%26lo1%3D15%26lo2%3D15%26nt%3D1&s=80#J_FilterTabBar" "Mozilla/5.0 (Windows NT 5.1) AppleWebKit/535.1 (KHTML, like Gecko) Chrome/14.0.802.30 Safari/535.1 SE 2.X MetaSr 1.0" 114.244.42.9
110.182.1.161 26338 116 [31/Jan/2012:16:08:04 +0800] "GET http://item.taobao.com/item.htm?id=7265924335&_u=vgi7rhm92cc" 200 20012 "http://favorite.taobao.com/collect_list.htm?nuid=556002870&itemtype=1&orderby=time" "Mozilla/4.0 (compatible; MSIE 8.0; Windows NT 5.1; Trident/4.0)" -
180.112.94.30 28951 6162 [31/Jan/2012:16:08:04 +0800] "GET http://item.taobao.com/item.htm?spm=11041u_h.3-bBP8p.h-55qwwD&id=13696672356&" 200 18852 "http://shop67497873.taobao.com/search.htm?spm=11041u_h.3-bBP8p.6-55qww2&scid=404085323&scname=ydm2%2Bbjh0fLI3rGjxa%2FQ3c%2FQzNc%3D&checkedRange=true&queryType=cat" "Mozilla/4.0 (compatible; MSIE 7.0; Windows NT 6.1; Trident/4.0; GTB7.2; SLCC2; .NET CLR 2.0.50727; .NET CLR 3.5.30729; .NET CLR 3.0.30729; Media Center PC 6.0; SE 2.X MetaSr 1.0)" -
172.24.106.211 4842 100 [31/Jan/2012:16:08:04 +0800] "GET http://item.tmall.com/cross/x_cross_iframe.htm?0.5705475385597228&method=heightReset&frameId=popupPanel&height=136px&width=450px" 200 1268 "http://favorite.taobao.com/popup/add_collection.htm?id=63513042&itemid=63513042&itemtype=0&ownerid=089d9068e7c4c41f564ad5380bbb0868&scjjc=2&_tb_token_=ee7317ed5d51b&t=1327996855687&isTmall=1" "Mozilla/4.0 (compatible; MSIE 8.0; Windows NT 5.1; Trident/4.0; 360SE)" 123.165.27.45
172.24.106.210 2454 89 [31/Jan/2012:16:08:04 +0800] "GET http://item.taobao.com/chongzhi/phone_list.do?callback=jsonp1327997285787" 204 2 "http://item.taobao.com/item.htm?id=14089271630&cm_cat=50072721" "Mozilla/5.0 (Windows NT 5.1) AppleWebKit/535.7 (KHTML, like Gecko) Chrome/16.0.912.77 Safari/535.7" 27.151.75.91
172.24.106.211 22426 122 [31/Jan/2012:16:08:04 +0800] "GET http://item.taobao.com/item.htm?id=14723220898" 200 86307 "-" "Mozilla/4.0 (compatible; MSIE 6.0; Windows NT 5.2; SV1; .NET CLR 1.1.4322; .NET CLR 2.0.50727; .NET CLR 3.0.4506.2152; .NET CLR 3.5.30729)" 122.141.177.83
172.24.106.212 17395 111 [31/Jan/2012:16:08:04 +0800] "GET http://item.taobao.com/item.htm?id=12428475163&from_id=@{from_iid}" 200 17855 "http://item.taobao.com/item.htm?spm=1103M7fU.1-3GMj4.v-26eK8J&id=8614481123" "Mozilla/4.0 (compatible; MSIE 6.0; Windows NT 5.1; SV1)" 117.87.44.208
172.24.106.218 34212 109 [31/Jan/2012:16:08:04 +0800] "GET http://item.taobao.com/item.htm?id=3447739765" 200 26175 "http://s.taobao.com/search?q=%BC%AF%B3%C9%B5%F5%B6%A5%C5%C5%C6%F8%C9%C8&commend=all&source=suggest&ssid=s5-e-p1&suggest=0_2&tab=coefp" "Mozilla/4.0 (compatible; MSIE 6.0; Windows NT 5.1; SV1; .NET CLR 1.1.4322; .NET CLR 2.0.50727; .NET CLR 3.0.04506.30; 360SE)" 59.56.174.90
123.166.111.195 21063 231 [31/Jan/2012:16:08:05 +0800] "GET http://item.taobao.com/item.htm?id=13405373353" 200 21461 "http://search.taobao.com/search?q=T2028W" "Mozilla/4.0 (compatible; MSIE 6.0; Windows NT 5.1; SV1; MAXTHON 2.0)" -
172.24.106.214 55115 83 [31/Jan/2012:16:08:04 +0800] "GET http://item.taobao.com/item.htm?spm=1103y3tI.3-1H5pu.h-1Lb29X&id=14898340342&_u=v1brnrr840e" 200 26525 "http://secretisland.taobao.com/search.htm?spm=1103y3tI.3-1H5pu.h-1Lb29X&search=y&viewType=grid&orderType=_hotsell&pageNum=2#anchor" "Mozilla/5.0 (Windows NT 5.1) AppleWebKit/535.1 (KHTML, like Gecko) Chrome/14.0.802.30 Safari/535.1 SE 2.X MetaSr 1.0" 119.165.148.238
172.24.106.216 19185 85 [31/Jan/2012:16:08:05 +0800] "GET http://item.taobao.com/item.htm?spm=11020DE3.3-1PCz.h-l1VK&id=14752760339&" 200 22621 "-" "Mozilla/4.0 (compatible; MSIE 8.0; Windows NT 5.1; Trident/4.0)" 117.81.232.56
172.24.106.217 16434 125 [31/Jan/2012:16:08:05 +0800] "GET http://item.taobao.com/item.htm?id=10893178457" 200 49985 "-" "Mozilla/4.0 (compatible; MSIE 7.0; Windows NT 5.1)" 112.244.3.59
61.52.241.64 35806 133 [31/Jan/2012:16:08:05 +0800] "GET http://item.taobao.com/item.htm?spm=11020U0D.2-bMoxx.s-5aS*pk&id=15305272773" 200 33410 "http://item.taobao.com/item.htm?id=14211923751" "Mozilla/4.0 (compatible; MSIE 7.0; Windows NT 5.1; WOW64; Trident/4.0; QQDownload 680; EmbeddedWB 14.52 from: http://www.bsalsa.com/ EmbeddedWB 14.52; SLCC2; .NET CLR 2.0.50727; .NET CLR 3.5.30729; .NET CLR 3.0.30729; Media Center PC 6.0)" -
172.24.106.216 25940 113 [31/Jan/2012:16:08:05 +0800] "GET http://item.taobao.com/item.htm?spm=548.116104.193397.53&id=12918945606" 200 28038 "http://www.taobao.com/market/baihuo/xiaoshangpin.php?TBG=151832.71436.25&spm=1.151832.71436.25&ad_id=&am_id=&cm_id=1400586899e6475e76d8&pm_id=" "Mozilla/4.0 (compatible; MSIE 6.0; Windows NT 5.1; SV1)" 221.12.108.190
117.14.147.189 16351 102 [31/Jan/2012:16:08:05 +0800] "GET http://item.taobao.com/item.htm?id=14953364445&cm_cat=50047310" 200 19263 "http://list.taobao.com/market/shuma.htm?cat=50047310&sort=bid&user_type=0&isprepay=1&random=false&viewIndex=1&as=1&yp4p_page=1&commend=all&atype=b&s=42&style=list&pcat=pad&ppath=20000%3A26683&isnew=2&olu=yes&smc=1#ListView" "Mozilla/5.0 (Windows NT 5.1) AppleWebKit/535.1 (KHTML, like Gecko) Chrome/14.0.802.30 Safari/535.1 SE 2.X MetaSr 1.0" -
172.24.106.214 41565 80 [31/Jan/2012:16:08:05 +0800] "GET http://item.taobao.com/item.htm?spm=1103M27c.3-4wTIq.h-4bQP0d&id=13919351074&_u=v3pq5js0e6e" 200 26917 "http://shop62923212.taobao.com/search.htm?spm=1103M27c.2-4wTIp.6-4bQOZ3&scid=312232472&scname=vuq%2B6rzSw6vSwg%3D%3D&checkedRange=true&queryType=cat" "Mozilla/4.0 (compatible; MSIE 7.0; Windows NT 5.1; Trident/4.0; 360SE)" 61.177.119.229
172.24.106.218 19594 70 [31/Jan/2012:16:08:05 +0800] "GET http://item.taobao.com/item.htm?id=13338918616" 200 19032 "http://s.taobao.com/search?q=me811&keyword=&commend=all&ssid=s5-e&search_type=item&atype=&tracelog=&sourceId=tb.index" "Mozilla/5.0 (compatible; MSIE 9.0; Windows NT 6.1; Trident/5.0)" 222.140.9.162
172.24.106.216 813 71 [31/Jan/2012:16:08:05 +0800] "GET http://172.24.24.186/status.taobao" 200 2 "-" "-" -
172.24.106.217 7476 60 [31/Jan/2012:16:08:05 +0800] "GET http://item.taobao.com/item.htm?id=13747668671" 200 12561 "-" "Mozilla/4.0 (compatible; MSIE 6.0; Windows NT 5.2; SV1; .NET CLR 1.1.4322; .NET CLR 2.0.50727; .NET CLR 3.0.4506.2152; .NET CLR 3.5.30729)" 61.155.154.23
172.24.106.218 25178 86 [31/Jan/2012:16:08:05 +0800] "GET http://item.taobao.com/item.htm?id=12816035386&_u=vf87ra06ef4" 200 19344 "http://s.taobao.com/search?q=Sony%2F%CB%F7%C4%E1+VPCEG36EC&commend=all&ssid=s5-e&search_type=item&atype=&filterFineness=" "Mozilla/5.0 (compatible; MSIE 9.0; Windows NT 6.1; Trident/5.0)" 119.189.147.63
172.24.106.218 23464 55 [31/Jan/2012:16:08:05 +0800] "GET http://item.taobao.com/item.htm?spm=11027GoH.3-5HgyE.h-5fqWwe&id=7276848457&" 200 20146 "http://shop35563051.taobao.com/search.htm?spm=11027GoH.3-5HgyE.h-5fqWwe&search=y&viewType=grid&orderType=_hotsell&pageNum=58" "Mozilla/4.0 (compatible; MSIE 7.0; Windows NT 5.1; Trident/4.0; CNCDialer; QQDownload 691; .NET CLR 2.0.50727; .NET CLR 3.0.4506.2152; .NET CLR 3.5.30729; 360SE)" 125.41.30.67
60.15.83.193 60268 16064 [31/Jan/2012:16:08:05 +0800] "GET http://item.taobao.com/item.htm?id=13881555785&cm_cat=50019100&_u=v5r0mpid90f" 200 31483 "http://list.taobao.com/market/nvzhuang2011a.htm?spm=541.135318.161487.19&cat=50019100&isprepay=1&random=false&viewIndex=1&yp4p_page=0&commend=all&atype=b&style=grid&tofurewq=%28%B2%A8%CB%BE%B5%C7+OR+bosideng%29&ppath=21541:38487&olu=yes&isnew=&mSelect=false&smc=1" "Mozilla/4.0 (compatible; MSIE 6.0; Windows NT 5.1; SV1; 360SE)" -
172.24.106.211 22169 88 [31/Jan/2012:16:08:05 +0800] "GET http://item.taobao.com/item.htm?spm=1103TU*O.3-bRomP.h-5cyknU&id=13639477911&" 200 19041 "http://www.meilishuo.com/u/CTC3v?frm=out_link" "Mozilla/4.0 (compatible; MSIE 7.0; Windows NT 5.1; Trident/4.0; .NET CLR 2.0.50727; 360SE)" 222.67.18.227
172.24.106.212 27131 141 [31/Jan/2012:16:08:05 +0800] "GET http://item.taobao.com/item.htm?id=12462527435&cm_cat=50016853&_u=v8snkjc82ed" 200 24321 "http://list.taobao.com/market/nanxie2011a.htm?cat=50016853&viewIndex=1&yp4p_page=0&commend=all&atype=b&style=grid&s=42&q=%C2%E6%CD%D5%D0%AC%D7%D3+%C4%D0+%D5%FD%C6%B7&ppath=2231460%3A28345&isnew=2" "Mozilla/4.0 (compatible; MSIE 6.0; Windows NT 5.1; SV1; GTB6)" 1.81.162.140
172.24.106.216 30260 51 [31/Jan/2012:16:08:05 +0800] "GET http://item.taobao.com/item.htm?id=12867709751&spm=1001.1.181.0" 200 26416 "-" "Mozilla/4.0 (compatible; MSIE 6.0; Windows NT 5.1; SV1; 360SE)" 116.237.96.220
172.24.106.216 24027 85 [31/Jan/2012:16:08:05 +0800] "GET http://item.taobao.com/item.htm?spm=110H3lK.1-3PqNY.b-1Uf3Zc&id=1990056573" 200 22016 "http://store.taobao.com/shop/view_shop.htm?user_number_id=11285870" "Mozilla/4.0 (compatible; MSIE 8.0; Windows NT 5.1; Trident/4.0; SV1; .NET CLR 2.0.50727; 360SE)" 115.235.72.41
172.24.106.228 648 38 [31/Jan/2012:16:08:05 +0800] "GET http://172.24.24.186/status.taobao" 200 2 "-" "a10hm/1.0" -
172.24.106.213 31771 67 [31/Jan/2012:16:08:05 +0800] "GET http://item.taobao.com/item.htm?id=13616600199&cm_cat=16" 200 15545 "-" "Mozilla/4.0 (compatible; MSIE 7.0; Windows NT 5.1; Trident/4.0; QQDownload 687; GTB7.2; 360SE)" 123.128.205.115
172.24.106.217 29382 80 [31/Jan/2012:16:08:05 +0800] "GET http://item.taobao.com/item.htm?id=12623320519" 200 23438 "http://trade.taobao.com/trade/itemlist/list_bought_items.htm" "Mozilla/4.0 (compatible; MSIE 6.0; Windows NT 5.1; SV1; 360SE)" 180.175.175.98
61.153.79.14 10551 70 [31/Jan/2012:16:08:05 +0800] "GET http://item.tmall.com/cross/x_cross_iframe.htm?0.7933861109013713&method=heightReset&frameId=popupPanel&height=69px&width=450px" 200 1269 "http://favorite.taobao.com/popup/add_collection.htm?id=9181916735&itemtype=1&scjjc=1&_tb_token_=e773377ea3813&t=1327997278187&isTmall=1" "Mozilla/4.0 (compatible; MSIE 6.0; Windows NT 5.1; GTB6.6; SV1; 360SE)" -
172.24.106.211 16753 108 [31/Jan/2012:16:08:05 +0800] "GET http://item.taobao.com/item.htm?id=13814624706" 200 51443 "-" "Mozilla/4.0 (compatible; MSIE 7.0; Windows NT 5.1)" 112.86.144.94
172.24.106.218 24288 122 [31/Jan/2012:16:08:05 +0800] "GET http://item.taobao.com/item.htm?spm=11022KSn.1-1kLCi.3-3KtuHA&id=12989937061" 200 25310 "http://store.taobao.com/shop/view_shop.htm?shop_id=34270615" "Mozilla/4.0 (compatible; MSIE 7.0; Windows NT 5.1; Mozilla/4.0 (compatible; MSIE 6.0; Windows NT 5.1; SV1) ; .NET CLR 2.0.50727; 360SE)" 180.175.14.6
172.24.106.213 18261 99 [31/Jan/2012:16:08:06 +0800] "GET http://item.taobao.com/item.htm?id=7849998272" 200 44061 "-" "Mozilla/4.0 (compatible; MSIE 6.0; Windows NT 5.2; SV1; .NET CLR 1.1.4322)" 58.215.79.230
114.101.92.227 33339 119 [31/Jan/2012:16:08:06 +0800] "GET http://item.taobao.com/item.htm?id=13019797172&cm_cat=50029375" 200 22012 "http://list.taobao.com/market/nanzhuang2011a.htm?spm=553.123407.211146.2&promoted_service4=4&cat=50029375&sort=coefp&isprepay=1&user_type=0&msp=1&random=false&viewIndex=7&yp4p_page=0&commend=all&style=grid&ppath=20000:29519&isnew=&olu=yes&smc=1&mSelect=false" "Mozilla/4.0 (compatible; MSIE 7.0; Windows NT 5.1; Trident/4.0; .NET CLR 2.0.50727; .NET CLR 3.0.4506.2152; .NET CLR 3.5.30729; 360SE)" -
172.24.106.216 38246 124 [31/Jan/2012:16:08:06 +0800] "GET http://item.taobao.com/item.htm?id=7576196492&ad_id=&am_id=&cm_id=&pm_id=" 200 38376 "http://item.taobao.com/item.htm?id=3736039150&" "Mozilla/4.0 (compatible; MSIE 8.0; Windows NT 6.1; WOW64; Trident/4.0; SLCC2; .NET CLR 2.0.50727; .NET CLR 3.5.30729; .NET CLR 3.0.30729; eSobiSubscriber 2.0.4.16; MAAR)" 112.97.24.152
172.24.106.212 6415 98 [31/Jan/2012:16:08:06 +0800] "GET http://item.taobao.com/item.htm?id=3550359457" 302 20 "http://szshe.tmall.com/view_page-52183124.htm" "Mozilla/4.0 (compatible; MSIE 8.0; Windows NT 5.1; Trident/4.0)" 115.63.74.137
172.24.106.217 34630 74 [31/Jan/2012:16:08:06 +0800] "GET http://item.taobao.com/item.htm?id=13687828750" 200 28767 "-" "Mozilla/4.0 (compatible; MSIE 6.0; Windows NT 5.1; SV1)" 119.48.138.18
172.24.106.211 24914 135 [31/Jan/2012:16:08:06 +0800] "GET http://item.taobao.com/item.htm?id=13755943573" 200 17827 "-" "Mozilla/4.0 (compatible; MSIE 7.0; Windows NT 6.1; Trident/4.0; SLCC2; .NET CLR 2.0.50727; .NET CLR 3.5.30729; .NET CLR 3.0.30729; Media Center PC 6.0; InfoPath.2; SE 2.X)" 222.78.242.164
172.24.106.213 19933 117 [31/Jan/2012:16:08:06 +0800] "GET http://item.taobao.com/item.htm?id=14127295343&_u=vd0gfia1865" 200 22628 "http://s.taobao.com/search?q=%B0%CD%B1%A6%C0%F2%C5%AE%B0%FC&commend=all&ssid=s5-e&bcoffset=1&s=80" "Mozilla/4.0 (compatible; MSIE 6.0; Windows NT 5.1; SV1; QQDownload 570; TencentTraveler 4.0; .NET CLR 2.0.50727; .NET CLR 3.0.04506.30)" 60.211.253.170
172.24.106.211 10417 122 [31/Jan/2012:16:08:06 +0800] "GET http://item.taobao.com/item.htm?id=13926815692" 200 4089 "http://www.meilishuo.com/u/BNYYEG?frm=out_title" "Mozilla/4.0 (compatible; MSIE 8.0; Windows NT 6.1; Trident/4.0; SLCC2; .NET CLR 2.0.50727; .NET CLR 3.5.30729; .NET CLR 3.0.30729; Media Center PC 6.0; TheWorld)" 115.223.199.148
172.24.106.210 58382 106 [31/Jan/2012:16:08:06 +0800] "GET http://item.taobao.com/item.htm?spm=553.124754.197964.3&id=13853563727" 200 22597 "http://www.taobao.com/go/market/man/index1.php?TBG=151822.71436.8&spm=1.151822.71436.8&ad_id=&am_id=1300657099cad3de17f4&cm_id=14006571037a681535a4&pm_id=" "Mozilla/4.0 (compatible; MSIE 6.0; Windows NT 5.1; SV1)" 219.150.140.102
172.24.106.217 44409 157 [31/Jan/2012:16:08:06 +0800] "GET http://item.taobao.com/item.htm?id=13628606911&ad_id=&am_id=&cm_id=&pm_id=" 200 27491 "http://item.taobao.com/item.htm?spm=1102blXh.1-1D4Y3.3-4_T1Px&id=3735047217&" "Mozilla/4.0 (compatible; MSIE 8.0; Windows NT 6.1; Trident/4.0; @_yGclOQ%3gAO_zt{,NWco&c2<lCYUg43JA8-; SLCC2; .NET CLR 2.0.50727; .NET CLR 3.5.30729; .NET CLR 3.0.30729; Media Center PC 6.0)" 115.63.40.136
172.24.106.215 6211 117 [31/Jan/2012:16:08:06 +0800] "GET http://item.taobao.com/item.htm?id=14201988847&_u=slk2alsd226" 200 3542 "http://www.meilishuo.com/u/CGXk5j?frm=out_title" "Mozilla/4.0 (compatible; MSIE 6.0; Windows NT 5.1; SV1)" 119.115.76.119
172.24.106.218 33064 95 [31/Jan/2012:16:08:06 +0800] "GET http://item.taobao.com/item.htm?id=12463631143" 200 36351 "http://item.taobao.com/item.htm?id=12724991343" "Mozilla/4.0 (compatible; MSIE 6.0; Windows NT 5.1; SV1)" 113.7.111.197
117.84.221.225 32753 144 [31/Jan/2012:16:08:06 +0800] "GET http://item.taobao.com/item.htm?id=13516535465" 200 33215 "http://s.etao.com/search?from=rs_up&q=%C3%AB%CE%A7%B2%B1+%BA%FC%C0%EA%C3%AB" "Mozilla/4.0 (compatible; MSIE 6.0; Windows NT 5.1; SV1; GTB6.6; .NET CLR 2.0.50727)" -
172.24.106.213 21051 106 [31/Jan/2012:16:08:06 +0800] "GET http://item.taobao.com/item.htm?id=9001010025&ad_id=&am_id=&cm_id=&pm_id=" 200 22932 "-" "Mozilla/4.0 (compatible; MSIE 7.0; Windows NT 5.1)" 218.0.126.232
172.24.106.218 4381 64 [31/Jan/2012:16:08:06 +0800] "GET http://item.taobao.com/item.htm?id=10520056312" 302 - "-" "-" 112.126.32.91
172.24.106.217 30119 57 [31/Jan/2012:16:08:06 +0800] "GET http://item.taobao.com/item.htm?id=13938360433&cm_cat=50072766" 200 25439 "http://list.taobao.com/market/nvbao2011a.htm?cat=50072766&ratesum=6%2C7%2C8%2C9%2C10%2C11%2C12%2C13%2C14%2C15%2C16%2C17%2C18%2C19%2C20&isprepay=1&random=false&viewIndex=1&yp4p_page=2&commend=all&atype=b&s=126&style=grid&ppath=21878%3A44597%3B20692%3A44858&isnew=2&olu=yes&mSelect=false" "Mozilla/4.0 (compatible; MSIE 6.0; Windows NT 5.1; SV1; chromeframe/16.0.912.63; .NET CLR 2.0.50727; 360SE)" 114.219.140.49
172.24.106.211 32817 78 [31/Jan/2012:16:08:06 +0800] "GET http://item.taobao.com/item.htm?id=13506480010&cm_cat=50097177&_u=v1gd808916b" 200 26577 "http://list.taobao.com/market/peishi2011a.htm?TBG=151823.71436.18&spm=1.151823.71436.18&filterPriceFrom=20&filterPriceTo=500&filter=reserve_price%5B20%2C500%5D&promoted_service4=4&cat=50097177&sort=biz30day&isprepay=1&msp=1&ex_q=%CB%BF%BD%ED+%C5%FB%BC%E7+%C4%D0+hm&random=false&viewIndex=7&as=1&yp4p_page=0&commend=all&style=grid&s=0&q=%BA%AB%B0%E6+-%CB%BF%BD%ED+-%C5%FB%BC%E7+-%C4%D0+-hm&rr=1&path=50010404-50097177&olu=yes&mSelect=false&smc=1&user_type=0" "Mozilla/4.0 (compatible; MSIE 7.0; Windows NT 6.1; Trident/5.0; SLCC2; .NET CLR 2.0.50727; .NET CLR 3.5.30729; .NET CLR 3.0.30729; Media Center PC 6.0; 360SE)" 27.41.142.27
172.24.106.215 27578 105 [31/Jan/2012:16:08:06 +0800] "GET http://item.taobao.com/item.htm?id=15237088717" 200 18324 "http://upload.taobao.com/auction/publish/edit.htm?itemNumId=15237088717&auto=false" "Mozilla/4.0 (compatible; MSIE 7.0; Windows NT 6.1; Trident/5.0; SLCC2; .NET CLR 2.0.50727; .NET CLR 3.5.30729; .NET CLR 3.0.30729; MALN; .NET4.0C; 360SE)" 221.218.118.170
172.24.106.211 31922 123 [31/Jan/2012:16:08:06 +0800] "GET http://item.taobao.com/item.htm?spm=1103qvcj.3-388jq.h-27NYGm&id=12428089141&" 200 22221 "http://fangxuezhen.taobao.com/search.htm?spm=1103qvcj.3-388jq.h-27NYGm&search=y&viewType=grid&orderType=_hotsell&pageNum=11" "Mozilla/4.0 (compatible; MSIE 7.0; Windows NT 5.1; Trident/4.0; QQDownload 672; 360SE)" 112.248.104.160
123.169.44.19 37368 2910 [31/Jan/2012:16:08:06 +0800] "GET http://item.taobao.com/item.htm?spm=110-1f6y-2802H.5YK9-1xSmG.s-4*0h1Z&id=12873580431" 200 33785 "http://item.taobao.com/item.htm?id=13491019387&ali_refid=a3_420630_1006:1102277345:6:%D3%F0%C8%DE%B7%FE%C5%AE%B3%A4%BF%EE2011:c4d86ff1011b52374bd061ec8c93d66d&ali_trackid=1_c4d86ff1011b52374bd061ec8c93d66d" "Mozilla/4.0 (compatible; MSIE 7.0; Windows NT 5.1)" -
172.24.106.215 17687 93 [31/Jan/2012:16:08:06 +0800] "GET http://item.taobao.com/item.htm?id=13521510963" 200 17773 "http://search.taobao.com/search?q=%D3%E6%C5%C6+%D3%F0%C8%DE+%B7%FE&s=40" "Mozilla/5.0 (compatible; MSIE 9.0; Windows NT 6.1; Trident/5.0)" 58.221.212.222
172.24.106.218 22274 62 [31/Jan/2012:16:08:06 +0800] "GET http://item.taobao.com/item.htm?spm=1103ZrIe.1-ar2jR.3-4UPa*x&id=14847996695&" 200 18141 "http://guman.taobao.com/?spm=1103ZrIe.2-ar2jU.2-4xNqv5" "Mozilla/5.0 (Macintosh; Intel Mac OS X 10_7_2) AppleWebKit/534.52.7 (KHTML, like Gecko) Version/5.1.2 Safari/534.52.7" 114.88.3.6
172.24.106.217 31099 115 [31/Jan/2012:16:08:06 +0800] "GET http://item.taobao.com/item.htm?id=12947859406&ad_id=&am_id=&cm_id=&pm_id=" 200 25568 "http://cart.taobao.com/my_cart.htm?type=mytaobao&userid=%s&tracelog=newgwc" "Mozilla/4.0 (compatible; MSIE 6.0; Windows NT 5.1; SV1)" 60.216.13.74
172.24.106.215 33176 84 [31/Jan/2012:16:08:06 +0800] "GET http://item.taobao.com/item.htm?id=13695310299&ali_refid=a3_420435_1006:1103421279:6:%CA%D5%D2%F4%BB%FA:b3a1c2851b72b39196f503bd6b39c8d8&ali_trackid=1_b3a1c2851b72b39196f503bd6b39c8d8" 200 25003 "http://s.taobao.com/search?q=%CA%D5%D2%F4%BB%FA&keyword=&commend=all&ssid=s5-e&search_type=item&atype=&tracelog=&sourceId=tb.index" "Mozilla/4.0 (compatible; MSIE 6.0; Windows NT 5.1)" 60.214.115.100
218.90.9.51 29802 107 [31/Jan/2012:16:08:06 +0800] "GET http://item.taobao.com/item.htm?id=13350860422&ali_refid=a3_420841_1006:1102179468:6:htc+g13%CA%D6%BB%FA%B1%A3%BB%A4%CC%D7:bd84cfeea3ced21a08d98f34926c4ddd&ali_trackid=1_bd84cfeea3ced21a08d98f34926c4ddd" 200 30246 "http://re.taobao.com/search?catid=&catname=&keyword=htcg13%CA%D6%BB%FA%B1%A3%BB%A4%BF%C7&scat=&scatid=&propertyid=&property=&frcatid=150704&refpid=420435_1006&isinner=0" "Mozilla/4.0 (compatible; MSIE 8.0; Windows NT 6.1; Trident/4.0; SLCC2; .NET CLR 2.0.50727; .NET CLR 3.5.30729; .NET CLR 3.0.30729; InfoPath.2; .NET4.0C)" -
172.24.106.210 24679 53 [31/Jan/2012:16:08:06 +0800] "GET http://item.taobao.com/item.htm?spm=110-C2h-2a8TC.3A6z-1AFvN.s-4wUv5z&id=13595241534" 200 26562 "-" "Mozilla/4.0 (compatible; MSIE 6.0; Windows NT 5.1; SV1; .NET CLR 2.0.50727; .NET CLR 3.0.4506.2152; .NET CLR 3.5.30729)" 58.214.14.110
172.24.106.214 46884 97 [31/Jan/2012:16:08:06 +0800] "GET http://item.taobao.com/item.htm?id=13117536191&" 200 31742 "http://fcsj.taobao.com/" "Mozilla/4.0 (compatible; MSIE 7.0; Windows NT 5.1; Trident/4.0; .NET CLR 2.0.50727) QQBrowser/6.10.11509.201" 222.66.111.98
172.24.106.218 41300 73 [31/Jan/2012:16:08:06 +0800] "GET http://item.taobao.com/item.htm?id=12543249947&ali_trackid=3_7a42c0cebe774dffce353e1fc7766547" 200 24036 "http://s8.taobao.com/search?q=%C4%D8%B4%F3%D2%C2+%C5%AE+2011%D0%C2%BF%EE&pid=mm_28329068_2503331_9453203&unid=0&mode=86&from=rs&navlog=rs-5-q-%C4%D8%B4%F3%D2%C2+%C5%AE+2011%D0%C2%BF%EE&rels_k=64" "Mozilla/4.0 (compatible; MSIE 7.0; Windows NT 5.1; Trident/4.0; QQDownload 691; 360SE)" 117.95.26.254
172.24.106.212 23365 116 [31/Jan/2012:16:08:07 +0800] "GET http://item.taobao.com/item.htm?spm=11021wlS.3-_mmO.h-3HU6AS&id=13481896928&_u=v3c9ui54afb" 200 27164 "http://zxxx.taobao.com/search.htm?spm=11021wlS.3-_mmO.6-5gROQR&scid=397958124&scname=sKK2%2B7eovvzGtw%3D%3D&checkedRange=true&queryType=cat" "Mozilla/4.0 (compatible; MSIE 7.0; Windows NT 6.1; WOW64; Trident/4.0; SLCC2; .NET CLR 2.0.50727; .NET CLR 3.5.30729; .NET CLR 3.0.30729; Media Center PC 6.0; .NET4.0C) QQBrowser/6.10.11509.201" 175.151.60.137
124.73.28.208 31581 62 [31/Jan/2012:16:08:07 +0800] "GET http://item.taobao.com/item.htm?id=9519672691&cm_cat=27,50008164,2128,50065355,50066049,50066173,50065205,50065206,50065207,50066661,50074204,50097129,50097133&pm2=4" 200 34951 "http://list.taobao.com/market/jiaju.htm?cat=27%2C50008164%2C2128%2C50065355%2C50066049%2C50066173%2C50065205%2C50065206%2C50065207%2C50066661%2C50074204%2C50097129%2C50097133&sort=coefp&s=84&style=grid&q=%D4%B2%D0%CE%B5%D8%B5%E6&viewIndex=7&yp4p_page=1&commend=all" "Mozilla/4.0 (compatible; MSIE 7.0; Windows NT 5.1; Trident/4.0)" -
172.24.106.216 31068 49 [31/Jan/2012:16:08:07 +0800] "GET http://item.taobao.com/item.htm?id=15087580118&ad_id=&am_id=&cm_id=&pm_id=" 200 15628 "http://item.taobao.com/item.htm?id=15087524509" "Mozilla/4.0 (compatible; MSIE 6.0; Windows NT 5.1; SV1; 360SE)" 116.112.131.6
172.24.106.211 29209 92 [31/Jan/2012:16:08:07 +0800] "GET http://item.taobao.com/item.htm?id=7965040619&_u=v1mvbi94135" 200 13834 "http://s.taobao.com/search?q=deicy+%D0%C7&commend=all&ssid=s5-e&cat=16&from=category&navlog=allcat-1-c-16" "Mozilla/4.0 (compatible; MSIE 6.0; Windows NT 5.1; SV1; QQDownload 708; .NET CLR 2.0.50727; Maxthon/3.0)" 125.114.194.203
172.24.106.217 38554 60 [31/Jan/2012:16:08:07 +0800] "GET http://item.taobao.com/item.htm?spm=11020Uhe.3-1TW8k.h-N_3dY&id=2283147996&" 200 20542 "http://princessfaith.taobao.com/search.htm?spm=11020Uhe.3-1TW8k.h-N_3dY&search=y&scid=32565532&viewType=grid&orderType=_hotsell&pageNum=5" "Mozilla/4.0 (compatible; MSIE 6.0; Windows NT 5.1; SV1; .NET CLR 2.0.50727; 360SE)" 218.6.67.8
172.24.106.218 26645 92 [31/Jan/2012:16:08:07 +0800] "GET http://item.taobao.com/item.htm?spm=110-X_a-24xGl.4NFF-1nRd4.h-1uWJ4n&id=13191752723&_u=vk689lp9243" 200 27150 "http://maolaoda.taobao.com/search.htm?spm=110-X_a-24xGl.4NFF-1nRd4.h-1uWJ4n&search=y&scid=171705471&viewType=grid&orderType=_hotsell&pageNum=1" "Mozilla/4.0 (compatible; MSIE 6.0; Windows NT 5.1; SV1)" 222.82.32.142
172.24.106.214 29576 94 [31/Jan/2012:16:08:07 +0800] "GET http://item.taobao.com/item.htm?id=13396176158&spm=1100033831143.0000000122960886.000000284480246766.18" 200 26611 "-" "Mozilla/4.0 (compatible; MSIE 7.0; Windows NT 6.1; Trident/4.0; SLCC2; .NET CLR 2.0.50727; .NET CLR 3.5.30729; .NET CLR 3.0.30729; Media Center PC 6.0; InfoPath.2; SE 2.X)" 124.134.45.201
172.24.106.216 28707 99 [31/Jan/2012:16:08:07 +0800] "GET http://item.taobao.com/item.htm?spm=110-1dcV-24hoM.5Q*c-1uFQm.h-1SJ7dJ&id=15268204343&" 200 24183 "http://shop34674224.taobao.com/?spm=110-1dcV-24hoM.5Q*a-1uFQg.dgmB-aqF_3&search=y&scid=71968410" "Mozilla/5.0 (Windows NT 5.1) AppleWebKit/535.1 (KHTML, like Gecko) Chrome/14.0.802.30 Safari/535.1 SE 2.X MetaSr 1.0" 125.33.51.43
220.191.222.3 27598 88 [31/Jan/2012:16:08:07 +0800] "GET http://item.taobao.com/item.htm?id=8282875740&ad_id=&am_id=&cm_id=&pm_id=" 200 19951 "http://item.taobao.com/item.htm?id=14281192703" "Mozilla/4.0 (compatible; MSIE 8.0; Windows NT 6.1; WOW64; Trident/4.0; SLCC2; .NET CLR 2.0.50727; .NET CLR 3.5.30729; .NET CLR 3.0.30729; .NET4.0C; CIBA)" -
172.24.106.218 29026 58 [31/Jan/2012:16:08:07 +0800] "GET http://item.taobao.com/item.htm?id=14064675991" 200 18341 "http://buy.taobao.com/auction/fastbuy/fast_buy.htm" "Mozilla/4.0 (compatible; MSIE 8.0; Windows NT 5.1; SLCC1; .NET CLR 2.0.50727; .NET CLR 3.5.30729; .NET CLR 3.0.30729)" 58.211.197.21
172.24.106.211 22572 108 [31/Jan/2012:16:08:07 +0800] "GET http://item.taobao.com/item.htm?id=7501529806&ali_refid=a3_419435_1007:1102214987:7::2286bada992e9ab49a8a2df461888d77&ali_trackid=1_2286bada992e9ab49a8a2df461888d77" 200 20767 "http://favorite.taobao.com/collect_list.htm?itemtype=1&nuid=350413316&pagesize=20" "Mozilla/4.0 (compatible; MSIE 7.0; Windows NT 5.1; Trident/4.0; .NET CLR 1.1.4322; msn OptimizedIE8;ZHCN)" 111.166.164.169
172.24.106.212 22450 78 [31/Jan/2012:16:08:07 +0800] "GET http://item.taobao.com/item.htm?id=10564075397" 200 26016 "http://s.taobao.com/search?q=iphone4+8g&atype=b&filterFineness=2&source=suggest&bcoffset=1&suggest=0_7&s=120" "Mozilla/4.0 (compatible; MSIE 6.0; Windows NT 5.1; SV1; 360SE)" 115.214.116.183
172.24.106.211 19412 88 [31/Jan/2012:16:08:07 +0800] "GET http://item.taobao.com/item.htm?id=9707830952" 200 24949 "http://s.taobao.com/search?q=%BB%D2%D6%B8%BC%D7%EF%B1%B5%B6&bcoffset=2&sort=sale-desc" "Mozilla/4.0 (compatible; MSIE 7.0; Windows NT 6.1; Trident/5.0; SLCC2; .NET CLR 2.0.50727; .NET CLR 3.5.30729; .NET CLR 3.0.30729; Media Center PC 6.0; .NET4.0C; BOIE9;ZHCN)" 114.226.58.19
172.24.106.212 26784 88 [31/Jan/2012:16:08:07 +0800] "GET http://item.taobao.com/item.htm?id=8405371300&cm_cat=1512" 200 32654 "http://list.taobao.com/market/shuma.htm?atype=b&cat=1512&sort=coefp&s=84&style=list&random=false&viewIndex=7&isnew=2&yp4p_page=1&commend=all" "Mozilla/4.0 (compatible; MSIE 6.0; Windows NT 5.1; SV1; .NET CLR 1.1.4322; .NET CLR 2.0.50727; .NET CLR 3.0.4506.2152; .NET CLR 3.5.30729; 360SE)" 59.59.101.88
220.191.254.194 3888 89 [31/Jan/2012:16:08:07 +0800] "GET http://item.tmall.com/cross/x_cross_iframe.htm?0.8718248985561883&method=heightReset&frameId=popupPanel&height=136px&width=450px" 200 1269 "http://favorite.taobao.com/popup/add_collection.htm?id=12612527230&itemtype=1&scjjc=1&_tb_token_=e5187657e9bb7&t=1327997122812&isTmall=1" "Mozilla/4.0 (compatible; MSIE 6.0; Windows NT 5.1; SV1)" -
172.24.106.218 28981 101 [31/Jan/2012:16:08:07 +0800] "GET http://item.taobao.com/item.htm?id=3384939291" 200 29419 "http://s.taobao.com/search?q=%D4%BF%B3%D7%BF%DB%D7%EA&commend=all&ssid=s5-e&bcoffset=1&s=40" "Mozilla/4.0 (compatible; MSIE 8.0; Windows NT 5.1; Trident/4.0; .NET CLR 2.0.50727; .NET CLR 3.0.4506.2152; .NET CLR 3.5.30729)" 58.215.205.20
172.24.106.211 23040 120 [31/Jan/2012:16:08:07 +0800] "GET http://item.taobao.com/item.htm?id=12601221523" 200 23889 "-" "Mozilla/4.0 (compatible; MSIE 7.0; Windows NT 6.1; Trident/4.0; SLCC2; .NET CLR 2.0.50727; .NET CLR 3.5.30729; .NET CLR 3.0.30729; Media Center PC 6.0; InfoPath.2; SE 2.X)" 123.138.79.197
172.24.106.210 27829 48 [31/Jan/2012:16:08:07 +0800] "GET http://item.taobao.com/item.htm?spm=1103zyWo.4-2AgXb.3-56Mm0g&id=13153086471" 200 23328 "-" "Mozilla/4.0 (compatible; MSIE 7.0; Windows NT 5.1; Trident/4.0; 360SE)" 114.223.222.87
172.24.106.216 45457 107 [31/Jan/2012:16:08:07 +0800] "GET http://item.taobao.com/item.htm?id=12499926167" 200 33326 "http://s.taobao.com/search?q=%C0%D6phone%CA%D6%BB%FA%BF%C7&atype=b&filterFineness=2&bcoffset=2&s=160" "Mozilla/4.0 (compatible; MSIE 8.0; Windows NT 5.1; Trident/4.0; QQDownload 687)" 110.6.207.162
172.24.106.211 20751 110 [31/Jan/2012:16:08:08 +0800] "GET http://item.taobao.com/item.htm?id=9323368774" 200 19002 "http://trade.taobao.com/trade/itemlist/list_bought_items.htm" "Mozilla/4.0 (compatible; MSIE 8.0; Windows NT 5.1; Trident/4.0; GTB7.1; .NET CLR 2.0.50727; .NET CLR 3.0.04506.30)" 119.179.75.211
124.164.240.99 29840 111 [31/Jan/2012:16:08:08 +0800] "GET http://item.taobao.com/item.htm?spm=110-1jtG-YqX.6fbl-3REwt.h-1rKP5R&id=13533546848&" 200 26130 "http://shop247483.taobao.com/" "Mozilla/4.0 (compatible; MSIE 7.0; Windows NT 5.1; Trident/4.0; .NET CLR 2.0.50727; 360SE)" -
172.24.106.217 35080 92 [31/Jan/2012:16:08:08 +0800] "GET http://item.taobao.com/item.htm?id=8810178104" 200 27317 "http://search.taobao.com/search?spm=843.119635.157087.191&q=bf+%C2%AB%DC%F6%BA%A3%D4%E5%BD%BA+500&ex_q=&filterFineness=2&atype=b&fs=1&promoted_service2=2&cat=50011981&style=grid&source=suggest&bcoffset=1&suggest=0_5" "Mozilla/4.0 (compatible; MSIE 8.0; Windows NT 5.1; Trident/4.0; .NET CLR 2.0.50727; .NET CLR 3.0.4506.2152; .NET CLR 3.5.30729)" 222.90.72.87
172.24.106.218 35129 117 [31/Jan/2012:16:08:08 +0800] "GET http://item.taobao.com/item.htm?spm=11022kVL.1-aBSWx.4-4CUkFs&id=7875101919" 200 17677 "http://store.taobao.com/?shop_id=34164335" "Mozilla/5.0 (Windows NT 6.1; WOW64) AppleWebKit/535.7 (KHTML, like Gecko) Chrome/16.0.912.77 Safari/535.7" 60.180.43.73
172.24.106.218 35961 95 [31/Jan/2012:16:08:08 +0800] "GET http://item.taobao.com/item.htm?id=13782775518&_u=v42t1m7b256" 200 34519 "http://s.taobao.com/search?q=%C0%D9%CB%BF%B1%DF%B4%F2%B5%D7%C9%C0&commend=all&tab=coefp&source=suggest&ssid=s5-e-p1&bcoffset=1&suggest=0_5&s=120" "Mozilla/4.0 (compatible; MSIE 6.0; Windows NT 5.1; GTB6.6; SV1; .NET CLR 2.0.50727)" 221.231.124.70
172.24.106.214 4820 79 [31/Jan/2012:16:08:08 +0800] "GET http://item.taobao.com/item.htm?id=13341816292" 302 - "-" "-" 112.126.32.91
113.232.149.247 38255 6144 [31/Jan/2012:16:08:08 +0800] "GET http://item.taobao.com/item.htm?id=13570653653" 200 22868 "http://trade.taobao.com/trade/detail/tradeSnap.htm?tradeID=135767805940696" "Mozilla/5.0 (Windows NT 6.1; WOW64) AppleWebKit/535.1 (KHTML, like Gecko) Chrome/13.0.782.215 Safari/535.1" -
172.24.106.212 37361 60 [31/Jan/2012:16:08:08 +0800] "GET http://item.taobao.com/item.htm?id=13567032519" 200 15617 "http://dcrdiy.taobao.com/?catId=400056441&queryType=cat&categoryName=zd7N3teo08PWp7zc&encodeCategoriesName=y&search=y" "Mozilla/4.0 (compatible; MSIE 6.0; Windows NT 5.1)" 123.53.36.242
172.24.106.216 21169 74 [31/Jan/2012:16:08:08 +0800] "GET http://item.taobao.com/item.htm?id=12645966383&ali_refid=a3_420435_1006:1103866764:6:%B5%E7%D7%D3:cd1cc4d0763ff6d6b68222306c6f1360&ali_trackid=1_cd1cc4d0763ff6d6b68222306c6f1360" 200 18688 "http://s.taobao.com/search?q=%B5%E7%D7%D3%D4%AA%BC%FE&atype=b&filterFineness=2&bcoffset=1&s=40" "Mozilla/4.0 (compatible; MSIE 7.0; Windows NT 6.1; Trident/4.0; SLCC2; .NET CLR 2.0.50727; .NET CLR 3.5.30729; .NET CLR 3.0.30729; InfoPath.2; .NET4.0C; MALC; 360SE)" 119.53.35.214
172.24.106.214 304281 104 [31/Jan/2012:16:08:08 +0800] "GET http://item.taobao.com/item.htm?spm=110-MyZ-27VmO.48ZZ-1Or*b.h-UWKAU&id=5894031726&" 200 30042 "-" "Mozilla/4.0 (compatible; MSIE 8.0; Windows NT 5.1; Trident/4.0; 360SE)" 123.96.186.74
172.24.106.229 885 83 [31/Jan/2012:16:08:08 +0800] "GET http://172.24.24.186/status.taobao" 200 2 "-" "a10hm/1.0" -
121.18.126.132 29170 147 [31/Jan/2012:16:08:08 +0800] "GET http://item.taobao.com/item.htm?id=13904703442&_u=vk5ej64aca" 200 23663 "http://s.taobao.com/search?q=%B1%A6%B1%A6%D3%BE%D2%C2&cat=50038151&commend=all&style=grid&loc=%B1%B1%BE%A9&ssid=s5-e&bcoffset=1&bcoffset=1&ppath=5285714:52624325;24477:20533&cps=yes&from=compass&navlog=compass-11-p-5285714:52624325;24477:20533" "Mozilla/4.0 (compatible; MSIE 7.0; Windows NT 6.1; Trident/5.0; SLCC2; .NET CLR 2.0.50727; .NET CLR 3.5.30729; .NET CLR 3.0.30729; Media Center PC 6.0; InfoPath.3; .NET4.0C; 360SE)" -
172.24.106.211 34576 58 [31/Jan/2012:16:08:08 +0800] "GET http://item.taobao.com/item.htm?spm=1103WPqu.3-9_0PJ.h-4kphV8&id=12401449237&_u=vkk5k2411c" 200 17923 "http://moonsee.taobao.com/search.htm?spm=1103WPqu.2-9_0PI.6-4kreWv&scid=402148739&scname=uri907io1vqyxMHP&checkedRange=true&queryType=cat" "Mozilla/4.0 (compatible; MSIE 8.0; Windows NT 5.1; Trident/4.0; .NET CLR 3.0.4506.2152; .NET CLR 3.5.30729; .NET CLR 2.0.50727; .NET4.0C; .NET4.0E; SE 2.X MetaSr 1.0)" 202.110.105.127
172.24.106.214 41522 59 [31/Jan/2012:16:08:08 +0800] "GET http://item.taobao.com/item.htm?spm=11046HAD.1-bAF01.3-54WbTG&id=14639128832&" 200 31850 "http://beibi5201314.taobao.com/?spm=11046HAD.3-bAF05.2-54WbTa" "Mozilla/4.0 (compatible; MSIE 7.0; Windows NT 5.1; GTB6.5; .NET CLR 2.0.50727; .NET CLR 3.0.4506.2152; .NET CLR 3.5.30729)" 112.92.251.24
172.24.106.217 23694 93 [31/Jan/2012:16:08:08 +0800] "GET http://item.taobao.com/item.htm?id=946670515" 200 18357 "http://s.taobao.com/search?q=%C2%D6%BB%AC%D0%AC&keyword=&commend=all&ssid=s5-e-p1&search_type=item&atype=&tracelog=&sourceId=tb.index&suggest=0_2&source=suggest&wq=%C2%D6%BB%AC" "Mozilla/4.0 (compatible; MSIE 6.0; Windows NT 5.1; SV1; GTB7.2; .NET CLR 1.1.4322)" 124.131.217.198
172.24.106.215 35292 52 [31/Jan/2012:16:08:08 +0800] "GET http://item.taobao.com/item.htm?id=12497707434" 200 24945 "http://item.taobao.com/item.htm?id=12445387805" "Mozilla/4.0 (compatible; MSIE 8.0; Windows NT 5.1; Trident/4.0; .NET CLR 2.0.50727; .NET CLR 3.0.4506.2152; .NET CLR 3.5.30729; BRI/2)" 123.122.111.194
172.24.106.217 4737 120 [31/Jan/2012:16:08:08 +0800] "GET http://item.taobao.com/item.htm?id=12568259209&ad_id=&am_id=&cm_id=&pm_id=" 302 20 "http://127.0.0.1:2423/auth/EE54FD0B8EBA4A3C93D5BB7E5CE56A36" "Mozilla/4.0 (compatible; MSIE 8.0; Windows NT 5.1; Trident/4.0; QQDownload 708; 360SE)" 113.133.76.130
172.24.106.216 27994 117 [31/Jan/2012:16:08:08 +0800] "GET http://item.taobao.com/item.htm?id=13364430224&ali_refid=a3_420434_1006:1102899891:6:vx610w%BA%C0%BB%AA%B0%E6%C6%A4%CC%D7:8a3f65bb3328497d5075dc525d186196&ali_trackid=1_8a3f65bb3328497d5075dc525d186196" 200 22521 "http://search.taobao.com/search?q=%B0%BA%B4%EFvx610w%BA%C0%BB%AA%B0%E6+%CC%D7" "Mozilla/4.0 (compatible; MSIE 7.0; Windows NT 5.1; Trident/4.0; 360SE)" 116.228.44.2
172.24.106.211 28547 99 [31/Jan/2012:16:08:08 +0800] "GET http://item.taobao.com/item.htm?id=13841588896&_u=vpqiv82221" 200 24886 "http://s.taobao.com/search?q=%EB%A6%C7%F2+%B1%C8%C8%FC%D7%A8%D3%C3&commend=all&source=suggest&ssid=s5-e-p1&bcoffset=1&suggest=0_6&s=0" "Mozilla/5.0 (compatible; MSIE 9.0; Windows NT 6.0; Trident/5.0)" 60.214.67.2
172.24.106.216 31577 91 [31/Jan/2012:16:08:08 +0800] "GET http://item.taobao.com/item.htm?id=13619659691&cm_cat=1623" 200 18404 "http://list.taobao.com/market/nvzhuang2011a.htm?cat=1623&isprepay=1&random=false&viewIndex=1&yp4p_page=0&commend=all&atype=b&style=grid&s=42&ppath=20511%3A28346%3B20511%3A28352%3B34321%3A130314%3B34321%3A130318&isnew=2&olu=yes&mSelect=true" "Mozilla/4.0 (compatible; MSIE 8.0; Windows NT 5.1; Trident/4.0)" 121.30.106.60
172.24.106.213 41793 179 [31/Jan/2012:16:08:08 +0800] "GET http://item.taobao.com/item.htm?id=9607261519&_u=v1ffb9g2635" 200 24893 "http://search.taobao.com/search?q=%B5%E7%C6%BF%B3%B5&commend=all&ssid=s5-e&bcoffset=1&ppath=8158796:78037630&cps=yes&from=compass&navlog=compass-4-p-8158796:78037630" "Mozilla/4.0 (compatible; MSIE 6.0; Windows NT 5.1; SV1; InfoPath.2; .NET CLR 2.0.50727; 360SE)" 117.86.205.115
172.24.106.211 42307 98 [31/Jan/2012:16:08:08 +0800] "GET http://item.taobao.com/item.htm?id=13174005347" 200 34248 "http://s.taobao.com/search?q=%B7%EF%CF%E8%B8%E8+%C6%EC%C5%DB+%B6%AC&keyword=&commend=all&ssid=s5-e-p1&search_type=item&atype=&tracelog=&sourceId=tb.index&suggest=0_5&source=suggest&wq=%B7%EF%CF%E8%B8%E8" "Mozilla/4.0 (compatible; MSIE 6.0; Windows NT 5.1; SV1)" 119.181.225.246
180.168.215.18 27570 101 [31/Jan/2012:16:08:08 +0800] "GET http://item.taobao.com/item.htm?id=12559932230" 200 36596 "http://127.0.0.1:1319/auth/1B853934B9664B8295BEC4B754BA5516" "Mozilla/4.0 (compatible; MSIE 6.0; Windows NT 5.1; @**684c=0>cKT~l~aKq08+|XvPMO|Z=r>=xaN; SV1; 360SE)" -
172.24.106.211 36387 101 [31/Jan/2012:16:08:08 +0800] "GET http://item.taobao.com/item.htm?id=8685967869&_u=v1p3o2qad05" 200 27683 "http://s.taobao.com/search?q=%CA%B5%C4%BE+%B9%D2%D6%D3&filter=reserve_price%5B70%2C200%5D&bcoffset=2&s=400" "Mozilla/5.0 (Windows NT 5.1) AppleWebKit/535.7 (KHTML, like Gecko) Chrome/16.0.912.75 Safari/535.7 360EE" 220.181.151.22
172.24.106.217 19897 116 [31/Jan/2012:16:08:09 +0800] "GET http://item.taobao.com/item.htm?id=13673333425" 200 17974 "http://s.taobao.com/search?q=%C6%F3%D2%B5qq&commend=all&source=suggest&ssid=s5-e-p1&suggest=0_1&sort=sale-desc" "Mozilla/4.0 (compatible; MSIE 7.0; Windows NT 5.1; .NET CLR 2.0.50727; .NET CLR 3.0.4506.2152; .NET CLR 3.5.30729; .NET4.0C; .NET4.0E)" 123.234.168.42
172.24.106.214 38572 52 [31/Jan/2012:16:08:09 +0800] "GET http://item.taobao.com/item.htm?id=9745203203&_u=vm11nr15d92" 200 22729 "http://s.taobao.com/search?q=%BA%A3%C4%FE%C6%A4%B8%EF%B3%C7+%C6%A4%B0%FC&source=suggest&suggest=0_9&s=160" "Mozilla/4.0 (compatible; MSIE 7.0; Windows NT 5.1; Trident/4.0) QQBrowser/6.10.11509.201" 221.15.201.167
172.24.106.213 55291 92 [31/Jan/2012:16:08:09 +0800] "GET http://item.taobao.com/item.htm?id=2126368457&cm_cat=50010850&_u=vfuep47e6e5" 200 44882 "http://list.taobao.com/market/nvzhuang2011a.htm?cat=50010850&sort=coefp&isprepay=1&msp=1&random=false&viewIndex=7&yp4p_page=0&commend=all&s=42&style=grid&dtsp=1&ppath=20511%3A28386%3B34301%3A29444&olu=yes&mSelect=false&smc=1" "Mozilla/4.0 (compatible; MSIE 7.0; Windows NT 6.1; Trident/5.0; SLCC2; .NET CLR 2.0.50727; .NET CLR 3.5.30729; .NET CLR 3.0.30729; Media Center PC 6.0; .NET4.0C; Tablet PC 2.0; .NET4.0E)" 218.71.152.187
172.24.106.217 51196 87 [31/Jan/2012:16:08:09 +0800] "GET http://item.taobao.com/item.htm?id=10831371392" 200 21324 "http://s.taobao.com/search?q=%B0%CB%B1%A6%B7%B9&tab=coefp" "Mozilla/5.0 (compatible; MSIE 9.0; Windows NT 6.1; WOW64; Trident/5.0)" 114.96.8.214
123.126.50.66 71665 93 [31/Jan/2012:16:08:09 +0800] "GET http://item.taobao.com/item.htm?id=10546071972&cm_cat=50033446" 200 18738 "-" "Sogou web spider/4.0(+http://www.sogou.com/docs/help/webmasters.htm#07)" -
172.24.106.211 28135 84 [31/Jan/2012:16:08:09 +0800] "GET http://item.taobao.com/item.htm?id=10543940878" 200 24143 "http://s.taobao.com/search?q=%BA%EC%CD%E2%CF%DF%C9%E3%CF%F1%CD%B7&keyword=&commend=all&ssid=s5-e-p1&search_type=item&atype=&tracelog=&sourceId=tb.index&suggest=0_1&source=suggest&wq=%BA%EC%CD%E2%CF%DF" "Mozilla/4.0 (compatible; MSIE 6.0; Windows NT 5.1; SV1)" 60.182.167.85
172.24.106.210 39950 75 [31/Jan/2012:16:08:09 +0800] "GET http://item.taobao.com/item.htm?id=7352864166" 200 26365 "-" "Sogou web spider/4.0(+http://www.sogou.com/docs/help/webmasters.htm#07)" 123.126.50.79
172.24.106.210 4908 117 [31/Jan/2012:16:08:09 +0800] "GET http://item.taobao.com/item.htm?spm=110-YAt-3LuIP.4Qbl-34*3Q.3-54dMXO&id=14354840300" 302 20 "http://detail.tmall.com/item.htm?id=14354840300&is_b=1&spm=1008.1000032.1000012.40" "Mozilla/4.0 (compatible; MSIE 7.0; Windows NT 5.1; MRSPUTNIK 2, 1, 0, 4 HW; MRA 5.5 (build 02828); .NET CLR 2.0.50727)" 123.151.190.110
172.24.106.216 4233 50 [31/Jan/2012:16:08:09 +0800] "GET http://item.tmall.com/item.htm?id=14443488155" 302 - "-" "Mozilla/4.0 (compatible; Win32; WinHttp.WinHttpRequest.5)" 222.169.224.24
1.57.205.126 27114 48 [31/Jan/2012:16:08:09 +0800] "GET http://item.taobao.com/item.htm?id=1783973182" 200 28521 "-" "Mozilla/4.0 (compatible; MSIE 6.0; Windows NT 5.1; SV1; 360SE)" -
172.24.106.214 3575 51 [31/Jan/2012:16:08:09 +0800] "GET http://item.taobao.com/item.htm?id=13341816292" 302 - "-" "-" 112.126.32.91
172.24.106.210 35460 42 [31/Jan/2012:16:08:09 +0800] "GET http://item.tmall.com/meal_detail.htm?spm=3.186372.219670.14&meal_id=5760041" 200 11662 "http://www.tmall.com/go/act/tmall/cymbqzb.php?TBG=40904.154734.1&spm=1.40904.154734.1&ad_id=&am_id=&cm_id=&pm_id=" "Mozilla/4.0 (compatible; MSIE 6.0; Windows NT 5.1; SV1; .NET CLR 2.0.50727; Media Center PC 6.0; Microsoft Windows Media Center PC 6.0)" 218.22.101.10
124.74.157.234 4581 101 [31/Jan/2012:16:08:09 +0800] "GET http://item.taobao.com/item.htm?id=6088084478&on_comment=1&wwlight=cntaobao%E8%89%AF%E5%85%B4%E7%B4%AB%E7%92%87%E4%B8%93%E5%8D%96%E5%BA%97-%7B6088084478%7D" 302 20 "-" "Mozilla/4.0 (compatible; MSIE 7.0; Windows NT 6.1; Trident/4.0; SLCC2; .NET CLR 2.0.50727; .NET CLR 3.5.30729; .NET CLR 3.0.30729; Media Center PC 6.0; InfoPath.2; SE 2.X)" -
172.24.106.216 31032 95 [31/Jan/2012:16:08:09 +0800] "GET http://item.taobao.com/item.htm?spm=1101_JHq.3-1c2CQ.h-4JKiw3&id=9461117826&_u=vksqghg9f24" 200 28474 "http://zifenglin.taobao.com/search.htm?spm=1101_JHq.3-1c2CQ.h-4JKiw3&search=y&scid=439767926&viewType=grid&orderType=_hotsell&pageNum=2" "Mozilla/4.0 (compatible; MSIE 7.0; Windows NT 6.1; Trident/4.0; SLCC2; .NET CLR 2.0.50727; .NET CLR 3.5.30729; .NET CLR 3.0.30729; 360SE)" 202.102.141.227
172.24.106.210 177 120 [31/Jan/2012:16:08:09 +0800] "GET http://item.taobao.com/" 302 220 "-" "Mozilla/4.0 (compatible; MSIE 5.00; Windows 98)" 61.52.156.144
172.24.106.210 21705 51 [31/Jan/2012:16:08:09 +0800] "GET http://item.taobao.com/item.htm?id=12546339915&cm_cat=1629" 200 25457 "http://list.taobao.com/market/nvzhuang2011a.htm?spm=541.70932.161413.6&q=%B7%E7%D2%C2&ex_q=&isprepay=1&olu=yes&pidvid=20666%3A29938%3B20666%3A29458&cat=1629&sort=commend&qpbcatidp=50008900%2C50011165%2C50010531%2C50010540%2C50013194%2C50010548%2C50011277%2C50008901%2C50000852%2C50008898%2C50011720%2C1629&random=false&viewIndex=1&yp4p_page=0&commend=all&atype=b&style=grid&s=0&q=%C3%DE%D2%C2&path=16-1629&rr=1&tofurewq=%28%C3%DE%D2%C2+OR+%C3%DE%B7%FE%29&ppath=20666%3A29938%3B20666%3A29458&isnew=2&smc=1&mSelect=true&smc=1&rr=1&user_type=0" "Mozilla/4.0 (compatible; MSIE 6.0; Windows NT 5.1; SV1)" 183.187.59.152
172.24.106.216 10796 94 [31/Jan/2012:16:08:09 +0800] "GET http://item.taobao.com/item.htm?id=10395575953" 200 5629 "http://item.taobao.com/item.htm?id=9856037045" "Mozilla/5.0 (Windows NT 5.1) AppleWebKit/535.1 (KHTML, like Gecko) Chrome/14.0.802.30 Safari/535.1 SE 2.X MetaSr 1.0" 221.0.112.66
172.24.106.218 51591 81 [31/Jan/2012:16:08:09 +0800] "GET http://item.taobao.com/item.htm?id=13171816117" 200 19870 "-" "Mozilla/4.0 (compatible; MSIE 7.0; Windows NT 6.1; Trident/4.0; SLCC2; .NET CLR 2.0.50727; .NET CLR 3.5.30729; .NET CLR 3.0.30729; Media Center PC 6.0; InfoPath.2; SE 2.X)" 61.136.78.130
27.194.189.177 59051 106 [31/Jan/2012:16:08:09 +0800] "GET http://item.taobao.com/item.htm?id=15042616266&spm=1021.1.15.27" 200 27724 "http://list.taobao.com/market/sport2011a.htm?cat=50029216&sort=coefp&isprepay=1&user_type=0&lstyle=imgw&random=false&viewIndex=7&yp4p_page=0&commend=all&style=grid&isnew=&olu=yes&smc=1http%3A%2F%2Flist.taobao.com%2Fmarket%2Fsportculture.htm%3FTBG%3D145426.178420.8&ppath=;1626553:3224767;20000:20588&spm=1021.1.12.2" "Mozilla/4.0 (compatible; MSIE 7.0; Windows NT 5.1; Trident/4.0; SV1; InfoPath.2; .NET CLR 1.1.4322; .NET CLR 2.0.50727; 360SE)" -
172.24.106.212 2141 91 [31/Jan/2012:16:08:09 +0800] "GET http://item.taobao.com/item.htm" 204 2 "http://www.baidu.com/" "Mozilla/4.0 (compatible; MSIE 7.0; Windows NT 5.1; Mozilla/4.0 (compatible; MSIE 6.0; Windows NT 5.1; SV1) ; InfoPath.1; .NET CLR 2.0.50727)" 119.188.4.5
172.24.106.211 15171 83 [31/Jan/2012:16:08:09 +0800] "GET http://item.taobao.com/item.htm?id=5623436721" 200 62221 "-" "Xigou" 123.97.138.10
172.24.106.210 21126 85 [31/Jan/2012:16:08:09 +0800] "GET http://item.taobao.com/pass.htm?target=http%3A%2F%2Fitem.tmall.com%2Fitem.htm%3Fspm%3D110-woa-45bxb.4h4c-8jr55.9bzh-4fcdmw%26id%3D13030467628%26" 302 20 "-" "Mozilla/4.0 (compatible; MSIE 7.0; Windows NT 6.1; Trident/4.0; SLCC2; .NET CLR 2.0.50727; .NET CLR 3.5.30729; .NET CLR 3.0.30729; Media Center PC 6.0; InfoPath.2; SE 2.X)" 123.173.133.190
172.24.106.210 11984 71 [31/Jan/2012:16:08:09 +0800] "GET http://item.taobao.com/chongzhi/phone_list.do?callback=jsonp1327997296500" 204 2 "http://item.taobao.com/item.htm?id=15218808664&cm_cat=1512" "Mozilla/4.0 (compatible; MSIE 6.0; Windows NT 5.1; SV1)" 124.235.43.40
172.24.106.214 54179 92 [31/Jan/2012:16:08:09 +0800] "GET http://item.taobao.com/item.htm?id=13254714204" 200 21981 "-" "Mozilla/4.0 (compatible; MSIE 7.0; Windows NT 6.1; Trident/4.0; SLCC2; .NET CLR 2.0.50727; .NET CLR 3.5.30729; .NET CLR 3.0.30729; Media Center PC 6.0; InfoPath.2; SE 2.X)" 119.166.126.138
172.24.106.214 163 - [31/Jan/2012:16:08:09 +0800] "GET http://item.taobao.com/c483727e14d496713472bb9f2d82a199" 302 220 "http://item.taobao.com/item.htm?id=13466409943" "Mozilla/4.0 (compatible; MSIE 6.0; Windows NT 5.1; SV1; .NET CLR 2.0.50727)" 123.235.11.78
